<!doctype html public "-//w3c//dtd html 4.0 transitional//en">
<html><head>
<title>Static Call Graph - [.\Objects\Project.axf]</title></head>
<body><HR>
<H1>Static Call Graph for image .\Objects\Project.axf</H1><HR>
<BR><P>#&#060CALLGRAPH&#062# ARM Linker, 5060960: Last Updated: Tue Apr 14 23:12:06 2026
<BR><P>
<H3>Maximum Stack Usage =        200 bytes + Unknown(Cycles, Untraceable Function Pointers)</H3><H3>
Call chain for Maximum Stack Depth:</H3>
main &rArr; Turntable_321_2 &rArr; Turntable_3_2 &rArr; Move_Turn_Z &rArr; __aeabi_dmul &rArr; _double_epilogue &rArr; _double_round
<P>
<H3>
Mutually Recursive functions
</H3> <LI><a href="#[1c]">ADC_IRQHandler</a>&nbsp;&nbsp;&nbsp;&rArr;&nbsp;&nbsp;&nbsp;<a href="#[1c]">ADC_IRQHandler</a><BR>
</UL>
<P>
<H3>
Function Pointers
</H3><UL>
 <LI><a href="#[1c]">ADC_IRQHandler</a> from startup_stm32f40_41xxx.o(.text) referenced from startup_stm32f40_41xxx.o(RESET)
 <LI><a href="#[4]">BusFault_Handler</a> from stm32f4xx_it.o(.text) referenced from startup_stm32f40_41xxx.o(RESET)
 <LI><a href="#[1e]">CAN1_RX0_IRQHandler</a> from startup_stm32f40_41xxx.o(.text) referenced from startup_stm32f40_41xxx.o(RESET)
 <LI><a href="#[1f]">CAN1_RX1_IRQHandler</a> from startup_stm32f40_41xxx.o(.text) referenced from startup_stm32f40_41xxx.o(RESET)
 <LI><a href="#[20]">CAN1_SCE_IRQHandler</a> from startup_stm32f40_41xxx.o(.text) referenced from startup_stm32f40_41xxx.o(RESET)
 <LI><a href="#[1d]">CAN1_TX_IRQHandler</a> from startup_stm32f40_41xxx.o(.text) referenced from startup_stm32f40_41xxx.o(RESET)
 <LI><a href="#[4a]">CAN2_RX0_IRQHandler</a> from startup_stm32f40_41xxx.o(.text) referenced from startup_stm32f40_41xxx.o(RESET)
 <LI><a href="#[4b]">CAN2_RX1_IRQHandler</a> from startup_stm32f40_41xxx.o(.text) referenced from startup_stm32f40_41xxx.o(RESET)
 <LI><a href="#[4c]">CAN2_SCE_IRQHandler</a> from startup_stm32f40_41xxx.o(.text) referenced from startup_stm32f40_41xxx.o(RESET)
 <LI><a href="#[49]">CAN2_TX_IRQHandler</a> from startup_stm32f40_41xxx.o(.text) referenced from startup_stm32f40_41xxx.o(RESET)
 <LI><a href="#[59]">CRYP_IRQHandler</a> from startup_stm32f40_41xxx.o(.text) referenced from startup_stm32f40_41xxx.o(RESET)
 <LI><a href="#[58]">DCMI_IRQHandler</a> from startup_stm32f40_41xxx.o(.text) referenced from startup_stm32f40_41xxx.o(RESET)
 <LI><a href="#[15]">DMA1_Stream0_IRQHandler</a> from startup_stm32f40_41xxx.o(.text) referenced from startup_stm32f40_41xxx.o(RESET)
 <LI><a href="#[16]">DMA1_Stream1_IRQHandler</a> from startup_stm32f40_41xxx.o(.text) referenced from startup_stm32f40_41xxx.o(RESET)
 <LI><a href="#[17]">DMA1_Stream2_IRQHandler</a> from startup_stm32f40_41xxx.o(.text) referenced from startup_stm32f40_41xxx.o(RESET)
 <LI><a href="#[18]">DMA1_Stream3_IRQHandler</a> from startup_stm32f40_41xxx.o(.text) referenced from startup_stm32f40_41xxx.o(RESET)
 <LI><a href="#[19]">DMA1_Stream4_IRQHandler</a> from startup_stm32f40_41xxx.o(.text) referenced from startup_stm32f40_41xxx.o(RESET)
 <LI><a href="#[1a]">DMA1_Stream5_IRQHandler</a> from startup_stm32f40_41xxx.o(.text) referenced from startup_stm32f40_41xxx.o(RESET)
 <LI><a href="#[1b]">DMA1_Stream6_IRQHandler</a> from startup_stm32f40_41xxx.o(.text) referenced from startup_stm32f40_41xxx.o(RESET)
 <LI><a href="#[39]">DMA1_Stream7_IRQHandler</a> from startup_stm32f40_41xxx.o(.text) referenced from startup_stm32f40_41xxx.o(RESET)
 <LI><a href="#[42]">DMA2_Stream0_IRQHandler</a> from startup_stm32f40_41xxx.o(.text) referenced from startup_stm32f40_41xxx.o(RESET)
 <LI><a href="#[43]">DMA2_Stream1_IRQHandler</a> from startup_stm32f40_41xxx.o(.text) referenced from startup_stm32f40_41xxx.o(RESET)
 <LI><a href="#[44]">DMA2_Stream2_IRQHandler</a> from startup_stm32f40_41xxx.o(.text) referenced from startup_stm32f40_41xxx.o(RESET)
 <LI><a href="#[45]">DMA2_Stream3_IRQHandler</a> from startup_stm32f40_41xxx.o(.text) referenced from startup_stm32f40_41xxx.o(RESET)
 <LI><a href="#[46]">DMA2_Stream4_IRQHandler</a> from startup_stm32f40_41xxx.o(.text) referenced from startup_stm32f40_41xxx.o(RESET)
 <LI><a href="#[4e]">DMA2_Stream5_IRQHandler</a> from startup_stm32f40_41xxx.o(.text) referenced from startup_stm32f40_41xxx.o(RESET)
 <LI><a href="#[4f]">DMA2_Stream6_IRQHandler</a> from startup_stm32f40_41xxx.o(.text) referenced from startup_stm32f40_41xxx.o(RESET)
 <LI><a href="#[50]">DMA2_Stream7_IRQHandler</a> from startup_stm32f40_41xxx.o(.text) referenced from startup_stm32f40_41xxx.o(RESET)
 <LI><a href="#[7]">DebugMon_Handler</a> from stm32f4xx_it.o(.text) referenced from startup_stm32f40_41xxx.o(RESET)
 <LI><a href="#[47]">ETH_IRQHandler</a> from startup_stm32f40_41xxx.o(.text) referenced from startup_stm32f40_41xxx.o(RESET)
 <LI><a href="#[48]">ETH_WKUP_IRQHandler</a> from startup_stm32f40_41xxx.o(.text) referenced from startup_stm32f40_41xxx.o(RESET)
 <LI><a href="#[10]">EXTI0_IRQHandler</a> from startup_stm32f40_41xxx.o(.text) referenced from startup_stm32f40_41xxx.o(RESET)
 <LI><a href="#[32]">EXTI15_10_IRQHandler</a> from startup_stm32f40_41xxx.o(.text) referenced from startup_stm32f40_41xxx.o(RESET)
 <LI><a href="#[11]">EXTI1_IRQHandler</a> from startup_stm32f40_41xxx.o(.text) referenced from startup_stm32f40_41xxx.o(RESET)
 <LI><a href="#[12]">EXTI2_IRQHandler</a> from startup_stm32f40_41xxx.o(.text) referenced from startup_stm32f40_41xxx.o(RESET)
 <LI><a href="#[13]">EXTI3_IRQHandler</a> from startup_stm32f40_41xxx.o(.text) referenced from startup_stm32f40_41xxx.o(RESET)
 <LI><a href="#[14]">EXTI4_IRQHandler</a> from startup_stm32f40_41xxx.o(.text) referenced from startup_stm32f40_41xxx.o(RESET)
 <LI><a href="#[21]">EXTI9_5_IRQHandler</a> from startup_stm32f40_41xxx.o(.text) referenced from startup_stm32f40_41xxx.o(RESET)
 <LI><a href="#[e]">FLASH_IRQHandler</a> from startup_stm32f40_41xxx.o(.text) referenced from startup_stm32f40_41xxx.o(RESET)
 <LI><a href="#[5b]">FPU_IRQHandler</a> from startup_stm32f40_41xxx.o(.text) referenced from startup_stm32f40_41xxx.o(RESET)
 <LI><a href="#[3a]">FSMC_IRQHandler</a> from startup_stm32f40_41xxx.o(.text) referenced from startup_stm32f40_41xxx.o(RESET)
 <LI><a href="#[5a]">HASH_RNG_IRQHandler</a> from startup_stm32f40_41xxx.o(.text) referenced from startup_stm32f40_41xxx.o(RESET)
 <LI><a href="#[2]">HardFault_Handler</a> from stm32f4xx_it.o(.text) referenced from startup_stm32f40_41xxx.o(RESET)
 <LI><a href="#[2a]">I2C1_ER_IRQHandler</a> from startup_stm32f40_41xxx.o(.text) referenced from startup_stm32f40_41xxx.o(RESET)
 <LI><a href="#[29]">I2C1_EV_IRQHandler</a> from startup_stm32f40_41xxx.o(.text) referenced from startup_stm32f40_41xxx.o(RESET)
 <LI><a href="#[2c]">I2C2_ER_IRQHandler</a> from startup_stm32f40_41xxx.o(.text) referenced from startup_stm32f40_41xxx.o(RESET)
 <LI><a href="#[2b]">I2C2_EV_IRQHandler</a> from startup_stm32f40_41xxx.o(.text) referenced from startup_stm32f40_41xxx.o(RESET)
 <LI><a href="#[53]">I2C3_ER_IRQHandler</a> from startup_stm32f40_41xxx.o(.text) referenced from startup_stm32f40_41xxx.o(RESET)
 <LI><a href="#[52]">I2C3_EV_IRQHandler</a> from startup_stm32f40_41xxx.o(.text) referenced from startup_stm32f40_41xxx.o(RESET)
 <LI><a href="#[3]">MemManage_Handler</a> from stm32f4xx_it.o(.text) referenced from startup_stm32f40_41xxx.o(RESET)
 <LI><a href="#[1]">NMI_Handler</a> from stm32f4xx_it.o(.text) referenced from startup_stm32f40_41xxx.o(RESET)
 <LI><a href="#[4d]">OTG_FS_IRQHandler</a> from startup_stm32f40_41xxx.o(.text) referenced from startup_stm32f40_41xxx.o(RESET)
 <LI><a href="#[34]">OTG_FS_WKUP_IRQHandler</a> from startup_stm32f40_41xxx.o(.text) referenced from startup_stm32f40_41xxx.o(RESET)
 <LI><a href="#[55]">OTG_HS_EP1_IN_IRQHandler</a> from startup_stm32f40_41xxx.o(.text) referenced from startup_stm32f40_41xxx.o(RESET)
 <LI><a href="#[54]">OTG_HS_EP1_OUT_IRQHandler</a> from startup_stm32f40_41xxx.o(.text) referenced from startup_stm32f40_41xxx.o(RESET)
 <LI><a href="#[57]">OTG_HS_IRQHandler</a> from startup_stm32f40_41xxx.o(.text) referenced from startup_stm32f40_41xxx.o(RESET)
 <LI><a href="#[56]">OTG_HS_WKUP_IRQHandler</a> from startup_stm32f40_41xxx.o(.text) referenced from startup_stm32f40_41xxx.o(RESET)
 <LI><a href="#[b]">PVD_IRQHandler</a> from startup_stm32f40_41xxx.o(.text) referenced from startup_stm32f40_41xxx.o(RESET)
 <LI><a href="#[8]">PendSV_Handler</a> from stm32f4xx_it.o(.text) referenced from startup_stm32f40_41xxx.o(RESET)
 <LI><a href="#[f]">RCC_IRQHandler</a> from startup_stm32f40_41xxx.o(.text) referenced from startup_stm32f40_41xxx.o(RESET)
 <LI><a href="#[33]">RTC_Alarm_IRQHandler</a> from startup_stm32f40_41xxx.o(.text) referenced from startup_stm32f40_41xxx.o(RESET)
 <LI><a href="#[d]">RTC_WKUP_IRQHandler</a> from startup_stm32f40_41xxx.o(.text) referenced from startup_stm32f40_41xxx.o(RESET)
 <LI><a href="#[0]">Reset_Handler</a> from startup_stm32f40_41xxx.o(.text) referenced from startup_stm32f40_41xxx.o(RESET)
 <LI><a href="#[3b]">SDIO_IRQHandler</a> from startup_stm32f40_41xxx.o(.text) referenced from startup_stm32f40_41xxx.o(RESET)
 <LI><a href="#[2d]">SPI1_IRQHandler</a> from startup_stm32f40_41xxx.o(.text) referenced from startup_stm32f40_41xxx.o(RESET)
 <LI><a href="#[2e]">SPI2_IRQHandler</a> from startup_stm32f40_41xxx.o(.text) referenced from startup_stm32f40_41xxx.o(RESET)
 <LI><a href="#[3d]">SPI3_IRQHandler</a> from startup_stm32f40_41xxx.o(.text) referenced from startup_stm32f40_41xxx.o(RESET)
 <LI><a href="#[6]">SVC_Handler</a> from stm32f4xx_it.o(.text) referenced from startup_stm32f40_41xxx.o(RESET)
 <LI><a href="#[9]">SysTick_Handler</a> from stm32f4xx_it.o(.text) referenced from startup_stm32f40_41xxx.o(RESET)
 <LI><a href="#[5d]">SystemInit</a> from system_stm32f4xx.o(.text) referenced from startup_stm32f40_41xxx.o(.text)
 <LI><a href="#[c]">TAMP_STAMP_IRQHandler</a> from startup_stm32f40_41xxx.o(.text) referenced from startup_stm32f40_41xxx.o(RESET)
 <LI><a href="#[22]">TIM1_BRK_TIM9_IRQHandler</a> from startup_stm32f40_41xxx.o(.text) referenced from startup_stm32f40_41xxx.o(RESET)
 <LI><a href="#[25]">TIM1_CC_IRQHandler</a> from startup_stm32f40_41xxx.o(.text) referenced from startup_stm32f40_41xxx.o(RESET)
 <LI><a href="#[24]">TIM1_TRG_COM_TIM11_IRQHandler</a> from startup_stm32f40_41xxx.o(.text) referenced from startup_stm32f40_41xxx.o(RESET)
 <LI><a href="#[23]">TIM1_UP_TIM10_IRQHandler</a> from startup_stm32f40_41xxx.o(.text) referenced from startup_stm32f40_41xxx.o(RESET)
 <LI><a href="#[26]">TIM2_IRQHandler</a> from action_y.o(.text) referenced from startup_stm32f40_41xxx.o(RESET)
 <LI><a href="#[27]">TIM3_IRQHandler</a> from action_z.o(.text) referenced from startup_stm32f40_41xxx.o(RESET)
 <LI><a href="#[28]">TIM4_IRQHandler</a> from action_turn_z.o(.text) referenced from startup_stm32f40_41xxx.o(RESET)
 <LI><a href="#[3c]">TIM5_IRQHandler</a> from move.o(.text) referenced from startup_stm32f40_41xxx.o(RESET)
 <LI><a href="#[40]">TIM6_DAC_IRQHandler</a> from startup_stm32f40_41xxx.o(.text) referenced from startup_stm32f40_41xxx.o(RESET)
 <LI><a href="#[41]">TIM7_IRQHandler</a> from timer.o(.text) referenced from startup_stm32f40_41xxx.o(RESET)
 <LI><a href="#[35]">TIM8_BRK_TIM12_IRQHandler</a> from startup_stm32f40_41xxx.o(.text) referenced from startup_stm32f40_41xxx.o(RESET)
 <LI><a href="#[38]">TIM8_CC_IRQHandler</a> from startup_stm32f40_41xxx.o(.text) referenced from startup_stm32f40_41xxx.o(RESET)
 <LI><a href="#[37]">TIM8_TRG_COM_TIM14_IRQHandler</a> from startup_stm32f40_41xxx.o(.text) referenced from startup_stm32f40_41xxx.o(RESET)
 <LI><a href="#[36]">TIM8_UP_TIM13_IRQHandler</a> from startup_stm32f40_41xxx.o(.text) referenced from startup_stm32f40_41xxx.o(RESET)
 <LI><a href="#[3e]">UART4_IRQHandler</a> from usart.o(.text) referenced from startup_stm32f40_41xxx.o(RESET)
 <LI><a href="#[3f]">UART5_IRQHandler</a> from startup_stm32f40_41xxx.o(.text) referenced from startup_stm32f40_41xxx.o(RESET)
 <LI><a href="#[2f]">USART1_IRQHandler</a> from communication.o(.text) referenced from startup_stm32f40_41xxx.o(RESET)
 <LI><a href="#[30]">USART2_IRQHandler</a> from jy901b.o(.text) referenced from startup_stm32f40_41xxx.o(RESET)
 <LI><a href="#[31]">USART3_IRQHandler</a> from communication.o(.text) referenced from startup_stm32f40_41xxx.o(RESET)
 <LI><a href="#[51]">USART6_IRQHandler</a> from startup_stm32f40_41xxx.o(.text) referenced from startup_stm32f40_41xxx.o(RESET)
 <LI><a href="#[5]">UsageFault_Handler</a> from stm32f4xx_it.o(.text) referenced from startup_stm32f40_41xxx.o(RESET)
 <LI><a href="#[a]">WWDG_IRQHandler</a> from startup_stm32f40_41xxx.o(.text) referenced from startup_stm32f40_41xxx.o(RESET)
 <LI><a href="#[5e]">__main</a> from entry.o(.ARM.Collect$$$$00000000) referenced from startup_stm32f40_41xxx.o(.text)
 <LI><a href="#[5c]">main</a> from main.o(.text) referenced from entry9a.o(.ARM.Collect$$$$0000000B)
</UL>
<P>
<H3>
Global Symbols
</H3>
<P><STRONG><a name="[5e]"></a>__main</STRONG> (Thumb, 0 bytes, Stack size unknown bytes, entry.o(.ARM.Collect$$$$00000000))
<BR>[Address Reference Count : 1]<UL><LI> startup_stm32f40_41xxx.o(.text)
</UL>
<P><STRONG><a name="[128]"></a>_main_stk</STRONG> (Thumb, 0 bytes, Stack size unknown bytes, entry2.o(.ARM.Collect$$$$00000001))

<P><STRONG><a name="[5f]"></a>_main_scatterload</STRONG> (Thumb, 0 bytes, Stack size unknown bytes, entry5.o(.ARM.Collect$$$$00000004))
<BR><BR>[Calls]<UL><LI><a href="#[60]">&gt;&gt;</a>&nbsp;&nbsp;&nbsp;__scatterload
</UL>

<P><STRONG><a name="[126]"></a>__main_after_scatterload</STRONG> (Thumb, 0 bytes, Stack size unknown bytes, entry5.o(.ARM.Collect$$$$00000004))
<BR><BR>[Called By]<UL><LI><a href="#[60]">&gt;&gt;</a>&nbsp;&nbsp;&nbsp;__scatterload
</UL>

<P><STRONG><a name="[129]"></a>_main_clock</STRONG> (Thumb, 0 bytes, Stack size unknown bytes, entry7b.o(.ARM.Collect$$$$00000008))

<P><STRONG><a name="[12a]"></a>_main_cpp_init</STRONG> (Thumb, 0 bytes, Stack size unknown bytes, entry8b.o(.ARM.Collect$$$$0000000A))

<P><STRONG><a name="[12b]"></a>_main_init</STRONG> (Thumb, 0 bytes, Stack size unknown bytes, entry9a.o(.ARM.Collect$$$$0000000B))

<P><STRONG><a name="[12c]"></a>__rt_lib_shutdown_fini</STRONG> (Thumb, 0 bytes, Stack size unknown bytes, entry12b.o(.ARM.Collect$$$$0000000E))

<P><STRONG><a name="[12d]"></a>__rt_final_cpp</STRONG> (Thumb, 0 bytes, Stack size unknown bytes, entry10a.o(.ARM.Collect$$$$0000000F))

<P><STRONG><a name="[12e]"></a>__rt_final_exit</STRONG> (Thumb, 0 bytes, Stack size unknown bytes, entry11a.o(.ARM.Collect$$$$00000011))

<P><STRONG><a name="[61]"></a>Move_PWM_Init</STRONG> (Thumb, 430 bytes, Stack size 48 bytes, move.o(.text))
<BR><BR>[Stack]<UL><LI>Max Depth = 68<LI>Call Chain = Move_PWM_Init &rArr; GPIO_PinAFConfig
</UL>
<BR>[Calls]<UL><LI><a href="#[6d]">&gt;&gt;</a>&nbsp;&nbsp;&nbsp;TIM_UpdateRequestConfig
<LI><a href="#[67]">&gt;&gt;</a>&nbsp;&nbsp;&nbsp;TIM_TimeBaseInit
<LI><a href="#[73]">&gt;&gt;</a>&nbsp;&nbsp;&nbsp;TIM_OC4PreloadConfig
<LI><a href="#[6b]">&gt;&gt;</a>&nbsp;&nbsp;&nbsp;TIM_OC4Init
<LI><a href="#[72]">&gt;&gt;</a>&nbsp;&nbsp;&nbsp;TIM_OC3PreloadConfig
<LI><a href="#[6a]">&gt;&gt;</a>&nbsp;&nbsp;&nbsp;TIM_OC3Init
<LI><a href="#[71]">&gt;&gt;</a>&nbsp;&nbsp;&nbsp;TIM_OC2PreloadConfig
<LI><a href="#[69]">&gt;&gt;</a>&nbsp;&nbsp;&nbsp;TIM_OC2Init
<LI><a href="#[70]">&gt;&gt;</a>&nbsp;&nbsp;&nbsp;TIM_OC1PreloadConfig
<LI><a href="#[68]">&gt;&gt;</a>&nbsp;&nbsp;&nbsp;TIM_OC1Init
<LI><a href="#[6f]">&gt;&gt;</a>&nbsp;&nbsp;&nbsp;TIM_ITConfig
<LI><a href="#[75]">&gt;&gt;</a>&nbsp;&nbsp;&nbsp;TIM_CtrlPWMOutputs
<LI><a href="#[76]">&gt;&gt;</a>&nbsp;&nbsp;&nbsp;TIM_Cmd
<LI><a href="#[6e]">&gt;&gt;</a>&nbsp;&nbsp;&nbsp;TIM_ClearITPendingBit
<LI><a href="#[74]">&gt;&gt;</a>&nbsp;&nbsp;&nbsp;TIM_ARRPreloadConfig
<LI><a href="#[62]">&gt;&gt;</a>&nbsp;&nbsp;&nbsp;RCC_APB1PeriphClockCmd
<LI><a href="#[63]">&gt;&gt;</a>&nbsp;&nbsp;&nbsp;RCC_AHB1PeriphClockCmd
<LI><a href="#[6c]">&gt;&gt;</a>&nbsp;&nbsp;&nbsp;NVIC_Init
<LI><a href="#[66]">&gt;&gt;</a>&nbsp;&nbsp;&nbsp;GPIO_ResetBits
<LI><a href="#[64]">&gt;&gt;</a>&nbsp;&nbsp;&nbsp;GPIO_PinAFConfig
<LI><a href="#[65]">&gt;&gt;</a>&nbsp;&nbsp;&nbsp;GPIO_Init
</UL>
<BR>[Called By]<UL><LI><a href="#[ff]">&gt;&gt;</a>&nbsp;&nbsp;&nbsp;System_Init
</UL>

<P><STRONG><a name="[7e]"></a>StepCounter</STRONG> (Thumb, 28 bytes, Stack size 0 bytes, move.o(.text))
<BR><BR>[Called By]<UL><LI><a href="#[77]">&gt;&gt;</a>&nbsp;&nbsp;&nbsp;speed_decision
</UL>

<P><STRONG><a name="[77]"></a>speed_decision</STRONG> (Thumb, 538 bytes, Stack size 16 bytes, move.o(.text))
<BR><BR>[Stack]<UL><LI>Max Depth = 28<LI>Call Chain = speed_decision &rArr; TIM_GetITStatus
</UL>
<BR>[Calls]<UL><LI><a href="#[7a]">&gt;&gt;</a>&nbsp;&nbsp;&nbsp;TIM_SetCompare4
<LI><a href="#[79]">&gt;&gt;</a>&nbsp;&nbsp;&nbsp;TIM_SetCompare3
<LI><a href="#[7b]">&gt;&gt;</a>&nbsp;&nbsp;&nbsp;TIM_SetCompare2
<LI><a href="#[7c]">&gt;&gt;</a>&nbsp;&nbsp;&nbsp;TIM_SetCompare1
<LI><a href="#[7d]">&gt;&gt;</a>&nbsp;&nbsp;&nbsp;TIM_SetAutoreload
<LI><a href="#[78]">&gt;&gt;</a>&nbsp;&nbsp;&nbsp;TIM_GetITStatus
<LI><a href="#[76]">&gt;&gt;</a>&nbsp;&nbsp;&nbsp;TIM_Cmd
<LI><a href="#[6e]">&gt;&gt;</a>&nbsp;&nbsp;&nbsp;TIM_ClearITPendingBit
<LI><a href="#[7e]">&gt;&gt;</a>&nbsp;&nbsp;&nbsp;StepCounter
</UL>
<BR>[Called By]<UL><LI><a href="#[3c]">&gt;&gt;</a>&nbsp;&nbsp;&nbsp;TIM5_IRQHandler
</UL>

<P><STRONG><a name="[3c]"></a>TIM5_IRQHandler</STRONG> (Thumb, 8 bytes, Stack size 8 bytes, move.o(.text))
<BR><BR>[Stack]<UL><LI>Max Depth = 36<LI>Call Chain = TIM5_IRQHandler &rArr; speed_decision &rArr; TIM_GetITStatus
</UL>
<BR>[Calls]<UL><LI><a href="#[77]">&gt;&gt;</a>&nbsp;&nbsp;&nbsp;speed_decision
</UL>
<BR>[Address Reference Count : 1]<UL><LI> startup_stm32f40_41xxx.o(RESET)
</UL>
<P><STRONG><a name="[7f]"></a>Move</STRONG> (Thumb, 630 bytes, Stack size 96 bytes, move.o(.text))
<BR><BR>[Stack]<UL><LI>Max Depth = 184<LI>Call Chain = Move &rArr; __aeabi_dmul &rArr; _double_epilogue &rArr; _double_round
</UL>
<BR>[Calls]<UL><LI><a href="#[82]">&gt;&gt;</a>&nbsp;&nbsp;&nbsp;__aeabi_ui2d
<LI><a href="#[80]">&gt;&gt;</a>&nbsp;&nbsp;&nbsp;__aeabi_f2d
<LI><a href="#[83]">&gt;&gt;</a>&nbsp;&nbsp;&nbsp;__aeabi_dmul
<LI><a href="#[84]">&gt;&gt;</a>&nbsp;&nbsp;&nbsp;__aeabi_ddiv
<LI><a href="#[86]">&gt;&gt;</a>&nbsp;&nbsp;&nbsp;__aeabi_d2iz
<LI><a href="#[85]">&gt;&gt;</a>&nbsp;&nbsp;&nbsp;__aeabi_d2f
<LI><a href="#[7a]">&gt;&gt;</a>&nbsp;&nbsp;&nbsp;TIM_SetCompare4
<LI><a href="#[79]">&gt;&gt;</a>&nbsp;&nbsp;&nbsp;TIM_SetCompare3
<LI><a href="#[7b]">&gt;&gt;</a>&nbsp;&nbsp;&nbsp;TIM_SetCompare2
<LI><a href="#[7c]">&gt;&gt;</a>&nbsp;&nbsp;&nbsp;TIM_SetCompare1
<LI><a href="#[7d]">&gt;&gt;</a>&nbsp;&nbsp;&nbsp;TIM_SetAutoreload
<LI><a href="#[76]">&gt;&gt;</a>&nbsp;&nbsp;&nbsp;TIM_Cmd
<LI><a href="#[81]">&gt;&gt;</a>&nbsp;&nbsp;&nbsp;__hardfp_sqrt
</UL>
<BR>[Called By]<UL><LI><a href="#[91]">&gt;&gt;</a>&nbsp;&nbsp;&nbsp;Car_Turn
<LI><a href="#[8d]">&gt;&gt;</a>&nbsp;&nbsp;&nbsp;Car_Move
</UL>

<P><STRONG><a name="[87]"></a>DIR_LF</STRONG> (Thumb, 26 bytes, Stack size 8 bytes, move.o(.text))
<BR><BR>[Stack]<UL><LI>Max Depth = 8<LI>Call Chain = DIR_LF
</UL>
<BR>[Calls]<UL><LI><a href="#[88]">&gt;&gt;</a>&nbsp;&nbsp;&nbsp;GPIO_SetBits
<LI><a href="#[66]">&gt;&gt;</a>&nbsp;&nbsp;&nbsp;GPIO_ResetBits
</UL>
<BR>[Called By]<UL><LI><a href="#[90]">&gt;&gt;</a>&nbsp;&nbsp;&nbsp;Turn_dirict
<LI><a href="#[8c]">&gt;&gt;</a>&nbsp;&nbsp;&nbsp;Car_dirict
</UL>

<P><STRONG><a name="[89]"></a>DIR_LB</STRONG> (Thumb, 26 bytes, Stack size 8 bytes, move.o(.text))
<BR><BR>[Stack]<UL><LI>Max Depth = 8<LI>Call Chain = DIR_LB
</UL>
<BR>[Calls]<UL><LI><a href="#[88]">&gt;&gt;</a>&nbsp;&nbsp;&nbsp;GPIO_SetBits
<LI><a href="#[66]">&gt;&gt;</a>&nbsp;&nbsp;&nbsp;GPIO_ResetBits
</UL>
<BR>[Called By]<UL><LI><a href="#[90]">&gt;&gt;</a>&nbsp;&nbsp;&nbsp;Turn_dirict
<LI><a href="#[8c]">&gt;&gt;</a>&nbsp;&nbsp;&nbsp;Car_dirict
</UL>

<P><STRONG><a name="[8a]"></a>DIR_RF</STRONG> (Thumb, 28 bytes, Stack size 8 bytes, move.o(.text))
<BR><BR>[Stack]<UL><LI>Max Depth = 8<LI>Call Chain = DIR_RF
</UL>
<BR>[Calls]<UL><LI><a href="#[88]">&gt;&gt;</a>&nbsp;&nbsp;&nbsp;GPIO_SetBits
<LI><a href="#[66]">&gt;&gt;</a>&nbsp;&nbsp;&nbsp;GPIO_ResetBits
</UL>
<BR>[Called By]<UL><LI><a href="#[90]">&gt;&gt;</a>&nbsp;&nbsp;&nbsp;Turn_dirict
<LI><a href="#[8c]">&gt;&gt;</a>&nbsp;&nbsp;&nbsp;Car_dirict
</UL>

<P><STRONG><a name="[8b]"></a>DIR_RB</STRONG> (Thumb, 28 bytes, Stack size 8 bytes, move.o(.text))
<BR><BR>[Stack]<UL><LI>Max Depth = 8<LI>Call Chain = DIR_RB
</UL>
<BR>[Calls]<UL><LI><a href="#[88]">&gt;&gt;</a>&nbsp;&nbsp;&nbsp;GPIO_SetBits
<LI><a href="#[66]">&gt;&gt;</a>&nbsp;&nbsp;&nbsp;GPIO_ResetBits
</UL>
<BR>[Called By]<UL><LI><a href="#[90]">&gt;&gt;</a>&nbsp;&nbsp;&nbsp;Turn_dirict
<LI><a href="#[8c]">&gt;&gt;</a>&nbsp;&nbsp;&nbsp;Car_dirict
</UL>

<P><STRONG><a name="[8c]"></a>Car_dirict</STRONG> (Thumb, 124 bytes, Stack size 16 bytes, move.o(.text))
<BR><BR>[Stack]<UL><LI>Max Depth = 24<LI>Call Chain = Car_dirict &rArr; DIR_RB
</UL>
<BR>[Calls]<UL><LI><a href="#[8b]">&gt;&gt;</a>&nbsp;&nbsp;&nbsp;DIR_RB
<LI><a href="#[8a]">&gt;&gt;</a>&nbsp;&nbsp;&nbsp;DIR_RF
<LI><a href="#[89]">&gt;&gt;</a>&nbsp;&nbsp;&nbsp;DIR_LB
<LI><a href="#[87]">&gt;&gt;</a>&nbsp;&nbsp;&nbsp;DIR_LF
</UL>
<BR>[Called By]<UL><LI><a href="#[8d]">&gt;&gt;</a>&nbsp;&nbsp;&nbsp;Car_Move
</UL>

<P><STRONG><a name="[8d]"></a>Car_Move</STRONG> (Thumb, 52 bytes, Stack size 16 bytes, move.o(.text))
<BR><BR>[Stack]<UL><LI>Max Depth = 200<LI>Call Chain = Car_Move &rArr; Move &rArr; __aeabi_dmul &rArr; _double_epilogue &rArr; _double_round
</UL>
<BR>[Calls]<UL><LI><a href="#[8c]">&gt;&gt;</a>&nbsp;&nbsp;&nbsp;Car_dirict
<LI><a href="#[7f]">&gt;&gt;</a>&nbsp;&nbsp;&nbsp;Move
</UL>
<BR>[Called By]<UL><LI><a href="#[5c]">&gt;&gt;</a>&nbsp;&nbsp;&nbsp;main
</UL>

<P><STRONG><a name="[8e]"></a>Compute</STRONG> (Thumb, 40 bytes, Stack size 16 bytes, move.o(.text), UNUSED)
<BR><BR>[Calls]<UL><LI><a href="#[8f]">&gt;&gt;</a>&nbsp;&nbsp;&nbsp;AnglePID_realize
</UL>

<P><STRONG><a name="[90]"></a>Turn_dirict</STRONG> (Thumb, 86 bytes, Stack size 16 bytes, move.o(.text))
<BR><BR>[Stack]<UL><LI>Max Depth = 24<LI>Call Chain = Turn_dirict &rArr; DIR_RB
</UL>
<BR>[Calls]<UL><LI><a href="#[8b]">&gt;&gt;</a>&nbsp;&nbsp;&nbsp;DIR_RB
<LI><a href="#[8a]">&gt;&gt;</a>&nbsp;&nbsp;&nbsp;DIR_RF
<LI><a href="#[89]">&gt;&gt;</a>&nbsp;&nbsp;&nbsp;DIR_LB
<LI><a href="#[87]">&gt;&gt;</a>&nbsp;&nbsp;&nbsp;DIR_LF
</UL>
<BR>[Called By]<UL><LI><a href="#[91]">&gt;&gt;</a>&nbsp;&nbsp;&nbsp;Car_Turn
</UL>

<P><STRONG><a name="[91]"></a>Car_Turn</STRONG> (Thumb, 126 bytes, Stack size 16 bytes, move.o(.text))
<BR><BR>[Stack]<UL><LI>Max Depth = 200<LI>Call Chain = Car_Turn &rArr; Move &rArr; __aeabi_dmul &rArr; _double_epilogue &rArr; _double_round
</UL>
<BR>[Calls]<UL><LI><a href="#[90]">&gt;&gt;</a>&nbsp;&nbsp;&nbsp;Turn_dirict
<LI><a href="#[7f]">&gt;&gt;</a>&nbsp;&nbsp;&nbsp;Move
</UL>
<BR>[Called By]<UL><LI><a href="#[5c]">&gt;&gt;</a>&nbsp;&nbsp;&nbsp;main
</UL>

<P><STRONG><a name="[92]"></a>Action_Y_PWM_Init</STRONG> (Thumb, 300 bytes, Stack size 48 bytes, action_y.o(.text))
<BR><BR>[Stack]<UL><LI>Max Depth = 68<LI>Call Chain = Action_Y_PWM_Init &rArr; GPIO_PinAFConfig
</UL>
<BR>[Calls]<UL><LI><a href="#[6d]">&gt;&gt;</a>&nbsp;&nbsp;&nbsp;TIM_UpdateRequestConfig
<LI><a href="#[67]">&gt;&gt;</a>&nbsp;&nbsp;&nbsp;TIM_TimeBaseInit
<LI><a href="#[70]">&gt;&gt;</a>&nbsp;&nbsp;&nbsp;TIM_OC1PreloadConfig
<LI><a href="#[68]">&gt;&gt;</a>&nbsp;&nbsp;&nbsp;TIM_OC1Init
<LI><a href="#[6f]">&gt;&gt;</a>&nbsp;&nbsp;&nbsp;TIM_ITConfig
<LI><a href="#[75]">&gt;&gt;</a>&nbsp;&nbsp;&nbsp;TIM_CtrlPWMOutputs
<LI><a href="#[76]">&gt;&gt;</a>&nbsp;&nbsp;&nbsp;TIM_Cmd
<LI><a href="#[6e]">&gt;&gt;</a>&nbsp;&nbsp;&nbsp;TIM_ClearITPendingBit
<LI><a href="#[74]">&gt;&gt;</a>&nbsp;&nbsp;&nbsp;TIM_ARRPreloadConfig
<LI><a href="#[62]">&gt;&gt;</a>&nbsp;&nbsp;&nbsp;RCC_APB1PeriphClockCmd
<LI><a href="#[63]">&gt;&gt;</a>&nbsp;&nbsp;&nbsp;RCC_AHB1PeriphClockCmd
<LI><a href="#[6c]">&gt;&gt;</a>&nbsp;&nbsp;&nbsp;NVIC_Init
<LI><a href="#[66]">&gt;&gt;</a>&nbsp;&nbsp;&nbsp;GPIO_ResetBits
<LI><a href="#[64]">&gt;&gt;</a>&nbsp;&nbsp;&nbsp;GPIO_PinAFConfig
<LI><a href="#[65]">&gt;&gt;</a>&nbsp;&nbsp;&nbsp;GPIO_Init
</UL>
<BR>[Called By]<UL><LI><a href="#[ff]">&gt;&gt;</a>&nbsp;&nbsp;&nbsp;System_Init
</UL>

<P><STRONG><a name="[94]"></a>StepCounter_Y</STRONG> (Thumb, 28 bytes, Stack size 0 bytes, action_y.o(.text))
<BR><BR>[Called By]<UL><LI><a href="#[93]">&gt;&gt;</a>&nbsp;&nbsp;&nbsp;speed_decision_Y
</UL>

<P><STRONG><a name="[93]"></a>speed_decision_Y</STRONG> (Thumb, 494 bytes, Stack size 16 bytes, action_y.o(.text))
<BR><BR>[Stack]<UL><LI>Max Depth = 28<LI>Call Chain = speed_decision_Y &rArr; TIM_GetITStatus
</UL>
<BR>[Calls]<UL><LI><a href="#[94]">&gt;&gt;</a>&nbsp;&nbsp;&nbsp;StepCounter_Y
<LI><a href="#[7c]">&gt;&gt;</a>&nbsp;&nbsp;&nbsp;TIM_SetCompare1
<LI><a href="#[7d]">&gt;&gt;</a>&nbsp;&nbsp;&nbsp;TIM_SetAutoreload
<LI><a href="#[78]">&gt;&gt;</a>&nbsp;&nbsp;&nbsp;TIM_GetITStatus
<LI><a href="#[76]">&gt;&gt;</a>&nbsp;&nbsp;&nbsp;TIM_Cmd
<LI><a href="#[6e]">&gt;&gt;</a>&nbsp;&nbsp;&nbsp;TIM_ClearITPendingBit
</UL>
<BR>[Called By]<UL><LI><a href="#[26]">&gt;&gt;</a>&nbsp;&nbsp;&nbsp;TIM2_IRQHandler
</UL>

<P><STRONG><a name="[26]"></a>TIM2_IRQHandler</STRONG> (Thumb, 8 bytes, Stack size 8 bytes, action_y.o(.text))
<BR><BR>[Stack]<UL><LI>Max Depth = 36<LI>Call Chain = TIM2_IRQHandler &rArr; speed_decision_Y &rArr; TIM_GetITStatus
</UL>
<BR>[Calls]<UL><LI><a href="#[93]">&gt;&gt;</a>&nbsp;&nbsp;&nbsp;speed_decision_Y
</UL>
<BR>[Address Reference Count : 1]<UL><LI> startup_stm32f40_41xxx.o(RESET)
</UL>
<P><STRONG><a name="[95]"></a>DIR_Y</STRONG> (Thumb, 30 bytes, Stack size 8 bytes, action_y.o(.text))
<BR><BR>[Stack]<UL><LI>Max Depth = 8<LI>Call Chain = DIR_Y
</UL>
<BR>[Calls]<UL><LI><a href="#[88]">&gt;&gt;</a>&nbsp;&nbsp;&nbsp;GPIO_SetBits
<LI><a href="#[66]">&gt;&gt;</a>&nbsp;&nbsp;&nbsp;GPIO_ResetBits
</UL>
<BR>[Called By]<UL><LI><a href="#[96]">&gt;&gt;</a>&nbsp;&nbsp;&nbsp;Move_Y
</UL>

<P><STRONG><a name="[96]"></a>Move_Y</STRONG> (Thumb, 600 bytes, Stack size 96 bytes, action_y.o(.text))
<BR><BR>[Stack]<UL><LI>Max Depth = 184<LI>Call Chain = Move_Y &rArr; __aeabi_dmul &rArr; _double_epilogue &rArr; _double_round
</UL>
<BR>[Calls]<UL><LI><a href="#[97]">&gt;&gt;</a>&nbsp;&nbsp;&nbsp;TIM_GetCounter
<LI><a href="#[95]">&gt;&gt;</a>&nbsp;&nbsp;&nbsp;DIR_Y
<LI><a href="#[82]">&gt;&gt;</a>&nbsp;&nbsp;&nbsp;__aeabi_ui2d
<LI><a href="#[80]">&gt;&gt;</a>&nbsp;&nbsp;&nbsp;__aeabi_f2d
<LI><a href="#[83]">&gt;&gt;</a>&nbsp;&nbsp;&nbsp;__aeabi_dmul
<LI><a href="#[84]">&gt;&gt;</a>&nbsp;&nbsp;&nbsp;__aeabi_ddiv
<LI><a href="#[86]">&gt;&gt;</a>&nbsp;&nbsp;&nbsp;__aeabi_d2iz
<LI><a href="#[85]">&gt;&gt;</a>&nbsp;&nbsp;&nbsp;__aeabi_d2f
<LI><a href="#[7c]">&gt;&gt;</a>&nbsp;&nbsp;&nbsp;TIM_SetCompare1
<LI><a href="#[7d]">&gt;&gt;</a>&nbsp;&nbsp;&nbsp;TIM_SetAutoreload
<LI><a href="#[76]">&gt;&gt;</a>&nbsp;&nbsp;&nbsp;TIM_Cmd
<LI><a href="#[81]">&gt;&gt;</a>&nbsp;&nbsp;&nbsp;__hardfp_sqrt
</UL>
<BR>[Called By]<UL><LI><a href="#[da]">&gt;&gt;</a>&nbsp;&nbsp;&nbsp;Turntable_3_2
<LI><a href="#[d9]">&gt;&gt;</a>&nbsp;&nbsp;&nbsp;Turntable_2_2
<LI><a href="#[d8]">&gt;&gt;</a>&nbsp;&nbsp;&nbsp;Turntable_1_2
<LI><a href="#[d1]">&gt;&gt;</a>&nbsp;&nbsp;&nbsp;Turntable_3
<LI><a href="#[d0]">&gt;&gt;</a>&nbsp;&nbsp;&nbsp;Turntable_2
<LI><a href="#[cf]">&gt;&gt;</a>&nbsp;&nbsp;&nbsp;Turntable_1
<LI><a href="#[ce]">&gt;&gt;</a>&nbsp;&nbsp;&nbsp;Pile_321
<LI><a href="#[cd]">&gt;&gt;</a>&nbsp;&nbsp;&nbsp;Pile_312
<LI><a href="#[cc]">&gt;&gt;</a>&nbsp;&nbsp;&nbsp;Pile_231
<LI><a href="#[cb]">&gt;&gt;</a>&nbsp;&nbsp;&nbsp;Pile_213
<LI><a href="#[ca]">&gt;&gt;</a>&nbsp;&nbsp;&nbsp;Pile_132
<LI><a href="#[c9]">&gt;&gt;</a>&nbsp;&nbsp;&nbsp;Pile_123
<LI><a href="#[c8]">&gt;&gt;</a>&nbsp;&nbsp;&nbsp;Mission_321
<LI><a href="#[c7]">&gt;&gt;</a>&nbsp;&nbsp;&nbsp;Mission_312
<LI><a href="#[c6]">&gt;&gt;</a>&nbsp;&nbsp;&nbsp;Mission_231
<LI><a href="#[c5]">&gt;&gt;</a>&nbsp;&nbsp;&nbsp;Mission_213
<LI><a href="#[c4]">&gt;&gt;</a>&nbsp;&nbsp;&nbsp;Mission_132
<LI><a href="#[c3]">&gt;&gt;</a>&nbsp;&nbsp;&nbsp;Mission_123
<LI><a href="#[c2]">&gt;&gt;</a>&nbsp;&nbsp;&nbsp;Task_321_2
<LI><a href="#[c1]">&gt;&gt;</a>&nbsp;&nbsp;&nbsp;Task_312_2
<LI><a href="#[c0]">&gt;&gt;</a>&nbsp;&nbsp;&nbsp;Task_231_2
<LI><a href="#[bf]">&gt;&gt;</a>&nbsp;&nbsp;&nbsp;Task_213_2
<LI><a href="#[be]">&gt;&gt;</a>&nbsp;&nbsp;&nbsp;Task_132_2
<LI><a href="#[bd]">&gt;&gt;</a>&nbsp;&nbsp;&nbsp;Task_123_2
<LI><a href="#[bc]">&gt;&gt;</a>&nbsp;&nbsp;&nbsp;Task_321
<LI><a href="#[bb]">&gt;&gt;</a>&nbsp;&nbsp;&nbsp;Task_312
<LI><a href="#[ba]">&gt;&gt;</a>&nbsp;&nbsp;&nbsp;Task_231
<LI><a href="#[b9]">&gt;&gt;</a>&nbsp;&nbsp;&nbsp;Task_213
<LI><a href="#[b8]">&gt;&gt;</a>&nbsp;&nbsp;&nbsp;Task_132
<LI><a href="#[b7]">&gt;&gt;</a>&nbsp;&nbsp;&nbsp;Task_123
<LI><a href="#[b6]">&gt;&gt;</a>&nbsp;&nbsp;&nbsp;Place_32
<LI><a href="#[b5]">&gt;&gt;</a>&nbsp;&nbsp;&nbsp;Place_23
<LI><a href="#[b4]">&gt;&gt;</a>&nbsp;&nbsp;&nbsp;Place_13
<LI><a href="#[b3]">&gt;&gt;</a>&nbsp;&nbsp;&nbsp;Place_33
<LI><a href="#[b2]">&gt;&gt;</a>&nbsp;&nbsp;&nbsp;Place_22
<LI><a href="#[b1]">&gt;&gt;</a>&nbsp;&nbsp;&nbsp;Place_11
<LI><a href="#[af]">&gt;&gt;</a>&nbsp;&nbsp;&nbsp;Grab_22
<LI><a href="#[ad]">&gt;&gt;</a>&nbsp;&nbsp;&nbsp;Pile_3
<LI><a href="#[ac]">&gt;&gt;</a>&nbsp;&nbsp;&nbsp;Pile_2
<LI><a href="#[ab]">&gt;&gt;</a>&nbsp;&nbsp;&nbsp;Pile_1
<LI><a href="#[aa]">&gt;&gt;</a>&nbsp;&nbsp;&nbsp;Place_3
<LI><a href="#[a9]">&gt;&gt;</a>&nbsp;&nbsp;&nbsp;Place_2
<LI><a href="#[a8]">&gt;&gt;</a>&nbsp;&nbsp;&nbsp;Place_1
<LI><a href="#[a6]">&gt;&gt;</a>&nbsp;&nbsp;&nbsp;Grab_2
</UL>

<P><STRONG><a name="[98]"></a>Action_Z_PWM_Init</STRONG> (Thumb, 286 bytes, Stack size 48 bytes, action_z.o(.text))
<BR><BR>[Stack]<UL><LI>Max Depth = 68<LI>Call Chain = Action_Z_PWM_Init &rArr; GPIO_PinAFConfig
</UL>
<BR>[Calls]<UL><LI><a href="#[6d]">&gt;&gt;</a>&nbsp;&nbsp;&nbsp;TIM_UpdateRequestConfig
<LI><a href="#[67]">&gt;&gt;</a>&nbsp;&nbsp;&nbsp;TIM_TimeBaseInit
<LI><a href="#[70]">&gt;&gt;</a>&nbsp;&nbsp;&nbsp;TIM_OC1PreloadConfig
<LI><a href="#[68]">&gt;&gt;</a>&nbsp;&nbsp;&nbsp;TIM_OC1Init
<LI><a href="#[6f]">&gt;&gt;</a>&nbsp;&nbsp;&nbsp;TIM_ITConfig
<LI><a href="#[75]">&gt;&gt;</a>&nbsp;&nbsp;&nbsp;TIM_CtrlPWMOutputs
<LI><a href="#[76]">&gt;&gt;</a>&nbsp;&nbsp;&nbsp;TIM_Cmd
<LI><a href="#[6e]">&gt;&gt;</a>&nbsp;&nbsp;&nbsp;TIM_ClearITPendingBit
<LI><a href="#[74]">&gt;&gt;</a>&nbsp;&nbsp;&nbsp;TIM_ARRPreloadConfig
<LI><a href="#[62]">&gt;&gt;</a>&nbsp;&nbsp;&nbsp;RCC_APB1PeriphClockCmd
<LI><a href="#[63]">&gt;&gt;</a>&nbsp;&nbsp;&nbsp;RCC_AHB1PeriphClockCmd
<LI><a href="#[6c]">&gt;&gt;</a>&nbsp;&nbsp;&nbsp;NVIC_Init
<LI><a href="#[66]">&gt;&gt;</a>&nbsp;&nbsp;&nbsp;GPIO_ResetBits
<LI><a href="#[64]">&gt;&gt;</a>&nbsp;&nbsp;&nbsp;GPIO_PinAFConfig
<LI><a href="#[65]">&gt;&gt;</a>&nbsp;&nbsp;&nbsp;GPIO_Init
</UL>
<BR>[Called By]<UL><LI><a href="#[ff]">&gt;&gt;</a>&nbsp;&nbsp;&nbsp;System_Init
</UL>

<P><STRONG><a name="[9a]"></a>StepCounter_Z</STRONG> (Thumb, 28 bytes, Stack size 0 bytes, action_z.o(.text))
<BR><BR>[Called By]<UL><LI><a href="#[99]">&gt;&gt;</a>&nbsp;&nbsp;&nbsp;speed_decision_Z
</UL>

<P><STRONG><a name="[99]"></a>speed_decision_Z</STRONG> (Thumb, 488 bytes, Stack size 16 bytes, action_z.o(.text))
<BR><BR>[Stack]<UL><LI>Max Depth = 28<LI>Call Chain = speed_decision_Z &rArr; TIM_GetITStatus
</UL>
<BR>[Calls]<UL><LI><a href="#[9a]">&gt;&gt;</a>&nbsp;&nbsp;&nbsp;StepCounter_Z
<LI><a href="#[7c]">&gt;&gt;</a>&nbsp;&nbsp;&nbsp;TIM_SetCompare1
<LI><a href="#[7d]">&gt;&gt;</a>&nbsp;&nbsp;&nbsp;TIM_SetAutoreload
<LI><a href="#[78]">&gt;&gt;</a>&nbsp;&nbsp;&nbsp;TIM_GetITStatus
<LI><a href="#[76]">&gt;&gt;</a>&nbsp;&nbsp;&nbsp;TIM_Cmd
<LI><a href="#[6e]">&gt;&gt;</a>&nbsp;&nbsp;&nbsp;TIM_ClearITPendingBit
</UL>
<BR>[Called By]<UL><LI><a href="#[27]">&gt;&gt;</a>&nbsp;&nbsp;&nbsp;TIM3_IRQHandler
</UL>

<P><STRONG><a name="[27]"></a>TIM3_IRQHandler</STRONG> (Thumb, 8 bytes, Stack size 8 bytes, action_z.o(.text))
<BR><BR>[Stack]<UL><LI>Max Depth = 36<LI>Call Chain = TIM3_IRQHandler &rArr; speed_decision_Z &rArr; TIM_GetITStatus
</UL>
<BR>[Calls]<UL><LI><a href="#[99]">&gt;&gt;</a>&nbsp;&nbsp;&nbsp;speed_decision_Z
</UL>
<BR>[Address Reference Count : 1]<UL><LI> startup_stm32f40_41xxx.o(RESET)
</UL>
<P><STRONG><a name="[9b]"></a>DIR_Z</STRONG> (Thumb, 26 bytes, Stack size 8 bytes, action_z.o(.text))
<BR><BR>[Stack]<UL><LI>Max Depth = 8<LI>Call Chain = DIR_Z
</UL>
<BR>[Calls]<UL><LI><a href="#[88]">&gt;&gt;</a>&nbsp;&nbsp;&nbsp;GPIO_SetBits
<LI><a href="#[66]">&gt;&gt;</a>&nbsp;&nbsp;&nbsp;GPIO_ResetBits
</UL>
<BR>[Called By]<UL><LI><a href="#[9c]">&gt;&gt;</a>&nbsp;&nbsp;&nbsp;Move_Z
</UL>

<P><STRONG><a name="[9c]"></a>Move_Z</STRONG> (Thumb, 576 bytes, Stack size 96 bytes, action_z.o(.text))
<BR><BR>[Stack]<UL><LI>Max Depth = 184<LI>Call Chain = Move_Z &rArr; __aeabi_dmul &rArr; _double_epilogue &rArr; _double_round
</UL>
<BR>[Calls]<UL><LI><a href="#[9b]">&gt;&gt;</a>&nbsp;&nbsp;&nbsp;DIR_Z
<LI><a href="#[97]">&gt;&gt;</a>&nbsp;&nbsp;&nbsp;TIM_GetCounter
<LI><a href="#[82]">&gt;&gt;</a>&nbsp;&nbsp;&nbsp;__aeabi_ui2d
<LI><a href="#[80]">&gt;&gt;</a>&nbsp;&nbsp;&nbsp;__aeabi_f2d
<LI><a href="#[83]">&gt;&gt;</a>&nbsp;&nbsp;&nbsp;__aeabi_dmul
<LI><a href="#[84]">&gt;&gt;</a>&nbsp;&nbsp;&nbsp;__aeabi_ddiv
<LI><a href="#[86]">&gt;&gt;</a>&nbsp;&nbsp;&nbsp;__aeabi_d2iz
<LI><a href="#[85]">&gt;&gt;</a>&nbsp;&nbsp;&nbsp;__aeabi_d2f
<LI><a href="#[7c]">&gt;&gt;</a>&nbsp;&nbsp;&nbsp;TIM_SetCompare1
<LI><a href="#[7d]">&gt;&gt;</a>&nbsp;&nbsp;&nbsp;TIM_SetAutoreload
<LI><a href="#[76]">&gt;&gt;</a>&nbsp;&nbsp;&nbsp;TIM_Cmd
<LI><a href="#[81]">&gt;&gt;</a>&nbsp;&nbsp;&nbsp;__hardfp_sqrt
</UL>
<BR>[Called By]<UL><LI><a href="#[da]">&gt;&gt;</a>&nbsp;&nbsp;&nbsp;Turntable_3_2
<LI><a href="#[d9]">&gt;&gt;</a>&nbsp;&nbsp;&nbsp;Turntable_2_2
<LI><a href="#[d8]">&gt;&gt;</a>&nbsp;&nbsp;&nbsp;Turntable_1_2
<LI><a href="#[d1]">&gt;&gt;</a>&nbsp;&nbsp;&nbsp;Turntable_3
<LI><a href="#[d0]">&gt;&gt;</a>&nbsp;&nbsp;&nbsp;Turntable_2
<LI><a href="#[cf]">&gt;&gt;</a>&nbsp;&nbsp;&nbsp;Turntable_1
<LI><a href="#[c8]">&gt;&gt;</a>&nbsp;&nbsp;&nbsp;Mission_321
<LI><a href="#[c7]">&gt;&gt;</a>&nbsp;&nbsp;&nbsp;Mission_312
<LI><a href="#[c6]">&gt;&gt;</a>&nbsp;&nbsp;&nbsp;Mission_231
<LI><a href="#[c5]">&gt;&gt;</a>&nbsp;&nbsp;&nbsp;Mission_213
<LI><a href="#[c4]">&gt;&gt;</a>&nbsp;&nbsp;&nbsp;Mission_132
<LI><a href="#[c3]">&gt;&gt;</a>&nbsp;&nbsp;&nbsp;Mission_123
<LI><a href="#[c2]">&gt;&gt;</a>&nbsp;&nbsp;&nbsp;Task_321_2
<LI><a href="#[c1]">&gt;&gt;</a>&nbsp;&nbsp;&nbsp;Task_312_2
<LI><a href="#[c0]">&gt;&gt;</a>&nbsp;&nbsp;&nbsp;Task_231_2
<LI><a href="#[bf]">&gt;&gt;</a>&nbsp;&nbsp;&nbsp;Task_213_2
<LI><a href="#[be]">&gt;&gt;</a>&nbsp;&nbsp;&nbsp;Task_132_2
<LI><a href="#[bd]">&gt;&gt;</a>&nbsp;&nbsp;&nbsp;Task_123_2
<LI><a href="#[bc]">&gt;&gt;</a>&nbsp;&nbsp;&nbsp;Task_321
<LI><a href="#[bb]">&gt;&gt;</a>&nbsp;&nbsp;&nbsp;Task_312
<LI><a href="#[ba]">&gt;&gt;</a>&nbsp;&nbsp;&nbsp;Task_231
<LI><a href="#[b9]">&gt;&gt;</a>&nbsp;&nbsp;&nbsp;Task_213
<LI><a href="#[b8]">&gt;&gt;</a>&nbsp;&nbsp;&nbsp;Task_132
<LI><a href="#[b7]">&gt;&gt;</a>&nbsp;&nbsp;&nbsp;Task_123
<LI><a href="#[b6]">&gt;&gt;</a>&nbsp;&nbsp;&nbsp;Place_32
<LI><a href="#[b5]">&gt;&gt;</a>&nbsp;&nbsp;&nbsp;Place_23
<LI><a href="#[b4]">&gt;&gt;</a>&nbsp;&nbsp;&nbsp;Place_13
<LI><a href="#[b3]">&gt;&gt;</a>&nbsp;&nbsp;&nbsp;Place_33
<LI><a href="#[b2]">&gt;&gt;</a>&nbsp;&nbsp;&nbsp;Place_22
<LI><a href="#[b1]">&gt;&gt;</a>&nbsp;&nbsp;&nbsp;Place_11
<LI><a href="#[b0]">&gt;&gt;</a>&nbsp;&nbsp;&nbsp;Grab_33
<LI><a href="#[af]">&gt;&gt;</a>&nbsp;&nbsp;&nbsp;Grab_22
<LI><a href="#[ae]">&gt;&gt;</a>&nbsp;&nbsp;&nbsp;Grab_11
<LI><a href="#[ad]">&gt;&gt;</a>&nbsp;&nbsp;&nbsp;Pile_3
<LI><a href="#[ac]">&gt;&gt;</a>&nbsp;&nbsp;&nbsp;Pile_2
<LI><a href="#[ab]">&gt;&gt;</a>&nbsp;&nbsp;&nbsp;Pile_1
<LI><a href="#[aa]">&gt;&gt;</a>&nbsp;&nbsp;&nbsp;Place_3
<LI><a href="#[a9]">&gt;&gt;</a>&nbsp;&nbsp;&nbsp;Place_2
<LI><a href="#[a8]">&gt;&gt;</a>&nbsp;&nbsp;&nbsp;Place_1
<LI><a href="#[a7]">&gt;&gt;</a>&nbsp;&nbsp;&nbsp;Grab_3
<LI><a href="#[a6]">&gt;&gt;</a>&nbsp;&nbsp;&nbsp;Grab_2
<LI><a href="#[a2]">&gt;&gt;</a>&nbsp;&nbsp;&nbsp;Grab_1
</UL>

<P><STRONG><a name="[9d]"></a>Action_Turn_Z_PWM_Init</STRONG> (Thumb, 290 bytes, Stack size 48 bytes, action_turn_z.o(.text))
<BR><BR>[Stack]<UL><LI>Max Depth = 68<LI>Call Chain = Action_Turn_Z_PWM_Init &rArr; GPIO_PinAFConfig
</UL>
<BR>[Calls]<UL><LI><a href="#[6d]">&gt;&gt;</a>&nbsp;&nbsp;&nbsp;TIM_UpdateRequestConfig
<LI><a href="#[67]">&gt;&gt;</a>&nbsp;&nbsp;&nbsp;TIM_TimeBaseInit
<LI><a href="#[70]">&gt;&gt;</a>&nbsp;&nbsp;&nbsp;TIM_OC1PreloadConfig
<LI><a href="#[68]">&gt;&gt;</a>&nbsp;&nbsp;&nbsp;TIM_OC1Init
<LI><a href="#[6f]">&gt;&gt;</a>&nbsp;&nbsp;&nbsp;TIM_ITConfig
<LI><a href="#[75]">&gt;&gt;</a>&nbsp;&nbsp;&nbsp;TIM_CtrlPWMOutputs
<LI><a href="#[76]">&gt;&gt;</a>&nbsp;&nbsp;&nbsp;TIM_Cmd
<LI><a href="#[6e]">&gt;&gt;</a>&nbsp;&nbsp;&nbsp;TIM_ClearITPendingBit
<LI><a href="#[74]">&gt;&gt;</a>&nbsp;&nbsp;&nbsp;TIM_ARRPreloadConfig
<LI><a href="#[62]">&gt;&gt;</a>&nbsp;&nbsp;&nbsp;RCC_APB1PeriphClockCmd
<LI><a href="#[63]">&gt;&gt;</a>&nbsp;&nbsp;&nbsp;RCC_AHB1PeriphClockCmd
<LI><a href="#[6c]">&gt;&gt;</a>&nbsp;&nbsp;&nbsp;NVIC_Init
<LI><a href="#[66]">&gt;&gt;</a>&nbsp;&nbsp;&nbsp;GPIO_ResetBits
<LI><a href="#[64]">&gt;&gt;</a>&nbsp;&nbsp;&nbsp;GPIO_PinAFConfig
<LI><a href="#[65]">&gt;&gt;</a>&nbsp;&nbsp;&nbsp;GPIO_Init
</UL>
<BR>[Called By]<UL><LI><a href="#[ff]">&gt;&gt;</a>&nbsp;&nbsp;&nbsp;System_Init
</UL>

<P><STRONG><a name="[9f]"></a>StepCounter_Turn_Z</STRONG> (Thumb, 28 bytes, Stack size 0 bytes, action_turn_z.o(.text))
<BR><BR>[Called By]<UL><LI><a href="#[9e]">&gt;&gt;</a>&nbsp;&nbsp;&nbsp;speed_decision_Turn_Z
</UL>

<P><STRONG><a name="[9e]"></a>speed_decision_Turn_Z</STRONG> (Thumb, 488 bytes, Stack size 16 bytes, action_turn_z.o(.text))
<BR><BR>[Stack]<UL><LI>Max Depth = 28<LI>Call Chain = speed_decision_Turn_Z &rArr; TIM_GetITStatus
</UL>
<BR>[Calls]<UL><LI><a href="#[9f]">&gt;&gt;</a>&nbsp;&nbsp;&nbsp;StepCounter_Turn_Z
<LI><a href="#[7c]">&gt;&gt;</a>&nbsp;&nbsp;&nbsp;TIM_SetCompare1
<LI><a href="#[7d]">&gt;&gt;</a>&nbsp;&nbsp;&nbsp;TIM_SetAutoreload
<LI><a href="#[78]">&gt;&gt;</a>&nbsp;&nbsp;&nbsp;TIM_GetITStatus
<LI><a href="#[76]">&gt;&gt;</a>&nbsp;&nbsp;&nbsp;TIM_Cmd
<LI><a href="#[6e]">&gt;&gt;</a>&nbsp;&nbsp;&nbsp;TIM_ClearITPendingBit
</UL>
<BR>[Called By]<UL><LI><a href="#[28]">&gt;&gt;</a>&nbsp;&nbsp;&nbsp;TIM4_IRQHandler
</UL>

<P><STRONG><a name="[28]"></a>TIM4_IRQHandler</STRONG> (Thumb, 8 bytes, Stack size 8 bytes, action_turn_z.o(.text))
<BR><BR>[Stack]<UL><LI>Max Depth = 36<LI>Call Chain = TIM4_IRQHandler &rArr; speed_decision_Turn_Z &rArr; TIM_GetITStatus
</UL>
<BR>[Calls]<UL><LI><a href="#[9e]">&gt;&gt;</a>&nbsp;&nbsp;&nbsp;speed_decision_Turn_Z
</UL>
<BR>[Address Reference Count : 1]<UL><LI> startup_stm32f40_41xxx.o(RESET)
</UL>
<P><STRONG><a name="[a0]"></a>DIR_Turn_Z</STRONG> (Thumb, 30 bytes, Stack size 8 bytes, action_turn_z.o(.text))
<BR><BR>[Stack]<UL><LI>Max Depth = 8<LI>Call Chain = DIR_Turn_Z
</UL>
<BR>[Calls]<UL><LI><a href="#[88]">&gt;&gt;</a>&nbsp;&nbsp;&nbsp;GPIO_SetBits
<LI><a href="#[66]">&gt;&gt;</a>&nbsp;&nbsp;&nbsp;GPIO_ResetBits
</UL>
<BR>[Called By]<UL><LI><a href="#[a1]">&gt;&gt;</a>&nbsp;&nbsp;&nbsp;Move_Turn_Z
</UL>

<P><STRONG><a name="[a1]"></a>Move_Turn_Z</STRONG> (Thumb, 576 bytes, Stack size 96 bytes, action_turn_z.o(.text))
<BR><BR>[Stack]<UL><LI>Max Depth = 184<LI>Call Chain = Move_Turn_Z &rArr; __aeabi_dmul &rArr; _double_epilogue &rArr; _double_round
</UL>
<BR>[Calls]<UL><LI><a href="#[a0]">&gt;&gt;</a>&nbsp;&nbsp;&nbsp;DIR_Turn_Z
<LI><a href="#[97]">&gt;&gt;</a>&nbsp;&nbsp;&nbsp;TIM_GetCounter
<LI><a href="#[82]">&gt;&gt;</a>&nbsp;&nbsp;&nbsp;__aeabi_ui2d
<LI><a href="#[80]">&gt;&gt;</a>&nbsp;&nbsp;&nbsp;__aeabi_f2d
<LI><a href="#[83]">&gt;&gt;</a>&nbsp;&nbsp;&nbsp;__aeabi_dmul
<LI><a href="#[84]">&gt;&gt;</a>&nbsp;&nbsp;&nbsp;__aeabi_ddiv
<LI><a href="#[86]">&gt;&gt;</a>&nbsp;&nbsp;&nbsp;__aeabi_d2iz
<LI><a href="#[85]">&gt;&gt;</a>&nbsp;&nbsp;&nbsp;__aeabi_d2f
<LI><a href="#[7c]">&gt;&gt;</a>&nbsp;&nbsp;&nbsp;TIM_SetCompare1
<LI><a href="#[7d]">&gt;&gt;</a>&nbsp;&nbsp;&nbsp;TIM_SetAutoreload
<LI><a href="#[76]">&gt;&gt;</a>&nbsp;&nbsp;&nbsp;TIM_Cmd
<LI><a href="#[81]">&gt;&gt;</a>&nbsp;&nbsp;&nbsp;__hardfp_sqrt
</UL>
<BR>[Called By]<UL><LI><a href="#[5c]">&gt;&gt;</a>&nbsp;&nbsp;&nbsp;main
<LI><a href="#[da]">&gt;&gt;</a>&nbsp;&nbsp;&nbsp;Turntable_3_2
<LI><a href="#[d9]">&gt;&gt;</a>&nbsp;&nbsp;&nbsp;Turntable_2_2
<LI><a href="#[d8]">&gt;&gt;</a>&nbsp;&nbsp;&nbsp;Turntable_1_2
<LI><a href="#[d1]">&gt;&gt;</a>&nbsp;&nbsp;&nbsp;Turntable_3
<LI><a href="#[d0]">&gt;&gt;</a>&nbsp;&nbsp;&nbsp;Turntable_2
<LI><a href="#[cf]">&gt;&gt;</a>&nbsp;&nbsp;&nbsp;Turntable_1
<LI><a href="#[ce]">&gt;&gt;</a>&nbsp;&nbsp;&nbsp;Pile_321
<LI><a href="#[cd]">&gt;&gt;</a>&nbsp;&nbsp;&nbsp;Pile_312
<LI><a href="#[cc]">&gt;&gt;</a>&nbsp;&nbsp;&nbsp;Pile_231
<LI><a href="#[cb]">&gt;&gt;</a>&nbsp;&nbsp;&nbsp;Pile_213
<LI><a href="#[ca]">&gt;&gt;</a>&nbsp;&nbsp;&nbsp;Pile_132
<LI><a href="#[c9]">&gt;&gt;</a>&nbsp;&nbsp;&nbsp;Pile_123
<LI><a href="#[c8]">&gt;&gt;</a>&nbsp;&nbsp;&nbsp;Mission_321
<LI><a href="#[c7]">&gt;&gt;</a>&nbsp;&nbsp;&nbsp;Mission_312
<LI><a href="#[c6]">&gt;&gt;</a>&nbsp;&nbsp;&nbsp;Mission_231
<LI><a href="#[c5]">&gt;&gt;</a>&nbsp;&nbsp;&nbsp;Mission_213
<LI><a href="#[c4]">&gt;&gt;</a>&nbsp;&nbsp;&nbsp;Mission_132
<LI><a href="#[c3]">&gt;&gt;</a>&nbsp;&nbsp;&nbsp;Mission_123
<LI><a href="#[c2]">&gt;&gt;</a>&nbsp;&nbsp;&nbsp;Task_321_2
<LI><a href="#[c1]">&gt;&gt;</a>&nbsp;&nbsp;&nbsp;Task_312_2
<LI><a href="#[c0]">&gt;&gt;</a>&nbsp;&nbsp;&nbsp;Task_231_2
<LI><a href="#[bf]">&gt;&gt;</a>&nbsp;&nbsp;&nbsp;Task_213_2
<LI><a href="#[be]">&gt;&gt;</a>&nbsp;&nbsp;&nbsp;Task_132_2
<LI><a href="#[bd]">&gt;&gt;</a>&nbsp;&nbsp;&nbsp;Task_123_2
<LI><a href="#[bc]">&gt;&gt;</a>&nbsp;&nbsp;&nbsp;Task_321
<LI><a href="#[bb]">&gt;&gt;</a>&nbsp;&nbsp;&nbsp;Task_312
<LI><a href="#[ba]">&gt;&gt;</a>&nbsp;&nbsp;&nbsp;Task_231
<LI><a href="#[b9]">&gt;&gt;</a>&nbsp;&nbsp;&nbsp;Task_213
<LI><a href="#[b8]">&gt;&gt;</a>&nbsp;&nbsp;&nbsp;Task_132
<LI><a href="#[b7]">&gt;&gt;</a>&nbsp;&nbsp;&nbsp;Task_123
<LI><a href="#[b6]">&gt;&gt;</a>&nbsp;&nbsp;&nbsp;Place_32
<LI><a href="#[b5]">&gt;&gt;</a>&nbsp;&nbsp;&nbsp;Place_23
<LI><a href="#[b4]">&gt;&gt;</a>&nbsp;&nbsp;&nbsp;Place_13
<LI><a href="#[b3]">&gt;&gt;</a>&nbsp;&nbsp;&nbsp;Place_33
<LI><a href="#[b2]">&gt;&gt;</a>&nbsp;&nbsp;&nbsp;Place_22
<LI><a href="#[b1]">&gt;&gt;</a>&nbsp;&nbsp;&nbsp;Place_11
<LI><a href="#[b0]">&gt;&gt;</a>&nbsp;&nbsp;&nbsp;Grab_33
<LI><a href="#[af]">&gt;&gt;</a>&nbsp;&nbsp;&nbsp;Grab_22
<LI><a href="#[ae]">&gt;&gt;</a>&nbsp;&nbsp;&nbsp;Grab_11
<LI><a href="#[ad]">&gt;&gt;</a>&nbsp;&nbsp;&nbsp;Pile_3
<LI><a href="#[ac]">&gt;&gt;</a>&nbsp;&nbsp;&nbsp;Pile_2
<LI><a href="#[ab]">&gt;&gt;</a>&nbsp;&nbsp;&nbsp;Pile_1
<LI><a href="#[aa]">&gt;&gt;</a>&nbsp;&nbsp;&nbsp;Place_3
<LI><a href="#[a9]">&gt;&gt;</a>&nbsp;&nbsp;&nbsp;Place_2
<LI><a href="#[a8]">&gt;&gt;</a>&nbsp;&nbsp;&nbsp;Place_1
<LI><a href="#[a7]">&gt;&gt;</a>&nbsp;&nbsp;&nbsp;Grab_3
<LI><a href="#[a6]">&gt;&gt;</a>&nbsp;&nbsp;&nbsp;Grab_2
<LI><a href="#[a2]">&gt;&gt;</a>&nbsp;&nbsp;&nbsp;Grab_1
</UL>

<P><STRONG><a name="[a2]"></a>Grab_1</STRONG> (Thumb, 516 bytes, Stack size 8 bytes, action.o(.text))
<BR><BR>[Stack]<UL><LI>Max Depth = 192<LI>Call Chain = Grab_1 &rArr; Move_Turn_Z &rArr; __aeabi_dmul &rArr; _double_epilogue &rArr; _double_round
</UL>
<BR>[Calls]<UL><LI><a href="#[a4]">&gt;&gt;</a>&nbsp;&nbsp;&nbsp;delay_ms
<LI><a href="#[a5]">&gt;&gt;</a>&nbsp;&nbsp;&nbsp;Servo_SetAngle4
<LI><a href="#[a3]">&gt;&gt;</a>&nbsp;&nbsp;&nbsp;Servo_SetAngle3
<LI><a href="#[a1]">&gt;&gt;</a>&nbsp;&nbsp;&nbsp;Move_Turn_Z
<LI><a href="#[9c]">&gt;&gt;</a>&nbsp;&nbsp;&nbsp;Move_Z
<LI><a href="#[76]">&gt;&gt;</a>&nbsp;&nbsp;&nbsp;TIM_Cmd
<LI><a href="#[88]">&gt;&gt;</a>&nbsp;&nbsp;&nbsp;GPIO_SetBits
</UL>
<BR>[Called By]<UL><LI><a href="#[bc]">&gt;&gt;</a>&nbsp;&nbsp;&nbsp;Task_321
<LI><a href="#[bb]">&gt;&gt;</a>&nbsp;&nbsp;&nbsp;Task_312
<LI><a href="#[ba]">&gt;&gt;</a>&nbsp;&nbsp;&nbsp;Task_231
<LI><a href="#[b9]">&gt;&gt;</a>&nbsp;&nbsp;&nbsp;Task_213
<LI><a href="#[b8]">&gt;&gt;</a>&nbsp;&nbsp;&nbsp;Task_132
<LI><a href="#[b7]">&gt;&gt;</a>&nbsp;&nbsp;&nbsp;Task_123
</UL>

<P><STRONG><a name="[a6]"></a>Grab_2</STRONG> (Thumb, 718 bytes, Stack size 8 bytes, action.o(.text))
<BR><BR>[Stack]<UL><LI>Max Depth = 192<LI>Call Chain = Grab_2 &rArr; Move_Turn_Z &rArr; __aeabi_dmul &rArr; _double_epilogue &rArr; _double_round
</UL>
<BR>[Calls]<UL><LI><a href="#[a4]">&gt;&gt;</a>&nbsp;&nbsp;&nbsp;delay_ms
<LI><a href="#[a5]">&gt;&gt;</a>&nbsp;&nbsp;&nbsp;Servo_SetAngle4
<LI><a href="#[a3]">&gt;&gt;</a>&nbsp;&nbsp;&nbsp;Servo_SetAngle3
<LI><a href="#[a1]">&gt;&gt;</a>&nbsp;&nbsp;&nbsp;Move_Turn_Z
<LI><a href="#[9c]">&gt;&gt;</a>&nbsp;&nbsp;&nbsp;Move_Z
<LI><a href="#[96]">&gt;&gt;</a>&nbsp;&nbsp;&nbsp;Move_Y
<LI><a href="#[76]">&gt;&gt;</a>&nbsp;&nbsp;&nbsp;TIM_Cmd
<LI><a href="#[88]">&gt;&gt;</a>&nbsp;&nbsp;&nbsp;GPIO_SetBits
</UL>
<BR>[Called By]<UL><LI><a href="#[bc]">&gt;&gt;</a>&nbsp;&nbsp;&nbsp;Task_321
<LI><a href="#[bb]">&gt;&gt;</a>&nbsp;&nbsp;&nbsp;Task_312
<LI><a href="#[ba]">&gt;&gt;</a>&nbsp;&nbsp;&nbsp;Task_231
<LI><a href="#[b9]">&gt;&gt;</a>&nbsp;&nbsp;&nbsp;Task_213
<LI><a href="#[b8]">&gt;&gt;</a>&nbsp;&nbsp;&nbsp;Task_132
<LI><a href="#[b7]">&gt;&gt;</a>&nbsp;&nbsp;&nbsp;Task_123
</UL>

<P><STRONG><a name="[a7]"></a>Grab_3</STRONG> (Thumb, 518 bytes, Stack size 8 bytes, action.o(.text))
<BR><BR>[Stack]<UL><LI>Max Depth = 192<LI>Call Chain = Grab_3 &rArr; Move_Turn_Z &rArr; __aeabi_dmul &rArr; _double_epilogue &rArr; _double_round
</UL>
<BR>[Calls]<UL><LI><a href="#[a4]">&gt;&gt;</a>&nbsp;&nbsp;&nbsp;delay_ms
<LI><a href="#[a5]">&gt;&gt;</a>&nbsp;&nbsp;&nbsp;Servo_SetAngle4
<LI><a href="#[a3]">&gt;&gt;</a>&nbsp;&nbsp;&nbsp;Servo_SetAngle3
<LI><a href="#[a1]">&gt;&gt;</a>&nbsp;&nbsp;&nbsp;Move_Turn_Z
<LI><a href="#[9c]">&gt;&gt;</a>&nbsp;&nbsp;&nbsp;Move_Z
<LI><a href="#[76]">&gt;&gt;</a>&nbsp;&nbsp;&nbsp;TIM_Cmd
<LI><a href="#[88]">&gt;&gt;</a>&nbsp;&nbsp;&nbsp;GPIO_SetBits
</UL>
<BR>[Called By]<UL><LI><a href="#[bc]">&gt;&gt;</a>&nbsp;&nbsp;&nbsp;Task_321
<LI><a href="#[bb]">&gt;&gt;</a>&nbsp;&nbsp;&nbsp;Task_312
<LI><a href="#[ba]">&gt;&gt;</a>&nbsp;&nbsp;&nbsp;Task_231
<LI><a href="#[b9]">&gt;&gt;</a>&nbsp;&nbsp;&nbsp;Task_213
<LI><a href="#[b8]">&gt;&gt;</a>&nbsp;&nbsp;&nbsp;Task_132
<LI><a href="#[b7]">&gt;&gt;</a>&nbsp;&nbsp;&nbsp;Task_123
</UL>

<P><STRONG><a name="[a8]"></a>Place_1</STRONG> (Thumb, 644 bytes, Stack size 8 bytes, action.o(.text))
<BR><BR>[Stack]<UL><LI>Max Depth = 192<LI>Call Chain = Place_1 &rArr; Move_Turn_Z &rArr; __aeabi_dmul &rArr; _double_epilogue &rArr; _double_round
</UL>
<BR>[Calls]<UL><LI><a href="#[a4]">&gt;&gt;</a>&nbsp;&nbsp;&nbsp;delay_ms
<LI><a href="#[a5]">&gt;&gt;</a>&nbsp;&nbsp;&nbsp;Servo_SetAngle4
<LI><a href="#[a3]">&gt;&gt;</a>&nbsp;&nbsp;&nbsp;Servo_SetAngle3
<LI><a href="#[a1]">&gt;&gt;</a>&nbsp;&nbsp;&nbsp;Move_Turn_Z
<LI><a href="#[9c]">&gt;&gt;</a>&nbsp;&nbsp;&nbsp;Move_Z
<LI><a href="#[96]">&gt;&gt;</a>&nbsp;&nbsp;&nbsp;Move_Y
<LI><a href="#[76]">&gt;&gt;</a>&nbsp;&nbsp;&nbsp;TIM_Cmd
<LI><a href="#[88]">&gt;&gt;</a>&nbsp;&nbsp;&nbsp;GPIO_SetBits
</UL>
<BR>[Called By]<UL><LI><a href="#[bc]">&gt;&gt;</a>&nbsp;&nbsp;&nbsp;Task_321
<LI><a href="#[bb]">&gt;&gt;</a>&nbsp;&nbsp;&nbsp;Task_312
<LI><a href="#[ba]">&gt;&gt;</a>&nbsp;&nbsp;&nbsp;Task_231
<LI><a href="#[b9]">&gt;&gt;</a>&nbsp;&nbsp;&nbsp;Task_213
<LI><a href="#[b8]">&gt;&gt;</a>&nbsp;&nbsp;&nbsp;Task_132
<LI><a href="#[b7]">&gt;&gt;</a>&nbsp;&nbsp;&nbsp;Task_123
</UL>

<P><STRONG><a name="[a9]"></a>Place_2</STRONG> (Thumb, 640 bytes, Stack size 8 bytes, action.o(.text))
<BR><BR>[Stack]<UL><LI>Max Depth = 192<LI>Call Chain = Place_2 &rArr; Move_Turn_Z &rArr; __aeabi_dmul &rArr; _double_epilogue &rArr; _double_round
</UL>
<BR>[Calls]<UL><LI><a href="#[a4]">&gt;&gt;</a>&nbsp;&nbsp;&nbsp;delay_ms
<LI><a href="#[a5]">&gt;&gt;</a>&nbsp;&nbsp;&nbsp;Servo_SetAngle4
<LI><a href="#[a3]">&gt;&gt;</a>&nbsp;&nbsp;&nbsp;Servo_SetAngle3
<LI><a href="#[a1]">&gt;&gt;</a>&nbsp;&nbsp;&nbsp;Move_Turn_Z
<LI><a href="#[9c]">&gt;&gt;</a>&nbsp;&nbsp;&nbsp;Move_Z
<LI><a href="#[96]">&gt;&gt;</a>&nbsp;&nbsp;&nbsp;Move_Y
<LI><a href="#[76]">&gt;&gt;</a>&nbsp;&nbsp;&nbsp;TIM_Cmd
<LI><a href="#[88]">&gt;&gt;</a>&nbsp;&nbsp;&nbsp;GPIO_SetBits
</UL>
<BR>[Called By]<UL><LI><a href="#[bc]">&gt;&gt;</a>&nbsp;&nbsp;&nbsp;Task_321
<LI><a href="#[bb]">&gt;&gt;</a>&nbsp;&nbsp;&nbsp;Task_312
<LI><a href="#[ba]">&gt;&gt;</a>&nbsp;&nbsp;&nbsp;Task_231
<LI><a href="#[b9]">&gt;&gt;</a>&nbsp;&nbsp;&nbsp;Task_213
<LI><a href="#[b8]">&gt;&gt;</a>&nbsp;&nbsp;&nbsp;Task_132
<LI><a href="#[b7]">&gt;&gt;</a>&nbsp;&nbsp;&nbsp;Task_123
</UL>

<P><STRONG><a name="[aa]"></a>Place_3</STRONG> (Thumb, 644 bytes, Stack size 8 bytes, action.o(.text))
<BR><BR>[Stack]<UL><LI>Max Depth = 192<LI>Call Chain = Place_3 &rArr; Move_Turn_Z &rArr; __aeabi_dmul &rArr; _double_epilogue &rArr; _double_round
</UL>
<BR>[Calls]<UL><LI><a href="#[a4]">&gt;&gt;</a>&nbsp;&nbsp;&nbsp;delay_ms
<LI><a href="#[a5]">&gt;&gt;</a>&nbsp;&nbsp;&nbsp;Servo_SetAngle4
<LI><a href="#[a3]">&gt;&gt;</a>&nbsp;&nbsp;&nbsp;Servo_SetAngle3
<LI><a href="#[a1]">&gt;&gt;</a>&nbsp;&nbsp;&nbsp;Move_Turn_Z
<LI><a href="#[9c]">&gt;&gt;</a>&nbsp;&nbsp;&nbsp;Move_Z
<LI><a href="#[96]">&gt;&gt;</a>&nbsp;&nbsp;&nbsp;Move_Y
<LI><a href="#[76]">&gt;&gt;</a>&nbsp;&nbsp;&nbsp;TIM_Cmd
<LI><a href="#[88]">&gt;&gt;</a>&nbsp;&nbsp;&nbsp;GPIO_SetBits
</UL>
<BR>[Called By]<UL><LI><a href="#[bc]">&gt;&gt;</a>&nbsp;&nbsp;&nbsp;Task_321
<LI><a href="#[bb]">&gt;&gt;</a>&nbsp;&nbsp;&nbsp;Task_312
<LI><a href="#[ba]">&gt;&gt;</a>&nbsp;&nbsp;&nbsp;Task_231
<LI><a href="#[b9]">&gt;&gt;</a>&nbsp;&nbsp;&nbsp;Task_213
<LI><a href="#[b8]">&gt;&gt;</a>&nbsp;&nbsp;&nbsp;Task_132
<LI><a href="#[b7]">&gt;&gt;</a>&nbsp;&nbsp;&nbsp;Task_123
</UL>

<P><STRONG><a name="[ab]"></a>Pile_1</STRONG> (Thumb, 548 bytes, Stack size 8 bytes, action.o(.text), UNUSED)
<BR><BR>[Calls]<UL><LI><a href="#[a5]">&gt;&gt;</a>&nbsp;&nbsp;&nbsp;Servo_SetAngle4
<LI><a href="#[a3]">&gt;&gt;</a>&nbsp;&nbsp;&nbsp;Servo_SetAngle3
<LI><a href="#[a1]">&gt;&gt;</a>&nbsp;&nbsp;&nbsp;Move_Turn_Z
<LI><a href="#[9c]">&gt;&gt;</a>&nbsp;&nbsp;&nbsp;Move_Z
<LI><a href="#[96]">&gt;&gt;</a>&nbsp;&nbsp;&nbsp;Move_Y
<LI><a href="#[76]">&gt;&gt;</a>&nbsp;&nbsp;&nbsp;TIM_Cmd
<LI><a href="#[88]">&gt;&gt;</a>&nbsp;&nbsp;&nbsp;GPIO_SetBits
</UL>
<BR>[Called By]<UL><LI><a href="#[ce]">&gt;&gt;</a>&nbsp;&nbsp;&nbsp;Pile_321
<LI><a href="#[cd]">&gt;&gt;</a>&nbsp;&nbsp;&nbsp;Pile_312
<LI><a href="#[cc]">&gt;&gt;</a>&nbsp;&nbsp;&nbsp;Pile_231
<LI><a href="#[cb]">&gt;&gt;</a>&nbsp;&nbsp;&nbsp;Pile_213
<LI><a href="#[ca]">&gt;&gt;</a>&nbsp;&nbsp;&nbsp;Pile_132
<LI><a href="#[c9]">&gt;&gt;</a>&nbsp;&nbsp;&nbsp;Pile_123
</UL>

<P><STRONG><a name="[ac]"></a>Pile_2</STRONG> (Thumb, 710 bytes, Stack size 8 bytes, action.o(.text), UNUSED)
<BR><BR>[Calls]<UL><LI><a href="#[a5]">&gt;&gt;</a>&nbsp;&nbsp;&nbsp;Servo_SetAngle4
<LI><a href="#[a3]">&gt;&gt;</a>&nbsp;&nbsp;&nbsp;Servo_SetAngle3
<LI><a href="#[a1]">&gt;&gt;</a>&nbsp;&nbsp;&nbsp;Move_Turn_Z
<LI><a href="#[9c]">&gt;&gt;</a>&nbsp;&nbsp;&nbsp;Move_Z
<LI><a href="#[96]">&gt;&gt;</a>&nbsp;&nbsp;&nbsp;Move_Y
<LI><a href="#[76]">&gt;&gt;</a>&nbsp;&nbsp;&nbsp;TIM_Cmd
<LI><a href="#[88]">&gt;&gt;</a>&nbsp;&nbsp;&nbsp;GPIO_SetBits
</UL>
<BR>[Called By]<UL><LI><a href="#[ce]">&gt;&gt;</a>&nbsp;&nbsp;&nbsp;Pile_321
<LI><a href="#[cd]">&gt;&gt;</a>&nbsp;&nbsp;&nbsp;Pile_312
<LI><a href="#[cc]">&gt;&gt;</a>&nbsp;&nbsp;&nbsp;Pile_231
<LI><a href="#[cb]">&gt;&gt;</a>&nbsp;&nbsp;&nbsp;Pile_213
<LI><a href="#[ca]">&gt;&gt;</a>&nbsp;&nbsp;&nbsp;Pile_132
<LI><a href="#[c9]">&gt;&gt;</a>&nbsp;&nbsp;&nbsp;Pile_123
</UL>

<P><STRONG><a name="[ad]"></a>Pile_3</STRONG> (Thumb, 632 bytes, Stack size 8 bytes, action.o(.text), UNUSED)
<BR><BR>[Calls]<UL><LI><a href="#[a5]">&gt;&gt;</a>&nbsp;&nbsp;&nbsp;Servo_SetAngle4
<LI><a href="#[a3]">&gt;&gt;</a>&nbsp;&nbsp;&nbsp;Servo_SetAngle3
<LI><a href="#[a1]">&gt;&gt;</a>&nbsp;&nbsp;&nbsp;Move_Turn_Z
<LI><a href="#[9c]">&gt;&gt;</a>&nbsp;&nbsp;&nbsp;Move_Z
<LI><a href="#[96]">&gt;&gt;</a>&nbsp;&nbsp;&nbsp;Move_Y
<LI><a href="#[76]">&gt;&gt;</a>&nbsp;&nbsp;&nbsp;TIM_Cmd
<LI><a href="#[88]">&gt;&gt;</a>&nbsp;&nbsp;&nbsp;GPIO_SetBits
</UL>
<BR>[Called By]<UL><LI><a href="#[ce]">&gt;&gt;</a>&nbsp;&nbsp;&nbsp;Pile_321
<LI><a href="#[cd]">&gt;&gt;</a>&nbsp;&nbsp;&nbsp;Pile_312
<LI><a href="#[cc]">&gt;&gt;</a>&nbsp;&nbsp;&nbsp;Pile_231
<LI><a href="#[cb]">&gt;&gt;</a>&nbsp;&nbsp;&nbsp;Pile_213
<LI><a href="#[ca]">&gt;&gt;</a>&nbsp;&nbsp;&nbsp;Pile_132
<LI><a href="#[c9]">&gt;&gt;</a>&nbsp;&nbsp;&nbsp;Pile_123
</UL>

<P><STRONG><a name="[ae]"></a>Grab_11</STRONG> (Thumb, 516 bytes, Stack size 8 bytes, action.o(.text))
<BR><BR>[Stack]<UL><LI>Max Depth = 192<LI>Call Chain = Grab_11 &rArr; Move_Turn_Z &rArr; __aeabi_dmul &rArr; _double_epilogue &rArr; _double_round
</UL>
<BR>[Calls]<UL><LI><a href="#[a4]">&gt;&gt;</a>&nbsp;&nbsp;&nbsp;delay_ms
<LI><a href="#[a5]">&gt;&gt;</a>&nbsp;&nbsp;&nbsp;Servo_SetAngle4
<LI><a href="#[a3]">&gt;&gt;</a>&nbsp;&nbsp;&nbsp;Servo_SetAngle3
<LI><a href="#[a1]">&gt;&gt;</a>&nbsp;&nbsp;&nbsp;Move_Turn_Z
<LI><a href="#[9c]">&gt;&gt;</a>&nbsp;&nbsp;&nbsp;Move_Z
<LI><a href="#[76]">&gt;&gt;</a>&nbsp;&nbsp;&nbsp;TIM_Cmd
<LI><a href="#[88]">&gt;&gt;</a>&nbsp;&nbsp;&nbsp;GPIO_SetBits
</UL>
<BR>[Called By]<UL><LI><a href="#[c2]">&gt;&gt;</a>&nbsp;&nbsp;&nbsp;Task_321_2
<LI><a href="#[c1]">&gt;&gt;</a>&nbsp;&nbsp;&nbsp;Task_312_2
<LI><a href="#[c0]">&gt;&gt;</a>&nbsp;&nbsp;&nbsp;Task_231_2
<LI><a href="#[bf]">&gt;&gt;</a>&nbsp;&nbsp;&nbsp;Task_213_2
<LI><a href="#[be]">&gt;&gt;</a>&nbsp;&nbsp;&nbsp;Task_132_2
<LI><a href="#[bd]">&gt;&gt;</a>&nbsp;&nbsp;&nbsp;Task_123_2
</UL>

<P><STRONG><a name="[af]"></a>Grab_22</STRONG> (Thumb, 730 bytes, Stack size 8 bytes, action.o(.text))
<BR><BR>[Stack]<UL><LI>Max Depth = 192<LI>Call Chain = Grab_22 &rArr; Move_Turn_Z &rArr; __aeabi_dmul &rArr; _double_epilogue &rArr; _double_round
</UL>
<BR>[Calls]<UL><LI><a href="#[a4]">&gt;&gt;</a>&nbsp;&nbsp;&nbsp;delay_ms
<LI><a href="#[a5]">&gt;&gt;</a>&nbsp;&nbsp;&nbsp;Servo_SetAngle4
<LI><a href="#[a3]">&gt;&gt;</a>&nbsp;&nbsp;&nbsp;Servo_SetAngle3
<LI><a href="#[a1]">&gt;&gt;</a>&nbsp;&nbsp;&nbsp;Move_Turn_Z
<LI><a href="#[9c]">&gt;&gt;</a>&nbsp;&nbsp;&nbsp;Move_Z
<LI><a href="#[96]">&gt;&gt;</a>&nbsp;&nbsp;&nbsp;Move_Y
<LI><a href="#[76]">&gt;&gt;</a>&nbsp;&nbsp;&nbsp;TIM_Cmd
<LI><a href="#[88]">&gt;&gt;</a>&nbsp;&nbsp;&nbsp;GPIO_SetBits
</UL>
<BR>[Called By]<UL><LI><a href="#[c2]">&gt;&gt;</a>&nbsp;&nbsp;&nbsp;Task_321_2
<LI><a href="#[c1]">&gt;&gt;</a>&nbsp;&nbsp;&nbsp;Task_312_2
<LI><a href="#[c0]">&gt;&gt;</a>&nbsp;&nbsp;&nbsp;Task_231_2
<LI><a href="#[bf]">&gt;&gt;</a>&nbsp;&nbsp;&nbsp;Task_213_2
<LI><a href="#[be]">&gt;&gt;</a>&nbsp;&nbsp;&nbsp;Task_132_2
<LI><a href="#[bd]">&gt;&gt;</a>&nbsp;&nbsp;&nbsp;Task_123_2
</UL>

<P><STRONG><a name="[b0]"></a>Grab_33</STRONG> (Thumb, 514 bytes, Stack size 8 bytes, action.o(.text))
<BR><BR>[Stack]<UL><LI>Max Depth = 192<LI>Call Chain = Grab_33 &rArr; Move_Turn_Z &rArr; __aeabi_dmul &rArr; _double_epilogue &rArr; _double_round
</UL>
<BR>[Calls]<UL><LI><a href="#[a4]">&gt;&gt;</a>&nbsp;&nbsp;&nbsp;delay_ms
<LI><a href="#[a5]">&gt;&gt;</a>&nbsp;&nbsp;&nbsp;Servo_SetAngle4
<LI><a href="#[a3]">&gt;&gt;</a>&nbsp;&nbsp;&nbsp;Servo_SetAngle3
<LI><a href="#[a1]">&gt;&gt;</a>&nbsp;&nbsp;&nbsp;Move_Turn_Z
<LI><a href="#[9c]">&gt;&gt;</a>&nbsp;&nbsp;&nbsp;Move_Z
<LI><a href="#[76]">&gt;&gt;</a>&nbsp;&nbsp;&nbsp;TIM_Cmd
<LI><a href="#[88]">&gt;&gt;</a>&nbsp;&nbsp;&nbsp;GPIO_SetBits
</UL>
<BR>[Called By]<UL><LI><a href="#[c2]">&gt;&gt;</a>&nbsp;&nbsp;&nbsp;Task_321_2
<LI><a href="#[c1]">&gt;&gt;</a>&nbsp;&nbsp;&nbsp;Task_312_2
<LI><a href="#[c0]">&gt;&gt;</a>&nbsp;&nbsp;&nbsp;Task_231_2
<LI><a href="#[bf]">&gt;&gt;</a>&nbsp;&nbsp;&nbsp;Task_213_2
<LI><a href="#[be]">&gt;&gt;</a>&nbsp;&nbsp;&nbsp;Task_132_2
<LI><a href="#[bd]">&gt;&gt;</a>&nbsp;&nbsp;&nbsp;Task_123_2
</UL>

<P><STRONG><a name="[b1]"></a>Place_11</STRONG> (Thumb, 642 bytes, Stack size 8 bytes, action.o(.text))
<BR><BR>[Stack]<UL><LI>Max Depth = 192<LI>Call Chain = Place_11 &rArr; Move_Turn_Z &rArr; __aeabi_dmul &rArr; _double_epilogue &rArr; _double_round
</UL>
<BR>[Calls]<UL><LI><a href="#[a4]">&gt;&gt;</a>&nbsp;&nbsp;&nbsp;delay_ms
<LI><a href="#[a5]">&gt;&gt;</a>&nbsp;&nbsp;&nbsp;Servo_SetAngle4
<LI><a href="#[a3]">&gt;&gt;</a>&nbsp;&nbsp;&nbsp;Servo_SetAngle3
<LI><a href="#[a1]">&gt;&gt;</a>&nbsp;&nbsp;&nbsp;Move_Turn_Z
<LI><a href="#[9c]">&gt;&gt;</a>&nbsp;&nbsp;&nbsp;Move_Z
<LI><a href="#[96]">&gt;&gt;</a>&nbsp;&nbsp;&nbsp;Move_Y
<LI><a href="#[76]">&gt;&gt;</a>&nbsp;&nbsp;&nbsp;TIM_Cmd
<LI><a href="#[88]">&gt;&gt;</a>&nbsp;&nbsp;&nbsp;GPIO_SetBits
</UL>
<BR>[Called By]<UL><LI><a href="#[c8]">&gt;&gt;</a>&nbsp;&nbsp;&nbsp;Mission_321
<LI><a href="#[c7]">&gt;&gt;</a>&nbsp;&nbsp;&nbsp;Mission_312
<LI><a href="#[c6]">&gt;&gt;</a>&nbsp;&nbsp;&nbsp;Mission_231
<LI><a href="#[c5]">&gt;&gt;</a>&nbsp;&nbsp;&nbsp;Mission_213
<LI><a href="#[c4]">&gt;&gt;</a>&nbsp;&nbsp;&nbsp;Mission_132
<LI><a href="#[c3]">&gt;&gt;</a>&nbsp;&nbsp;&nbsp;Mission_123
</UL>

<P><STRONG><a name="[b2]"></a>Place_22</STRONG> (Thumb, 640 bytes, Stack size 8 bytes, action.o(.text))
<BR><BR>[Stack]<UL><LI>Max Depth = 192<LI>Call Chain = Place_22 &rArr; Move_Turn_Z &rArr; __aeabi_dmul &rArr; _double_epilogue &rArr; _double_round
</UL>
<BR>[Calls]<UL><LI><a href="#[a4]">&gt;&gt;</a>&nbsp;&nbsp;&nbsp;delay_ms
<LI><a href="#[a5]">&gt;&gt;</a>&nbsp;&nbsp;&nbsp;Servo_SetAngle4
<LI><a href="#[a3]">&gt;&gt;</a>&nbsp;&nbsp;&nbsp;Servo_SetAngle3
<LI><a href="#[a1]">&gt;&gt;</a>&nbsp;&nbsp;&nbsp;Move_Turn_Z
<LI><a href="#[9c]">&gt;&gt;</a>&nbsp;&nbsp;&nbsp;Move_Z
<LI><a href="#[96]">&gt;&gt;</a>&nbsp;&nbsp;&nbsp;Move_Y
<LI><a href="#[76]">&gt;&gt;</a>&nbsp;&nbsp;&nbsp;TIM_Cmd
<LI><a href="#[88]">&gt;&gt;</a>&nbsp;&nbsp;&nbsp;GPIO_SetBits
</UL>
<BR>[Called By]<UL><LI><a href="#[c8]">&gt;&gt;</a>&nbsp;&nbsp;&nbsp;Mission_321
<LI><a href="#[c7]">&gt;&gt;</a>&nbsp;&nbsp;&nbsp;Mission_312
<LI><a href="#[c6]">&gt;&gt;</a>&nbsp;&nbsp;&nbsp;Mission_231
<LI><a href="#[c5]">&gt;&gt;</a>&nbsp;&nbsp;&nbsp;Mission_213
<LI><a href="#[c4]">&gt;&gt;</a>&nbsp;&nbsp;&nbsp;Mission_132
<LI><a href="#[c3]">&gt;&gt;</a>&nbsp;&nbsp;&nbsp;Mission_123
</UL>

<P><STRONG><a name="[b3]"></a>Place_33</STRONG> (Thumb, 642 bytes, Stack size 8 bytes, action.o(.text))
<BR><BR>[Stack]<UL><LI>Max Depth = 192<LI>Call Chain = Place_33 &rArr; Move_Turn_Z &rArr; __aeabi_dmul &rArr; _double_epilogue &rArr; _double_round
</UL>
<BR>[Calls]<UL><LI><a href="#[a4]">&gt;&gt;</a>&nbsp;&nbsp;&nbsp;delay_ms
<LI><a href="#[a5]">&gt;&gt;</a>&nbsp;&nbsp;&nbsp;Servo_SetAngle4
<LI><a href="#[a3]">&gt;&gt;</a>&nbsp;&nbsp;&nbsp;Servo_SetAngle3
<LI><a href="#[a1]">&gt;&gt;</a>&nbsp;&nbsp;&nbsp;Move_Turn_Z
<LI><a href="#[9c]">&gt;&gt;</a>&nbsp;&nbsp;&nbsp;Move_Z
<LI><a href="#[96]">&gt;&gt;</a>&nbsp;&nbsp;&nbsp;Move_Y
<LI><a href="#[76]">&gt;&gt;</a>&nbsp;&nbsp;&nbsp;TIM_Cmd
<LI><a href="#[88]">&gt;&gt;</a>&nbsp;&nbsp;&nbsp;GPIO_SetBits
</UL>
<BR>[Called By]<UL><LI><a href="#[c8]">&gt;&gt;</a>&nbsp;&nbsp;&nbsp;Mission_321
<LI><a href="#[c7]">&gt;&gt;</a>&nbsp;&nbsp;&nbsp;Mission_312
<LI><a href="#[c6]">&gt;&gt;</a>&nbsp;&nbsp;&nbsp;Mission_231
<LI><a href="#[c5]">&gt;&gt;</a>&nbsp;&nbsp;&nbsp;Mission_213
<LI><a href="#[c4]">&gt;&gt;</a>&nbsp;&nbsp;&nbsp;Mission_132
<LI><a href="#[c3]">&gt;&gt;</a>&nbsp;&nbsp;&nbsp;Mission_123
</UL>

<P><STRONG><a name="[b4]"></a>Place_13</STRONG> (Thumb, 638 bytes, Stack size 8 bytes, action.o(.text))
<BR><BR>[Stack]<UL><LI>Max Depth = 192<LI>Call Chain = Place_13 &rArr; Move_Turn_Z &rArr; __aeabi_dmul &rArr; _double_epilogue &rArr; _double_round
</UL>
<BR>[Calls]<UL><LI><a href="#[a4]">&gt;&gt;</a>&nbsp;&nbsp;&nbsp;delay_ms
<LI><a href="#[a5]">&gt;&gt;</a>&nbsp;&nbsp;&nbsp;Servo_SetAngle4
<LI><a href="#[a3]">&gt;&gt;</a>&nbsp;&nbsp;&nbsp;Servo_SetAngle3
<LI><a href="#[a1]">&gt;&gt;</a>&nbsp;&nbsp;&nbsp;Move_Turn_Z
<LI><a href="#[9c]">&gt;&gt;</a>&nbsp;&nbsp;&nbsp;Move_Z
<LI><a href="#[96]">&gt;&gt;</a>&nbsp;&nbsp;&nbsp;Move_Y
<LI><a href="#[76]">&gt;&gt;</a>&nbsp;&nbsp;&nbsp;TIM_Cmd
<LI><a href="#[88]">&gt;&gt;</a>&nbsp;&nbsp;&nbsp;GPIO_SetBits
</UL>
<BR>[Called By]<UL><LI><a href="#[c2]">&gt;&gt;</a>&nbsp;&nbsp;&nbsp;Task_321_2
<LI><a href="#[c1]">&gt;&gt;</a>&nbsp;&nbsp;&nbsp;Task_312_2
<LI><a href="#[c0]">&gt;&gt;</a>&nbsp;&nbsp;&nbsp;Task_231_2
<LI><a href="#[bf]">&gt;&gt;</a>&nbsp;&nbsp;&nbsp;Task_213_2
<LI><a href="#[be]">&gt;&gt;</a>&nbsp;&nbsp;&nbsp;Task_132_2
<LI><a href="#[bd]">&gt;&gt;</a>&nbsp;&nbsp;&nbsp;Task_123_2
</UL>

<P><STRONG><a name="[b5]"></a>Place_23</STRONG> (Thumb, 640 bytes, Stack size 8 bytes, action.o(.text))
<BR><BR>[Stack]<UL><LI>Max Depth = 192<LI>Call Chain = Place_23 &rArr; Move_Turn_Z &rArr; __aeabi_dmul &rArr; _double_epilogue &rArr; _double_round
</UL>
<BR>[Calls]<UL><LI><a href="#[a4]">&gt;&gt;</a>&nbsp;&nbsp;&nbsp;delay_ms
<LI><a href="#[a5]">&gt;&gt;</a>&nbsp;&nbsp;&nbsp;Servo_SetAngle4
<LI><a href="#[a3]">&gt;&gt;</a>&nbsp;&nbsp;&nbsp;Servo_SetAngle3
<LI><a href="#[a1]">&gt;&gt;</a>&nbsp;&nbsp;&nbsp;Move_Turn_Z
<LI><a href="#[9c]">&gt;&gt;</a>&nbsp;&nbsp;&nbsp;Move_Z
<LI><a href="#[96]">&gt;&gt;</a>&nbsp;&nbsp;&nbsp;Move_Y
<LI><a href="#[76]">&gt;&gt;</a>&nbsp;&nbsp;&nbsp;TIM_Cmd
<LI><a href="#[88]">&gt;&gt;</a>&nbsp;&nbsp;&nbsp;GPIO_SetBits
</UL>
<BR>[Called By]<UL><LI><a href="#[c2]">&gt;&gt;</a>&nbsp;&nbsp;&nbsp;Task_321_2
<LI><a href="#[c1]">&gt;&gt;</a>&nbsp;&nbsp;&nbsp;Task_312_2
<LI><a href="#[c0]">&gt;&gt;</a>&nbsp;&nbsp;&nbsp;Task_231_2
<LI><a href="#[bf]">&gt;&gt;</a>&nbsp;&nbsp;&nbsp;Task_213_2
<LI><a href="#[be]">&gt;&gt;</a>&nbsp;&nbsp;&nbsp;Task_132_2
<LI><a href="#[bd]">&gt;&gt;</a>&nbsp;&nbsp;&nbsp;Task_123_2
</UL>

<P><STRONG><a name="[b6]"></a>Place_32</STRONG> (Thumb, 638 bytes, Stack size 8 bytes, action.o(.text))
<BR><BR>[Stack]<UL><LI>Max Depth = 192<LI>Call Chain = Place_32 &rArr; Move_Turn_Z &rArr; __aeabi_dmul &rArr; _double_epilogue &rArr; _double_round
</UL>
<BR>[Calls]<UL><LI><a href="#[a4]">&gt;&gt;</a>&nbsp;&nbsp;&nbsp;delay_ms
<LI><a href="#[a5]">&gt;&gt;</a>&nbsp;&nbsp;&nbsp;Servo_SetAngle4
<LI><a href="#[a3]">&gt;&gt;</a>&nbsp;&nbsp;&nbsp;Servo_SetAngle3
<LI><a href="#[a1]">&gt;&gt;</a>&nbsp;&nbsp;&nbsp;Move_Turn_Z
<LI><a href="#[9c]">&gt;&gt;</a>&nbsp;&nbsp;&nbsp;Move_Z
<LI><a href="#[96]">&gt;&gt;</a>&nbsp;&nbsp;&nbsp;Move_Y
<LI><a href="#[76]">&gt;&gt;</a>&nbsp;&nbsp;&nbsp;TIM_Cmd
<LI><a href="#[88]">&gt;&gt;</a>&nbsp;&nbsp;&nbsp;GPIO_SetBits
</UL>
<BR>[Called By]<UL><LI><a href="#[c2]">&gt;&gt;</a>&nbsp;&nbsp;&nbsp;Task_321_2
<LI><a href="#[c1]">&gt;&gt;</a>&nbsp;&nbsp;&nbsp;Task_312_2
<LI><a href="#[c0]">&gt;&gt;</a>&nbsp;&nbsp;&nbsp;Task_231_2
<LI><a href="#[bf]">&gt;&gt;</a>&nbsp;&nbsp;&nbsp;Task_213_2
<LI><a href="#[be]">&gt;&gt;</a>&nbsp;&nbsp;&nbsp;Task_132_2
<LI><a href="#[bd]">&gt;&gt;</a>&nbsp;&nbsp;&nbsp;Task_123_2
</UL>

<P><STRONG><a name="[b7]"></a>Task_123</STRONG> (Thumb, 1150 bytes, Stack size 8 bytes, task.o(.text))
<BR><BR>[Stack]<UL><LI>Max Depth = 200<LI>Call Chain = Task_123 &rArr; Place_3 &rArr; Move_Turn_Z &rArr; __aeabi_dmul &rArr; _double_epilogue &rArr; _double_round
</UL>
<BR>[Calls]<UL><LI><a href="#[aa]">&gt;&gt;</a>&nbsp;&nbsp;&nbsp;Place_3
<LI><a href="#[a9]">&gt;&gt;</a>&nbsp;&nbsp;&nbsp;Place_2
<LI><a href="#[a8]">&gt;&gt;</a>&nbsp;&nbsp;&nbsp;Place_1
<LI><a href="#[a7]">&gt;&gt;</a>&nbsp;&nbsp;&nbsp;Grab_3
<LI><a href="#[a6]">&gt;&gt;</a>&nbsp;&nbsp;&nbsp;Grab_2
<LI><a href="#[a2]">&gt;&gt;</a>&nbsp;&nbsp;&nbsp;Grab_1
<LI><a href="#[a1]">&gt;&gt;</a>&nbsp;&nbsp;&nbsp;Move_Turn_Z
<LI><a href="#[9c]">&gt;&gt;</a>&nbsp;&nbsp;&nbsp;Move_Z
<LI><a href="#[96]">&gt;&gt;</a>&nbsp;&nbsp;&nbsp;Move_Y
<LI><a href="#[76]">&gt;&gt;</a>&nbsp;&nbsp;&nbsp;TIM_Cmd
<LI><a href="#[88]">&gt;&gt;</a>&nbsp;&nbsp;&nbsp;GPIO_SetBits
</UL>
<BR>[Called By]<UL><LI><a href="#[5c]">&gt;&gt;</a>&nbsp;&nbsp;&nbsp;main
</UL>

<P><STRONG><a name="[b8]"></a>Task_132</STRONG> (Thumb, 1116 bytes, Stack size 8 bytes, task.o(.text))
<BR><BR>[Stack]<UL><LI>Max Depth = 200<LI>Call Chain = Task_132 &rArr; Place_3 &rArr; Move_Turn_Z &rArr; __aeabi_dmul &rArr; _double_epilogue &rArr; _double_round
</UL>
<BR>[Calls]<UL><LI><a href="#[a4]">&gt;&gt;</a>&nbsp;&nbsp;&nbsp;delay_ms
<LI><a href="#[aa]">&gt;&gt;</a>&nbsp;&nbsp;&nbsp;Place_3
<LI><a href="#[a9]">&gt;&gt;</a>&nbsp;&nbsp;&nbsp;Place_2
<LI><a href="#[a8]">&gt;&gt;</a>&nbsp;&nbsp;&nbsp;Place_1
<LI><a href="#[a7]">&gt;&gt;</a>&nbsp;&nbsp;&nbsp;Grab_3
<LI><a href="#[a6]">&gt;&gt;</a>&nbsp;&nbsp;&nbsp;Grab_2
<LI><a href="#[a2]">&gt;&gt;</a>&nbsp;&nbsp;&nbsp;Grab_1
<LI><a href="#[a1]">&gt;&gt;</a>&nbsp;&nbsp;&nbsp;Move_Turn_Z
<LI><a href="#[9c]">&gt;&gt;</a>&nbsp;&nbsp;&nbsp;Move_Z
<LI><a href="#[96]">&gt;&gt;</a>&nbsp;&nbsp;&nbsp;Move_Y
<LI><a href="#[76]">&gt;&gt;</a>&nbsp;&nbsp;&nbsp;TIM_Cmd
<LI><a href="#[88]">&gt;&gt;</a>&nbsp;&nbsp;&nbsp;GPIO_SetBits
</UL>
<BR>[Called By]<UL><LI><a href="#[5c]">&gt;&gt;</a>&nbsp;&nbsp;&nbsp;main
</UL>

<P><STRONG><a name="[b9]"></a>Task_213</STRONG> (Thumb, 1128 bytes, Stack size 8 bytes, task.o(.text))
<BR><BR>[Stack]<UL><LI>Max Depth = 200<LI>Call Chain = Task_213 &rArr; Place_3 &rArr; Move_Turn_Z &rArr; __aeabi_dmul &rArr; _double_epilogue &rArr; _double_round
</UL>
<BR>[Calls]<UL><LI><a href="#[a4]">&gt;&gt;</a>&nbsp;&nbsp;&nbsp;delay_ms
<LI><a href="#[aa]">&gt;&gt;</a>&nbsp;&nbsp;&nbsp;Place_3
<LI><a href="#[a9]">&gt;&gt;</a>&nbsp;&nbsp;&nbsp;Place_2
<LI><a href="#[a8]">&gt;&gt;</a>&nbsp;&nbsp;&nbsp;Place_1
<LI><a href="#[a7]">&gt;&gt;</a>&nbsp;&nbsp;&nbsp;Grab_3
<LI><a href="#[a6]">&gt;&gt;</a>&nbsp;&nbsp;&nbsp;Grab_2
<LI><a href="#[a2]">&gt;&gt;</a>&nbsp;&nbsp;&nbsp;Grab_1
<LI><a href="#[a1]">&gt;&gt;</a>&nbsp;&nbsp;&nbsp;Move_Turn_Z
<LI><a href="#[9c]">&gt;&gt;</a>&nbsp;&nbsp;&nbsp;Move_Z
<LI><a href="#[96]">&gt;&gt;</a>&nbsp;&nbsp;&nbsp;Move_Y
<LI><a href="#[76]">&gt;&gt;</a>&nbsp;&nbsp;&nbsp;TIM_Cmd
<LI><a href="#[88]">&gt;&gt;</a>&nbsp;&nbsp;&nbsp;GPIO_SetBits
</UL>
<BR>[Called By]<UL><LI><a href="#[5c]">&gt;&gt;</a>&nbsp;&nbsp;&nbsp;main
</UL>

<P><STRONG><a name="[ba]"></a>Task_231</STRONG> (Thumb, 1102 bytes, Stack size 8 bytes, task.o(.text))
<BR><BR>[Stack]<UL><LI>Max Depth = 200<LI>Call Chain = Task_231 &rArr; Place_3 &rArr; Move_Turn_Z &rArr; __aeabi_dmul &rArr; _double_epilogue &rArr; _double_round
</UL>
<BR>[Calls]<UL><LI><a href="#[a4]">&gt;&gt;</a>&nbsp;&nbsp;&nbsp;delay_ms
<LI><a href="#[aa]">&gt;&gt;</a>&nbsp;&nbsp;&nbsp;Place_3
<LI><a href="#[a9]">&gt;&gt;</a>&nbsp;&nbsp;&nbsp;Place_2
<LI><a href="#[a8]">&gt;&gt;</a>&nbsp;&nbsp;&nbsp;Place_1
<LI><a href="#[a7]">&gt;&gt;</a>&nbsp;&nbsp;&nbsp;Grab_3
<LI><a href="#[a6]">&gt;&gt;</a>&nbsp;&nbsp;&nbsp;Grab_2
<LI><a href="#[a2]">&gt;&gt;</a>&nbsp;&nbsp;&nbsp;Grab_1
<LI><a href="#[a1]">&gt;&gt;</a>&nbsp;&nbsp;&nbsp;Move_Turn_Z
<LI><a href="#[9c]">&gt;&gt;</a>&nbsp;&nbsp;&nbsp;Move_Z
<LI><a href="#[96]">&gt;&gt;</a>&nbsp;&nbsp;&nbsp;Move_Y
<LI><a href="#[76]">&gt;&gt;</a>&nbsp;&nbsp;&nbsp;TIM_Cmd
<LI><a href="#[88]">&gt;&gt;</a>&nbsp;&nbsp;&nbsp;GPIO_SetBits
</UL>
<BR>[Called By]<UL><LI><a href="#[5c]">&gt;&gt;</a>&nbsp;&nbsp;&nbsp;main
</UL>

<P><STRONG><a name="[bb]"></a>Task_312</STRONG> (Thumb, 1112 bytes, Stack size 8 bytes, task.o(.text))
<BR><BR>[Stack]<UL><LI>Max Depth = 200<LI>Call Chain = Task_312 &rArr; Place_3 &rArr; Move_Turn_Z &rArr; __aeabi_dmul &rArr; _double_epilogue &rArr; _double_round
</UL>
<BR>[Calls]<UL><LI><a href="#[a4]">&gt;&gt;</a>&nbsp;&nbsp;&nbsp;delay_ms
<LI><a href="#[aa]">&gt;&gt;</a>&nbsp;&nbsp;&nbsp;Place_3
<LI><a href="#[a9]">&gt;&gt;</a>&nbsp;&nbsp;&nbsp;Place_2
<LI><a href="#[a8]">&gt;&gt;</a>&nbsp;&nbsp;&nbsp;Place_1
<LI><a href="#[a7]">&gt;&gt;</a>&nbsp;&nbsp;&nbsp;Grab_3
<LI><a href="#[a6]">&gt;&gt;</a>&nbsp;&nbsp;&nbsp;Grab_2
<LI><a href="#[a2]">&gt;&gt;</a>&nbsp;&nbsp;&nbsp;Grab_1
<LI><a href="#[a1]">&gt;&gt;</a>&nbsp;&nbsp;&nbsp;Move_Turn_Z
<LI><a href="#[9c]">&gt;&gt;</a>&nbsp;&nbsp;&nbsp;Move_Z
<LI><a href="#[96]">&gt;&gt;</a>&nbsp;&nbsp;&nbsp;Move_Y
<LI><a href="#[76]">&gt;&gt;</a>&nbsp;&nbsp;&nbsp;TIM_Cmd
<LI><a href="#[88]">&gt;&gt;</a>&nbsp;&nbsp;&nbsp;GPIO_SetBits
</UL>
<BR>[Called By]<UL><LI><a href="#[5c]">&gt;&gt;</a>&nbsp;&nbsp;&nbsp;main
</UL>

<P><STRONG><a name="[bc]"></a>Task_321</STRONG> (Thumb, 1158 bytes, Stack size 8 bytes, task.o(.text))
<BR><BR>[Stack]<UL><LI>Max Depth = 200<LI>Call Chain = Task_321 &rArr; Place_3 &rArr; Move_Turn_Z &rArr; __aeabi_dmul &rArr; _double_epilogue &rArr; _double_round
</UL>
<BR>[Calls]<UL><LI><a href="#[aa]">&gt;&gt;</a>&nbsp;&nbsp;&nbsp;Place_3
<LI><a href="#[a9]">&gt;&gt;</a>&nbsp;&nbsp;&nbsp;Place_2
<LI><a href="#[a8]">&gt;&gt;</a>&nbsp;&nbsp;&nbsp;Place_1
<LI><a href="#[a7]">&gt;&gt;</a>&nbsp;&nbsp;&nbsp;Grab_3
<LI><a href="#[a6]">&gt;&gt;</a>&nbsp;&nbsp;&nbsp;Grab_2
<LI><a href="#[a2]">&gt;&gt;</a>&nbsp;&nbsp;&nbsp;Grab_1
<LI><a href="#[a1]">&gt;&gt;</a>&nbsp;&nbsp;&nbsp;Move_Turn_Z
<LI><a href="#[9c]">&gt;&gt;</a>&nbsp;&nbsp;&nbsp;Move_Z
<LI><a href="#[96]">&gt;&gt;</a>&nbsp;&nbsp;&nbsp;Move_Y
<LI><a href="#[76]">&gt;&gt;</a>&nbsp;&nbsp;&nbsp;TIM_Cmd
<LI><a href="#[88]">&gt;&gt;</a>&nbsp;&nbsp;&nbsp;GPIO_SetBits
</UL>
<BR>[Called By]<UL><LI><a href="#[5c]">&gt;&gt;</a>&nbsp;&nbsp;&nbsp;main
</UL>

<P><STRONG><a name="[bd]"></a>Task_123_2</STRONG> (Thumb, 1158 bytes, Stack size 8 bytes, task.o(.text))
<BR><BR>[Stack]<UL><LI>Max Depth = 200<LI>Call Chain = Task_123_2 &rArr; Place_32 &rArr; Move_Turn_Z &rArr; __aeabi_dmul &rArr; _double_epilogue &rArr; _double_round
</UL>
<BR>[Calls]<UL><LI><a href="#[b6]">&gt;&gt;</a>&nbsp;&nbsp;&nbsp;Place_32
<LI><a href="#[b5]">&gt;&gt;</a>&nbsp;&nbsp;&nbsp;Place_23
<LI><a href="#[b4]">&gt;&gt;</a>&nbsp;&nbsp;&nbsp;Place_13
<LI><a href="#[b0]">&gt;&gt;</a>&nbsp;&nbsp;&nbsp;Grab_33
<LI><a href="#[af]">&gt;&gt;</a>&nbsp;&nbsp;&nbsp;Grab_22
<LI><a href="#[ae]">&gt;&gt;</a>&nbsp;&nbsp;&nbsp;Grab_11
<LI><a href="#[a1]">&gt;&gt;</a>&nbsp;&nbsp;&nbsp;Move_Turn_Z
<LI><a href="#[9c]">&gt;&gt;</a>&nbsp;&nbsp;&nbsp;Move_Z
<LI><a href="#[96]">&gt;&gt;</a>&nbsp;&nbsp;&nbsp;Move_Y
<LI><a href="#[76]">&gt;&gt;</a>&nbsp;&nbsp;&nbsp;TIM_Cmd
<LI><a href="#[88]">&gt;&gt;</a>&nbsp;&nbsp;&nbsp;GPIO_SetBits
</UL>
<BR>[Called By]<UL><LI><a href="#[5c]">&gt;&gt;</a>&nbsp;&nbsp;&nbsp;main
</UL>

<P><STRONG><a name="[be]"></a>Task_132_2</STRONG> (Thumb, 1120 bytes, Stack size 8 bytes, task.o(.text))
<BR><BR>[Stack]<UL><LI>Max Depth = 200<LI>Call Chain = Task_132_2 &rArr; Place_32 &rArr; Move_Turn_Z &rArr; __aeabi_dmul &rArr; _double_epilogue &rArr; _double_round
</UL>
<BR>[Calls]<UL><LI><a href="#[a4]">&gt;&gt;</a>&nbsp;&nbsp;&nbsp;delay_ms
<LI><a href="#[b6]">&gt;&gt;</a>&nbsp;&nbsp;&nbsp;Place_32
<LI><a href="#[b5]">&gt;&gt;</a>&nbsp;&nbsp;&nbsp;Place_23
<LI><a href="#[b4]">&gt;&gt;</a>&nbsp;&nbsp;&nbsp;Place_13
<LI><a href="#[b0]">&gt;&gt;</a>&nbsp;&nbsp;&nbsp;Grab_33
<LI><a href="#[af]">&gt;&gt;</a>&nbsp;&nbsp;&nbsp;Grab_22
<LI><a href="#[ae]">&gt;&gt;</a>&nbsp;&nbsp;&nbsp;Grab_11
<LI><a href="#[a1]">&gt;&gt;</a>&nbsp;&nbsp;&nbsp;Move_Turn_Z
<LI><a href="#[9c]">&gt;&gt;</a>&nbsp;&nbsp;&nbsp;Move_Z
<LI><a href="#[96]">&gt;&gt;</a>&nbsp;&nbsp;&nbsp;Move_Y
<LI><a href="#[76]">&gt;&gt;</a>&nbsp;&nbsp;&nbsp;TIM_Cmd
<LI><a href="#[88]">&gt;&gt;</a>&nbsp;&nbsp;&nbsp;GPIO_SetBits
</UL>
<BR>[Called By]<UL><LI><a href="#[5c]">&gt;&gt;</a>&nbsp;&nbsp;&nbsp;main
</UL>

<P><STRONG><a name="[bf]"></a>Task_213_2</STRONG> (Thumb, 1128 bytes, Stack size 8 bytes, task.o(.text))
<BR><BR>[Stack]<UL><LI>Max Depth = 200<LI>Call Chain = Task_213_2 &rArr; Place_32 &rArr; Move_Turn_Z &rArr; __aeabi_dmul &rArr; _double_epilogue &rArr; _double_round
</UL>
<BR>[Calls]<UL><LI><a href="#[a4]">&gt;&gt;</a>&nbsp;&nbsp;&nbsp;delay_ms
<LI><a href="#[b6]">&gt;&gt;</a>&nbsp;&nbsp;&nbsp;Place_32
<LI><a href="#[b5]">&gt;&gt;</a>&nbsp;&nbsp;&nbsp;Place_23
<LI><a href="#[b4]">&gt;&gt;</a>&nbsp;&nbsp;&nbsp;Place_13
<LI><a href="#[b0]">&gt;&gt;</a>&nbsp;&nbsp;&nbsp;Grab_33
<LI><a href="#[af]">&gt;&gt;</a>&nbsp;&nbsp;&nbsp;Grab_22
<LI><a href="#[ae]">&gt;&gt;</a>&nbsp;&nbsp;&nbsp;Grab_11
<LI><a href="#[a1]">&gt;&gt;</a>&nbsp;&nbsp;&nbsp;Move_Turn_Z
<LI><a href="#[9c]">&gt;&gt;</a>&nbsp;&nbsp;&nbsp;Move_Z
<LI><a href="#[96]">&gt;&gt;</a>&nbsp;&nbsp;&nbsp;Move_Y
<LI><a href="#[76]">&gt;&gt;</a>&nbsp;&nbsp;&nbsp;TIM_Cmd
<LI><a href="#[88]">&gt;&gt;</a>&nbsp;&nbsp;&nbsp;GPIO_SetBits
</UL>
<BR>[Called By]<UL><LI><a href="#[5c]">&gt;&gt;</a>&nbsp;&nbsp;&nbsp;main
</UL>

<P><STRONG><a name="[c0]"></a>Task_231_2</STRONG> (Thumb, 1106 bytes, Stack size 8 bytes, task.o(.text))
<BR><BR>[Stack]<UL><LI>Max Depth = 200<LI>Call Chain = Task_231_2 &rArr; Place_32 &rArr; Move_Turn_Z &rArr; __aeabi_dmul &rArr; _double_epilogue &rArr; _double_round
</UL>
<BR>[Calls]<UL><LI><a href="#[a4]">&gt;&gt;</a>&nbsp;&nbsp;&nbsp;delay_ms
<LI><a href="#[b6]">&gt;&gt;</a>&nbsp;&nbsp;&nbsp;Place_32
<LI><a href="#[b5]">&gt;&gt;</a>&nbsp;&nbsp;&nbsp;Place_23
<LI><a href="#[b4]">&gt;&gt;</a>&nbsp;&nbsp;&nbsp;Place_13
<LI><a href="#[b0]">&gt;&gt;</a>&nbsp;&nbsp;&nbsp;Grab_33
<LI><a href="#[af]">&gt;&gt;</a>&nbsp;&nbsp;&nbsp;Grab_22
<LI><a href="#[ae]">&gt;&gt;</a>&nbsp;&nbsp;&nbsp;Grab_11
<LI><a href="#[a1]">&gt;&gt;</a>&nbsp;&nbsp;&nbsp;Move_Turn_Z
<LI><a href="#[9c]">&gt;&gt;</a>&nbsp;&nbsp;&nbsp;Move_Z
<LI><a href="#[96]">&gt;&gt;</a>&nbsp;&nbsp;&nbsp;Move_Y
<LI><a href="#[76]">&gt;&gt;</a>&nbsp;&nbsp;&nbsp;TIM_Cmd
<LI><a href="#[88]">&gt;&gt;</a>&nbsp;&nbsp;&nbsp;GPIO_SetBits
</UL>
<BR>[Called By]<UL><LI><a href="#[5c]">&gt;&gt;</a>&nbsp;&nbsp;&nbsp;main
</UL>

<P><STRONG><a name="[c1]"></a>Task_312_2</STRONG> (Thumb, 1108 bytes, Stack size 8 bytes, task.o(.text))
<BR><BR>[Stack]<UL><LI>Max Depth = 200<LI>Call Chain = Task_312_2 &rArr; Place_32 &rArr; Move_Turn_Z &rArr; __aeabi_dmul &rArr; _double_epilogue &rArr; _double_round
</UL>
<BR>[Calls]<UL><LI><a href="#[a4]">&gt;&gt;</a>&nbsp;&nbsp;&nbsp;delay_ms
<LI><a href="#[b6]">&gt;&gt;</a>&nbsp;&nbsp;&nbsp;Place_32
<LI><a href="#[b5]">&gt;&gt;</a>&nbsp;&nbsp;&nbsp;Place_23
<LI><a href="#[b4]">&gt;&gt;</a>&nbsp;&nbsp;&nbsp;Place_13
<LI><a href="#[b0]">&gt;&gt;</a>&nbsp;&nbsp;&nbsp;Grab_33
<LI><a href="#[af]">&gt;&gt;</a>&nbsp;&nbsp;&nbsp;Grab_22
<LI><a href="#[ae]">&gt;&gt;</a>&nbsp;&nbsp;&nbsp;Grab_11
<LI><a href="#[a1]">&gt;&gt;</a>&nbsp;&nbsp;&nbsp;Move_Turn_Z
<LI><a href="#[9c]">&gt;&gt;</a>&nbsp;&nbsp;&nbsp;Move_Z
<LI><a href="#[96]">&gt;&gt;</a>&nbsp;&nbsp;&nbsp;Move_Y
<LI><a href="#[76]">&gt;&gt;</a>&nbsp;&nbsp;&nbsp;TIM_Cmd
<LI><a href="#[88]">&gt;&gt;</a>&nbsp;&nbsp;&nbsp;GPIO_SetBits
</UL>
<BR>[Called By]<UL><LI><a href="#[5c]">&gt;&gt;</a>&nbsp;&nbsp;&nbsp;main
</UL>

<P><STRONG><a name="[c2]"></a>Task_321_2</STRONG> (Thumb, 1158 bytes, Stack size 8 bytes, task.o(.text))
<BR><BR>[Stack]<UL><LI>Max Depth = 200<LI>Call Chain = Task_321_2 &rArr; Place_32 &rArr; Move_Turn_Z &rArr; __aeabi_dmul &rArr; _double_epilogue &rArr; _double_round
</UL>
<BR>[Calls]<UL><LI><a href="#[b6]">&gt;&gt;</a>&nbsp;&nbsp;&nbsp;Place_32
<LI><a href="#[b5]">&gt;&gt;</a>&nbsp;&nbsp;&nbsp;Place_23
<LI><a href="#[b4]">&gt;&gt;</a>&nbsp;&nbsp;&nbsp;Place_13
<LI><a href="#[b0]">&gt;&gt;</a>&nbsp;&nbsp;&nbsp;Grab_33
<LI><a href="#[af]">&gt;&gt;</a>&nbsp;&nbsp;&nbsp;Grab_22
<LI><a href="#[ae]">&gt;&gt;</a>&nbsp;&nbsp;&nbsp;Grab_11
<LI><a href="#[a1]">&gt;&gt;</a>&nbsp;&nbsp;&nbsp;Move_Turn_Z
<LI><a href="#[9c]">&gt;&gt;</a>&nbsp;&nbsp;&nbsp;Move_Z
<LI><a href="#[96]">&gt;&gt;</a>&nbsp;&nbsp;&nbsp;Move_Y
<LI><a href="#[76]">&gt;&gt;</a>&nbsp;&nbsp;&nbsp;TIM_Cmd
<LI><a href="#[88]">&gt;&gt;</a>&nbsp;&nbsp;&nbsp;GPIO_SetBits
</UL>
<BR>[Called By]<UL><LI><a href="#[5c]">&gt;&gt;</a>&nbsp;&nbsp;&nbsp;main
</UL>

<P><STRONG><a name="[c3]"></a>Mission_123</STRONG> (Thumb, 758 bytes, Stack size 8 bytes, task.o(.text))
<BR><BR>[Stack]<UL><LI>Max Depth = 200<LI>Call Chain = Mission_123 &rArr; Place_33 &rArr; Move_Turn_Z &rArr; __aeabi_dmul &rArr; _double_epilogue &rArr; _double_round
</UL>
<BR>[Calls]<UL><LI><a href="#[a4]">&gt;&gt;</a>&nbsp;&nbsp;&nbsp;delay_ms
<LI><a href="#[b3]">&gt;&gt;</a>&nbsp;&nbsp;&nbsp;Place_33
<LI><a href="#[b2]">&gt;&gt;</a>&nbsp;&nbsp;&nbsp;Place_22
<LI><a href="#[b1]">&gt;&gt;</a>&nbsp;&nbsp;&nbsp;Place_11
<LI><a href="#[a1]">&gt;&gt;</a>&nbsp;&nbsp;&nbsp;Move_Turn_Z
<LI><a href="#[9c]">&gt;&gt;</a>&nbsp;&nbsp;&nbsp;Move_Z
<LI><a href="#[96]">&gt;&gt;</a>&nbsp;&nbsp;&nbsp;Move_Y
<LI><a href="#[76]">&gt;&gt;</a>&nbsp;&nbsp;&nbsp;TIM_Cmd
<LI><a href="#[88]">&gt;&gt;</a>&nbsp;&nbsp;&nbsp;GPIO_SetBits
</UL>
<BR>[Called By]<UL><LI><a href="#[5c]">&gt;&gt;</a>&nbsp;&nbsp;&nbsp;main
</UL>

<P><STRONG><a name="[c4]"></a>Mission_132</STRONG> (Thumb, 620 bytes, Stack size 8 bytes, task.o(.text))
<BR><BR>[Stack]<UL><LI>Max Depth = 200<LI>Call Chain = Mission_132 &rArr; Place_33 &rArr; Move_Turn_Z &rArr; __aeabi_dmul &rArr; _double_epilogue &rArr; _double_round
</UL>
<BR>[Calls]<UL><LI><a href="#[b3]">&gt;&gt;</a>&nbsp;&nbsp;&nbsp;Place_33
<LI><a href="#[b2]">&gt;&gt;</a>&nbsp;&nbsp;&nbsp;Place_22
<LI><a href="#[b1]">&gt;&gt;</a>&nbsp;&nbsp;&nbsp;Place_11
<LI><a href="#[a1]">&gt;&gt;</a>&nbsp;&nbsp;&nbsp;Move_Turn_Z
<LI><a href="#[9c]">&gt;&gt;</a>&nbsp;&nbsp;&nbsp;Move_Z
<LI><a href="#[96]">&gt;&gt;</a>&nbsp;&nbsp;&nbsp;Move_Y
<LI><a href="#[76]">&gt;&gt;</a>&nbsp;&nbsp;&nbsp;TIM_Cmd
<LI><a href="#[88]">&gt;&gt;</a>&nbsp;&nbsp;&nbsp;GPIO_SetBits
</UL>
<BR>[Called By]<UL><LI><a href="#[5c]">&gt;&gt;</a>&nbsp;&nbsp;&nbsp;main
</UL>

<P><STRONG><a name="[c5]"></a>Mission_213</STRONG> (Thumb, 690 bytes, Stack size 8 bytes, task.o(.text))
<BR><BR>[Stack]<UL><LI>Max Depth = 200<LI>Call Chain = Mission_213 &rArr; Place_33 &rArr; Move_Turn_Z &rArr; __aeabi_dmul &rArr; _double_epilogue &rArr; _double_round
</UL>
<BR>[Calls]<UL><LI><a href="#[b3]">&gt;&gt;</a>&nbsp;&nbsp;&nbsp;Place_33
<LI><a href="#[b2]">&gt;&gt;</a>&nbsp;&nbsp;&nbsp;Place_22
<LI><a href="#[b1]">&gt;&gt;</a>&nbsp;&nbsp;&nbsp;Place_11
<LI><a href="#[a1]">&gt;&gt;</a>&nbsp;&nbsp;&nbsp;Move_Turn_Z
<LI><a href="#[9c]">&gt;&gt;</a>&nbsp;&nbsp;&nbsp;Move_Z
<LI><a href="#[96]">&gt;&gt;</a>&nbsp;&nbsp;&nbsp;Move_Y
<LI><a href="#[76]">&gt;&gt;</a>&nbsp;&nbsp;&nbsp;TIM_Cmd
<LI><a href="#[88]">&gt;&gt;</a>&nbsp;&nbsp;&nbsp;GPIO_SetBits
</UL>
<BR>[Called By]<UL><LI><a href="#[5c]">&gt;&gt;</a>&nbsp;&nbsp;&nbsp;main
</UL>

<P><STRONG><a name="[c6]"></a>Mission_231</STRONG> (Thumb, 688 bytes, Stack size 8 bytes, task.o(.text))
<BR><BR>[Stack]<UL><LI>Max Depth = 200<LI>Call Chain = Mission_231 &rArr; Place_33 &rArr; Move_Turn_Z &rArr; __aeabi_dmul &rArr; _double_epilogue &rArr; _double_round
</UL>
<BR>[Calls]<UL><LI><a href="#[b3]">&gt;&gt;</a>&nbsp;&nbsp;&nbsp;Place_33
<LI><a href="#[b2]">&gt;&gt;</a>&nbsp;&nbsp;&nbsp;Place_22
<LI><a href="#[b1]">&gt;&gt;</a>&nbsp;&nbsp;&nbsp;Place_11
<LI><a href="#[a1]">&gt;&gt;</a>&nbsp;&nbsp;&nbsp;Move_Turn_Z
<LI><a href="#[9c]">&gt;&gt;</a>&nbsp;&nbsp;&nbsp;Move_Z
<LI><a href="#[96]">&gt;&gt;</a>&nbsp;&nbsp;&nbsp;Move_Y
<LI><a href="#[76]">&gt;&gt;</a>&nbsp;&nbsp;&nbsp;TIM_Cmd
<LI><a href="#[88]">&gt;&gt;</a>&nbsp;&nbsp;&nbsp;GPIO_SetBits
</UL>
<BR>[Called By]<UL><LI><a href="#[5c]">&gt;&gt;</a>&nbsp;&nbsp;&nbsp;main
</UL>

<P><STRONG><a name="[c7]"></a>Mission_312</STRONG> (Thumb, 618 bytes, Stack size 8 bytes, task.o(.text))
<BR><BR>[Stack]<UL><LI>Max Depth = 200<LI>Call Chain = Mission_312 &rArr; Place_33 &rArr; Move_Turn_Z &rArr; __aeabi_dmul &rArr; _double_epilogue &rArr; _double_round
</UL>
<BR>[Calls]<UL><LI><a href="#[b3]">&gt;&gt;</a>&nbsp;&nbsp;&nbsp;Place_33
<LI><a href="#[b2]">&gt;&gt;</a>&nbsp;&nbsp;&nbsp;Place_22
[...]
<BR><BR>[Called By]<UL><LI><a href="#[9e]">&gt;&gt;</a>&nbsp;&nbsp;&nbsp;speed_decision_Turn_Z
<LI><a href="#[9d]">&gt;&gt;</a>&nbsp;&nbsp;&nbsp;Action_Turn_Z_PWM_Init
<LI><a href="#[99]">&gt;&gt;</a>&nbsp;&nbsp;&nbsp;speed_decision_Z
<LI><a href="#[98]">&gt;&gt;</a>&nbsp;&nbsp;&nbsp;Action_Z_PWM_Init
<LI><a href="#[93]">&gt;&gt;</a>&nbsp;&nbsp;&nbsp;speed_decision_Y
<LI><a href="#[92]">&gt;&gt;</a>&nbsp;&nbsp;&nbsp;Action_Y_PWM_Init
<LI><a href="#[77]">&gt;&gt;</a>&nbsp;&nbsp;&nbsp;speed_decision
<LI><a href="#[61]">&gt;&gt;</a>&nbsp;&nbsp;&nbsp;Move_PWM_Init
<LI><a href="#[41]">&gt;&gt;</a>&nbsp;&nbsp;&nbsp;TIM7_IRQHandler
</UL>

<P><STRONG><a name="[19b]"></a>TIM_DMAConfig</STRONG> (Thumb, 10 bytes, Stack size 0 bytes, stm32f4xx_tim.o(.text), UNUSED)

<P><STRONG><a name="[19c]"></a>TIM_DMACmd</STRONG> (Thumb, 18 bytes, Stack size 0 bytes, stm32f4xx_tim.o(.text), UNUSED)

<P><STRONG><a name="[19d]"></a>TIM_SelectCCDMA</STRONG> (Thumb, 24 bytes, Stack size 0 bytes, stm32f4xx_tim.o(.text), UNUSED)

<P><STRONG><a name="[19e]"></a>TIM_InternalClockConfig</STRONG> (Thumb, 12 bytes, Stack size 0 bytes, stm32f4xx_tim.o(.text), UNUSED)

<P><STRONG><a name="[119]"></a>TIM_SelectInputTrigger</STRONG> (Thumb, 18 bytes, Stack size 0 bytes, stm32f4xx_tim.o(.text), UNUSED)
<BR><BR>[Called By]<UL><LI><a href="#[11a]">&gt;&gt;</a>&nbsp;&nbsp;&nbsp;TIM_TIxExternalClockConfig
<LI><a href="#[118]">&gt;&gt;</a>&nbsp;&nbsp;&nbsp;TIM_ITRxExternalClockConfig
</UL>

<P><STRONG><a name="[118]"></a>TIM_ITRxExternalClockConfig</STRONG> (Thumb, 24 bytes, Stack size 12 bytes, stm32f4xx_tim.o(.text), UNUSED)
<BR><BR>[Calls]<UL><LI><a href="#[119]">&gt;&gt;</a>&nbsp;&nbsp;&nbsp;TIM_SelectInputTrigger
</UL>

<P><STRONG><a name="[11a]"></a>TIM_TIxExternalClockConfig</STRONG> (Thumb, 62 bytes, Stack size 24 bytes, stm32f4xx_tim.o(.text), UNUSED)
<BR><BR>[Calls]<UL><LI><a href="#[119]">&gt;&gt;</a>&nbsp;&nbsp;&nbsp;TIM_SelectInputTrigger
<LI><a href="#[10f]">&gt;&gt;</a>&nbsp;&nbsp;&nbsp;TI1_Config
<LI><a href="#[111]">&gt;&gt;</a>&nbsp;&nbsp;&nbsp;TI2_Config
</UL>

<P><STRONG><a name="[11c]"></a>TIM_ETRConfig</STRONG> (Thumb, 28 bytes, Stack size 12 bytes, stm32f4xx_tim.o(.text), UNUSED)
<BR><BR>[Called By]<UL><LI><a href="#[11d]">&gt;&gt;</a>&nbsp;&nbsp;&nbsp;TIM_ETRClockMode2Config
<LI><a href="#[11b]">&gt;&gt;</a>&nbsp;&nbsp;&nbsp;TIM_ETRClockMode1Config
</UL>

<P><STRONG><a name="[11b]"></a>TIM_ETRClockMode1Config</STRONG> (Thumb, 54 bytes, Stack size 24 bytes, stm32f4xx_tim.o(.text), UNUSED)
<BR><BR>[Calls]<UL><LI><a href="#[11c]">&gt;&gt;</a>&nbsp;&nbsp;&nbsp;TIM_ETRConfig
</UL>

<P><STRONG><a name="[11d]"></a>TIM_ETRClockMode2Config</STRONG> (Thumb, 32 bytes, Stack size 20 bytes, stm32f4xx_tim.o(.text), UNUSED)
<BR><BR>[Calls]<UL><LI><a href="#[11c]">&gt;&gt;</a>&nbsp;&nbsp;&nbsp;TIM_ETRConfig
</UL>

<P><STRONG><a name="[19f]"></a>TIM_SelectOutputTrigger</STRONG> (Thumb, 18 bytes, Stack size 0 bytes, stm32f4xx_tim.o(.text), UNUSED)

<P><STRONG><a name="[1a0]"></a>TIM_SelectSlaveMode</STRONG> (Thumb, 18 bytes, Stack size 0 bytes, stm32f4xx_tim.o(.text), UNUSED)

<P><STRONG><a name="[1a1]"></a>TIM_SelectMasterSlaveMode</STRONG> (Thumb, 18 bytes, Stack size 0 bytes, stm32f4xx_tim.o(.text), UNUSED)

<P><STRONG><a name="[1a2]"></a>TIM_EncoderInterfaceConfig</STRONG> (Thumb, 66 bytes, Stack size 20 bytes, stm32f4xx_tim.o(.text), UNUSED)

<P><STRONG><a name="[1a3]"></a>TIM_SelectHallSensor</STRONG> (Thumb, 24 bytes, Stack size 0 bytes, stm32f4xx_tim.o(.text), UNUSED)

<P><STRONG><a name="[1a4]"></a>TIM_RemapConfig</STRONG> (Thumb, 6 bytes, Stack size 0 bytes, stm32f4xx_tim.o(.text), UNUSED)

<P><STRONG><a name="[11e]"></a>USART_DeInit</STRONG> (Thumb, 206 bytes, Stack size 8 bytes, stm32f4xx_usart.o(.text), UNUSED)
<BR><BR>[Calls]<UL><LI><a href="#[10d]">&gt;&gt;</a>&nbsp;&nbsp;&nbsp;RCC_APB1PeriphResetCmd
<LI><a href="#[10c]">&gt;&gt;</a>&nbsp;&nbsp;&nbsp;RCC_APB2PeriphResetCmd
</UL>

<P><STRONG><a name="[e8]"></a>USART_Init</STRONG> (Thumb, 204 bytes, Stack size 48 bytes, stm32f4xx_usart.o(.text))
<BR><BR>[Stack]<UL><LI>Max Depth = 68<LI>Call Chain = USART_Init &rArr; RCC_GetClocksFreq
</UL>
<BR>[Calls]<UL><LI><a href="#[11f]">&gt;&gt;</a>&nbsp;&nbsp;&nbsp;RCC_GetClocksFreq
</UL>
<BR>[Called By]<UL><LI><a href="#[f3]">&gt;&gt;</a>&nbsp;&nbsp;&nbsp;USART2_Init
<LI><a href="#[f1]">&gt;&gt;</a>&nbsp;&nbsp;&nbsp;USART3_Init
<LI><a href="#[e7]">&gt;&gt;</a>&nbsp;&nbsp;&nbsp;USART1_Init
<LI><a href="#[104]">&gt;&gt;</a>&nbsp;&nbsp;&nbsp;uart_init2
</UL>

<P><STRONG><a name="[1a5]"></a>USART_StructInit</STRONG> (Thumb, 24 bytes, Stack size 0 bytes, stm32f4xx_usart.o(.text), UNUSED)

<P><STRONG><a name="[1a6]"></a>USART_ClockInit</STRONG> (Thumb, 32 bytes, Stack size 8 bytes, stm32f4xx_usart.o(.text), UNUSED)

<P><STRONG><a name="[1a7]"></a>USART_ClockStructInit</STRONG> (Thumb, 12 bytes, Stack size 0 bytes, stm32f4xx_usart.o(.text), UNUSED)

<P><STRONG><a name="[ea]"></a>USART_Cmd</STRONG> (Thumb, 24 bytes, Stack size 0 bytes, stm32f4xx_usart.o(.text))
<BR><BR>[Called By]<UL><LI><a href="#[f3]">&gt;&gt;</a>&nbsp;&nbsp;&nbsp;USART2_Init
<LI><a href="#[f1]">&gt;&gt;</a>&nbsp;&nbsp;&nbsp;USART3_Init
<LI><a href="#[e7]">&gt;&gt;</a>&nbsp;&nbsp;&nbsp;USART1_Init
<LI><a href="#[104]">&gt;&gt;</a>&nbsp;&nbsp;&nbsp;uart_init2
</UL>

<P><STRONG><a name="[1a8]"></a>USART_SetPrescaler</STRONG> (Thumb, 16 bytes, Stack size 0 bytes, stm32f4xx_usart.o(.text), UNUSED)

<P><STRONG><a name="[1a9]"></a>USART_OverSampling8Cmd</STRONG> (Thumb, 22 bytes, Stack size 0 bytes, stm32f4xx_usart.o(.text), UNUSED)

<P><STRONG><a name="[1aa]"></a>USART_OneBitMethodCmd</STRONG> (Thumb, 24 bytes, Stack size 0 bytes, stm32f4xx_usart.o(.text), UNUSED)

<P><STRONG><a name="[ef]"></a>USART_SendData</STRONG> (Thumb, 8 bytes, Stack size 0 bytes, stm32f4xx_usart.o(.text))
<BR><BR>[Called By]<UL><LI><a href="#[30]">&gt;&gt;</a>&nbsp;&nbsp;&nbsp;USART2_IRQHandler
<LI><a href="#[f2]">&gt;&gt;</a>&nbsp;&nbsp;&nbsp;Serial_SendByte3
<LI><a href="#[ee]">&gt;&gt;</a>&nbsp;&nbsp;&nbsp;Serial_SendByte
</UL>

<P><STRONG><a name="[ec]"></a>USART_ReceiveData</STRONG> (Thumb, 10 bytes, Stack size 0 bytes, stm32f4xx_usart.o(.text))
<BR><BR>[Called By]<UL><LI><a href="#[31]">&gt;&gt;</a>&nbsp;&nbsp;&nbsp;USART3_IRQHandler
<LI><a href="#[2f]">&gt;&gt;</a>&nbsp;&nbsp;&nbsp;USART1_IRQHandler
<LI><a href="#[3e]">&gt;&gt;</a>&nbsp;&nbsp;&nbsp;UART4_IRQHandler
</UL>

<P><STRONG><a name="[1ab]"></a>USART_SetAddress</STRONG> (Thumb, 18 bytes, Stack size 0 bytes, stm32f4xx_usart.o(.text), UNUSED)

<P><STRONG><a name="[1ac]"></a>USART_ReceiverWakeUpCmd</STRONG> (Thumb, 24 bytes, Stack size 0 bytes, stm32f4xx_usart.o(.text), UNUSED)

<P><STRONG><a name="[1ad]"></a>USART_WakeUpConfig</STRONG> (Thumb, 18 bytes, Stack size 0 bytes, stm32f4xx_usart.o(.text), UNUSED)

<P><STRONG><a name="[1ae]"></a>USART_LINBreakDetectLengthConfig</STRONG> (Thumb, 18 bytes, Stack size 0 bytes, stm32f4xx_usart.o(.text), UNUSED)

<P><STRONG><a name="[1af]"></a>USART_LINCmd</STRONG> (Thumb, 24 bytes, Stack size 0 bytes, stm32f4xx_usart.o(.text), UNUSED)

<P><STRONG><a name="[1b0]"></a>USART_SendBreak</STRONG> (Thumb, 10 bytes, Stack size 0 bytes, stm32f4xx_usart.o(.text), UNUSED)

<P><STRONG><a name="[1b1]"></a>USART_HalfDuplexCmd</STRONG> (Thumb, 24 bytes, Stack size 0 bytes, stm32f4xx_usart.o(.text), UNUSED)

<P><STRONG><a name="[1b2]"></a>USART_SetGuardTime</STRONG> (Thumb, 16 bytes, Stack size 0 bytes, stm32f4xx_usart.o(.text), UNUSED)

<P><STRONG><a name="[1b3]"></a>USART_SmartCardCmd</STRONG> (Thumb, 24 bytes, Stack size 0 bytes, stm32f4xx_usart.o(.text), UNUSED)

<P><STRONG><a name="[1b4]"></a>USART_SmartCardNACKCmd</STRONG> (Thumb, 24 bytes, Stack size 0 bytes, stm32f4xx_usart.o(.text), UNUSED)

<P><STRONG><a name="[1b5]"></a>USART_IrDAConfig</STRONG> (Thumb, 18 bytes, Stack size 0 bytes, stm32f4xx_usart.o(.text), UNUSED)

<P><STRONG><a name="[1b6]"></a>USART_IrDACmd</STRONG> (Thumb, 24 bytes, Stack size 0 bytes, stm32f4xx_usart.o(.text), UNUSED)

<P><STRONG><a name="[1b7]"></a>USART_DMACmd</STRONG> (Thumb, 18 bytes, Stack size 0 bytes, stm32f4xx_usart.o(.text), UNUSED)

<P><STRONG><a name="[e9]"></a>USART_ITConfig</STRONG> (Thumb, 74 bytes, Stack size 20 bytes, stm32f4xx_usart.o(.text))
<BR><BR>[Stack]<UL><LI>Max Depth = 20<LI>Call Chain = USART_ITConfig
</UL>
<BR>[Called By]<UL><LI><a href="#[f7]">&gt;&gt;</a>&nbsp;&nbsp;&nbsp;UART2_Put_Char
<LI><a href="#[30]">&gt;&gt;</a>&nbsp;&nbsp;&nbsp;USART2_IRQHandler
<LI><a href="#[f3]">&gt;&gt;</a>&nbsp;&nbsp;&nbsp;USART2_Init
<LI><a href="#[f1]">&gt;&gt;</a>&nbsp;&nbsp;&nbsp;USART3_Init
<LI><a href="#[e7]">&gt;&gt;</a>&nbsp;&nbsp;&nbsp;USART1_Init
<LI><a href="#[104]">&gt;&gt;</a>&nbsp;&nbsp;&nbsp;uart_init2
</UL>

<P><STRONG><a name="[f0]"></a>USART_GetFlagStatus</STRONG> (Thumb, 26 bytes, Stack size 0 bytes, stm32f4xx_usart.o(.text), UNUSED)
<BR><BR>[Called By]<UL><LI><a href="#[f2]">&gt;&gt;</a>&nbsp;&nbsp;&nbsp;Serial_SendByte3
<LI><a href="#[ee]">&gt;&gt;</a>&nbsp;&nbsp;&nbsp;Serial_SendByte
</UL>

<P><STRONG><a name="[f4]"></a>USART_ClearFlag</STRONG> (Thumb, 18 bytes, Stack size 0 bytes, stm32f4xx_usart.o(.text))
<BR><BR>[Called By]<UL><LI><a href="#[f3]">&gt;&gt;</a>&nbsp;&nbsp;&nbsp;USART2_Init
</UL>

<P><STRONG><a name="[eb]"></a>USART_GetITStatus</STRONG> (Thumb, 118 bytes, Stack size 16 bytes, stm32f4xx_usart.o(.text))
<BR><BR>[Stack]<UL><LI>Max Depth = 16<LI>Call Chain = USART_GetITStatus
</UL>
<BR>[Called By]<UL><LI><a href="#[30]">&gt;&gt;</a>&nbsp;&nbsp;&nbsp;USART2_IRQHandler
<LI><a href="#[31]">&gt;&gt;</a>&nbsp;&nbsp;&nbsp;USART3_IRQHandler
<LI><a href="#[2f]">&gt;&gt;</a>&nbsp;&nbsp;&nbsp;USART1_IRQHandler
<LI><a href="#[3e]">&gt;&gt;</a>&nbsp;&nbsp;&nbsp;UART4_IRQHandler
</UL>

<P><STRONG><a name="[ed]"></a>USART_ClearITPendingBit</STRONG> (Thumb, 30 bytes, Stack size 8 bytes, stm32f4xx_usart.o(.text))
<BR><BR>[Stack]<UL><LI>Max Depth = 8<LI>Call Chain = USART_ClearITPendingBit
</UL>
<BR>[Called By]<UL><LI><a href="#[30]">&gt;&gt;</a>&nbsp;&nbsp;&nbsp;USART2_IRQHandler
<LI><a href="#[31]">&gt;&gt;</a>&nbsp;&nbsp;&nbsp;USART3_IRQHandler
<LI><a href="#[2f]">&gt;&gt;</a>&nbsp;&nbsp;&nbsp;USART1_IRQHandler
</UL>

<P><STRONG><a name="[83]"></a>__aeabi_dmul</STRONG> (Thumb, 228 bytes, Stack size 48 bytes, dmul.o(.text))
<BR><BR>[Stack]<UL><LI>Max Depth = 88<LI>Call Chain = __aeabi_dmul &rArr; _double_epilogue &rArr; _double_round
</UL>
<BR>[Calls]<UL><LI><a href="#[120]">&gt;&gt;</a>&nbsp;&nbsp;&nbsp;_double_epilogue
</UL>
<BR>[Called By]<UL><LI><a href="#[a1]">&gt;&gt;</a>&nbsp;&nbsp;&nbsp;Move_Turn_Z
<LI><a href="#[9c]">&gt;&gt;</a>&nbsp;&nbsp;&nbsp;Move_Z
<LI><a href="#[96]">&gt;&gt;</a>&nbsp;&nbsp;&nbsp;Move_Y
<LI><a href="#[7f]">&gt;&gt;</a>&nbsp;&nbsp;&nbsp;Move
</UL>

<P><STRONG><a name="[84]"></a>__aeabi_ddiv</STRONG> (Thumb, 222 bytes, Stack size 32 bytes, ddiv.o(.text))
<BR><BR>[Stack]<UL><LI>Max Depth = 40<LI>Call Chain = __aeabi_ddiv &rArr; _double_round
</UL>
<BR>[Calls]<UL><LI><a href="#[121]">&gt;&gt;</a>&nbsp;&nbsp;&nbsp;_double_round
</UL>
<BR>[Called By]<UL><LI><a href="#[a1]">&gt;&gt;</a>&nbsp;&nbsp;&nbsp;Move_Turn_Z
<LI><a href="#[9c]">&gt;&gt;</a>&nbsp;&nbsp;&nbsp;Move_Z
<LI><a href="#[96]">&gt;&gt;</a>&nbsp;&nbsp;&nbsp;Move_Y
<LI><a href="#[7f]">&gt;&gt;</a>&nbsp;&nbsp;&nbsp;Move
</UL>

<P><STRONG><a name="[82]"></a>__aeabi_ui2d</STRONG> (Thumb, 26 bytes, Stack size 16 bytes, dfltui.o(.text))
<BR><BR>[Stack]<UL><LI>Max Depth = 56<LI>Call Chain = __aeabi_ui2d &rArr; _double_epilogue &rArr; _double_round
</UL>
<BR>[Calls]<UL><LI><a href="#[120]">&gt;&gt;</a>&nbsp;&nbsp;&nbsp;_double_epilogue
</UL>
<BR>[Called By]<UL><LI><a href="#[a1]">&gt;&gt;</a>&nbsp;&nbsp;&nbsp;Move_Turn_Z
<LI><a href="#[9c]">&gt;&gt;</a>&nbsp;&nbsp;&nbsp;Move_Z
<LI><a href="#[96]">&gt;&gt;</a>&nbsp;&nbsp;&nbsp;Move_Y
<LI><a href="#[7f]">&gt;&gt;</a>&nbsp;&nbsp;&nbsp;Move
</UL>

<P><STRONG><a name="[86]"></a>__aeabi_d2iz</STRONG> (Thumb, 62 bytes, Stack size 16 bytes, dfixi.o(.text))
<BR><BR>[Stack]<UL><LI>Max Depth = 16<LI>Call Chain = __aeabi_d2iz
</UL>
<BR>[Calls]<UL><LI><a href="#[122]">&gt;&gt;</a>&nbsp;&nbsp;&nbsp;__aeabi_llsr
</UL>
<BR>[Called By]<UL><LI><a href="#[a1]">&gt;&gt;</a>&nbsp;&nbsp;&nbsp;Move_Turn_Z
<LI><a href="#[9c]">&gt;&gt;</a>&nbsp;&nbsp;&nbsp;Move_Z
<LI><a href="#[96]">&gt;&gt;</a>&nbsp;&nbsp;&nbsp;Move_Y
<LI><a href="#[7f]">&gt;&gt;</a>&nbsp;&nbsp;&nbsp;Move
</UL>

<P><STRONG><a name="[80]"></a>__aeabi_f2d</STRONG> (Thumb, 38 bytes, Stack size 0 bytes, f2d.o(.text))
<BR><BR>[Called By]<UL><LI><a href="#[fb]">&gt;&gt;</a>&nbsp;&nbsp;&nbsp;JY901B_check
<LI><a href="#[a1]">&gt;&gt;</a>&nbsp;&nbsp;&nbsp;Move_Turn_Z
<LI><a href="#[9c]">&gt;&gt;</a>&nbsp;&nbsp;&nbsp;Move_Z
<LI><a href="#[96]">&gt;&gt;</a>&nbsp;&nbsp;&nbsp;Move_Y
<LI><a href="#[7f]">&gt;&gt;</a>&nbsp;&nbsp;&nbsp;Move
</UL>

<P><STRONG><a name="[1b8]"></a>__aeabi_cdcmpeq</STRONG> (Thumb, 0 bytes, Stack size 0 bytes, cdcmple.o(.text), UNUSED)

<P><STRONG><a name="[fe]"></a>__aeabi_cdcmple</STRONG> (Thumb, 48 bytes, Stack size 0 bytes, cdcmple.o(.text))
<BR><BR>[Called By]<UL><LI><a href="#[fb]">&gt;&gt;</a>&nbsp;&nbsp;&nbsp;JY901B_check
</UL>

<P><STRONG><a name="[85]"></a>__aeabi_d2f</STRONG> (Thumb, 56 bytes, Stack size 8 bytes, d2f.o(.text))
<BR><BR>[Stack]<UL><LI>Max Depth = 8<LI>Call Chain = __aeabi_d2f
</UL>
<BR>[Calls]<UL><LI><a href="#[123]">&gt;&gt;</a>&nbsp;&nbsp;&nbsp;_float_round
</UL>
<BR>[Called By]<UL><LI><a href="#[a1]">&gt;&gt;</a>&nbsp;&nbsp;&nbsp;Move_Turn_Z
<LI><a href="#[9c]">&gt;&gt;</a>&nbsp;&nbsp;&nbsp;Move_Z
<LI><a href="#[96]">&gt;&gt;</a>&nbsp;&nbsp;&nbsp;Move_Y
<LI><a href="#[7f]">&gt;&gt;</a>&nbsp;&nbsp;&nbsp;Move
</UL>

<P><STRONG><a name="[122]"></a>__aeabi_llsr</STRONG> (Thumb, 32 bytes, Stack size 0 bytes, llushr.o(.text))
<BR><BR>[Called By]<UL><LI><a href="#[86]">&gt;&gt;</a>&nbsp;&nbsp;&nbsp;__aeabi_d2iz
<LI><a href="#[120]">&gt;&gt;</a>&nbsp;&nbsp;&nbsp;_double_epilogue
<LI><a href="#[125]">&gt;&gt;</a>&nbsp;&nbsp;&nbsp;_dsqrt
</UL>

<P><STRONG><a name="[1b9]"></a>_ll_ushift_r</STRONG> (Thumb, 0 bytes, Stack size 0 bytes, llushr.o(.text), UNUSED)

<P><STRONG><a name="[1ba]"></a>__I$use$fp</STRONG> (Thumb, 0 bytes, Stack size 0 bytes, iusefp.o(.text), UNUSED)

<P><STRONG><a name="[123]"></a>_float_round</STRONG> (Thumb, 18 bytes, Stack size 0 bytes, fepilogue.o(.text))
<BR><BR>[Called By]<UL><LI><a href="#[85]">&gt;&gt;</a>&nbsp;&nbsp;&nbsp;__aeabi_d2f
</UL>

<P><STRONG><a name="[1bb]"></a>_float_epilogue</STRONG> (Thumb, 92 bytes, Stack size 4 bytes, fepilogue.o(.text), UNUSED)

<P><STRONG><a name="[121]"></a>_double_round</STRONG> (Thumb, 30 bytes, Stack size 8 bytes, depilogue.o(.text))
<BR><BR>[Stack]<UL><LI>Max Depth = 8<LI>Call Chain = _double_round
</UL>
<BR>[Called By]<UL><LI><a href="#[84]">&gt;&gt;</a>&nbsp;&nbsp;&nbsp;__aeabi_ddiv
<LI><a href="#[120]">&gt;&gt;</a>&nbsp;&nbsp;&nbsp;_double_epilogue
<LI><a href="#[125]">&gt;&gt;</a>&nbsp;&nbsp;&nbsp;_dsqrt
</UL>

<P><STRONG><a name="[120]"></a>_double_epilogue</STRONG> (Thumb, 156 bytes, Stack size 32 bytes, depilogue.o(.text))
<BR><BR>[Stack]<UL><LI>Max Depth = 40<LI>Call Chain = _double_epilogue &rArr; _double_round
</UL>
<BR>[Calls]<UL><LI><a href="#[124]">&gt;&gt;</a>&nbsp;&nbsp;&nbsp;__aeabi_llsl
<LI><a href="#[122]">&gt;&gt;</a>&nbsp;&nbsp;&nbsp;__aeabi_llsr
<LI><a href="#[121]">&gt;&gt;</a>&nbsp;&nbsp;&nbsp;_double_round
</UL>
<BR>[Called By]<UL><LI><a href="#[82]">&gt;&gt;</a>&nbsp;&nbsp;&nbsp;__aeabi_ui2d
<LI><a href="#[83]">&gt;&gt;</a>&nbsp;&nbsp;&nbsp;__aeabi_dmul
</UL>

<P><STRONG><a name="[125]"></a>_dsqrt</STRONG> (Thumb, 162 bytes, Stack size 32 bytes, dsqrt.o(.text))
<BR><BR>[Stack]<UL><LI>Max Depth = 40<LI>Call Chain = _dsqrt &rArr; _double_round
</UL>
<BR>[Calls]<UL><LI><a href="#[122]">&gt;&gt;</a>&nbsp;&nbsp;&nbsp;__aeabi_llsr
<LI><a href="#[121]">&gt;&gt;</a>&nbsp;&nbsp;&nbsp;_double_round
</UL>
<BR>[Called By]<UL><LI><a href="#[81]">&gt;&gt;</a>&nbsp;&nbsp;&nbsp;__hardfp_sqrt
</UL>

<P><STRONG><a name="[60]"></a>__scatterload</STRONG> (Thumb, 28 bytes, Stack size 0 bytes, init.o(.text))
<BR><BR>[Calls]<UL><LI><a href="#[126]">&gt;&gt;</a>&nbsp;&nbsp;&nbsp;__main_after_scatterload
</UL>
<BR>[Called By]<UL><LI><a href="#[5f]">&gt;&gt;</a>&nbsp;&nbsp;&nbsp;_main_scatterload
</UL>

<P><STRONG><a name="[1bc]"></a>__scatterload_rt2</STRONG> (Thumb, 0 bytes, Stack size 0 bytes, init.o(.text), UNUSED)

<P><STRONG><a name="[124]"></a>__aeabi_llsl</STRONG> (Thumb, 30 bytes, Stack size 0 bytes, llshl.o(.text))
<BR><BR>[Called By]<UL><LI><a href="#[120]">&gt;&gt;</a>&nbsp;&nbsp;&nbsp;_double_epilogue
</UL>

<P><STRONG><a name="[1bd]"></a>_ll_shift_l</STRONG> (Thumb, 0 bytes, Stack size 0 bytes, llshl.o(.text), UNUSED)

<P><STRONG><a name="[1be]"></a>__decompress</STRONG> (Thumb, 0 bytes, Stack size unknown bytes, __dczerorl2.o(.text), UNUSED)

<P><STRONG><a name="[1bf]"></a>__decompress1</STRONG> (Thumb, 86 bytes, Stack size unknown bytes, __dczerorl2.o(.text), UNUSED)

<P><STRONG><a name="[fd]"></a>__hardfp_fabs</STRONG> (Thumb, 20 bytes, Stack size 8 bytes, fabs.o(i.__hardfp_fabs))
<BR><BR>[Stack]<UL><LI>Max Depth = 8<LI>Call Chain = __hardfp_fabs
</UL>
<BR>[Called By]<UL><LI><a href="#[fb]">&gt;&gt;</a>&nbsp;&nbsp;&nbsp;JY901B_check
</UL>

<P><STRONG><a name="[81]"></a>__hardfp_sqrt</STRONG> (Thumb, 122 bytes, Stack size 32 bytes, sqrt.o(i.__hardfp_sqrt))
<BR><BR>[Stack]<UL><LI>Max Depth = 72<LI>Call Chain = __hardfp_sqrt &rArr; _dsqrt &rArr; _double_round
</UL>
<BR>[Calls]<UL><LI><a href="#[127]">&gt;&gt;</a>&nbsp;&nbsp;&nbsp;__set_errno
<LI><a href="#[125]">&gt;&gt;</a>&nbsp;&nbsp;&nbsp;_dsqrt
</UL>
<BR>[Called By]<UL><LI><a href="#[a1]">&gt;&gt;</a>&nbsp;&nbsp;&nbsp;Move_Turn_Z
<LI><a href="#[9c]">&gt;&gt;</a>&nbsp;&nbsp;&nbsp;Move_Z
<LI><a href="#[96]">&gt;&gt;</a>&nbsp;&nbsp;&nbsp;Move_Y
<LI><a href="#[7f]">&gt;&gt;</a>&nbsp;&nbsp;&nbsp;Move
</UL>

<P><STRONG><a name="[1c0]"></a>__scatterload_copy</STRONG> (Thumb, 14 bytes, Stack size unknown bytes, handlers.o(i.__scatterload_copy), UNUSED)

<P><STRONG><a name="[1c1]"></a>__scatterload_null</STRONG> (Thumb, 2 bytes, Stack size unknown bytes, handlers.o(i.__scatterload_null), UNUSED)

<P><STRONG><a name="[1c2]"></a>__scatterload_zeroinit</STRONG> (Thumb, 14 bytes, Stack size unknown bytes, handlers.o(i.__scatterload_zeroinit), UNUSED)

<P><STRONG><a name="[127]"></a>__set_errno</STRONG> (Thumb, 6 bytes, Stack size 0 bytes, errno.o(i.__set_errno))
<BR><BR>[Called By]<UL><LI><a href="#[81]">&gt;&gt;</a>&nbsp;&nbsp;&nbsp;__hardfp_sqrt
</UL>
<P>
<H3>
Local Symbols
</H3>
<P><STRONG><a name="[101]"></a>SetSysClock</STRONG> (Thumb, 220 bytes, Stack size 12 bytes, system_stm32f4xx.o(.text))
<BR><BR>[Stack]<UL><LI>Max Depth = 12<LI>Call Chain = SetSysClock
</UL>
<BR>[Called By]<UL><LI><a href="#[5d]">&gt;&gt;</a>&nbsp;&nbsp;&nbsp;SystemInit
</UL>

<P><STRONG><a name="[115]"></a>TI4_Config</STRONG> (Thumb, 80 bytes, Stack size 20 bytes, stm32f4xx_tim.o(.text), UNUSED)
<BR><BR>[Called By]<UL><LI><a href="#[10e]">&gt;&gt;</a>&nbsp;&nbsp;&nbsp;TIM_ICInit
</UL>

<P><STRONG><a name="[113]"></a>TI3_Config</STRONG> (Thumb, 72 bytes, Stack size 20 bytes, stm32f4xx_tim.o(.text), UNUSED)
<BR><BR>[Called By]<UL><LI><a href="#[10e]">&gt;&gt;</a>&nbsp;&nbsp;&nbsp;TIM_ICInit
</UL>

<P><STRONG><a name="[111]"></a>TI2_Config</STRONG> (Thumb, 90 bytes, Stack size 20 bytes, stm32f4xx_tim.o(.text), UNUSED)
<BR><BR>[Called By]<UL><LI><a href="#[11a]">&gt;&gt;</a>&nbsp;&nbsp;&nbsp;TIM_TIxExternalClockConfig
<LI><a href="#[117]">&gt;&gt;</a>&nbsp;&nbsp;&nbsp;TIM_PWMIConfig
<LI><a href="#[10e]">&gt;&gt;</a>&nbsp;&nbsp;&nbsp;TIM_ICInit
</UL>

<P><STRONG><a name="[10f]"></a>TI1_Config</STRONG> (Thumb, 58 bytes, Stack size 20 bytes, stm32f4xx_tim.o(.text), UNUSED)
<BR><BR>[Called By]<UL><LI><a href="#[11a]">&gt;&gt;</a>&nbsp;&nbsp;&nbsp;TIM_TIxExternalClockConfig
<LI><a href="#[117]">&gt;&gt;</a>&nbsp;&nbsp;&nbsp;TIM_PWMIConfig
<LI><a href="#[10e]">&gt;&gt;</a>&nbsp;&nbsp;&nbsp;TIM_ICInit
</UL>
<P>
<H3>
Undefined Global Symbols
</H3><HR></body></html>
