<html>
<body>
<pre>
<h1>µVision Build Log</h1>
<h2>Tool Versions:</h2>
IDE-Version: ¦ÌVision V5.39.0.0
Copyright (C) 2023 ARM Ltd and ARM Germany GmbH. All rights reserved.
License Information: fish fishsjy@outlook.com, fish, LIC=DSNXV-PIAL2-E07N4-FGABN-3NT00-PCANC
 
Tool Versions:
Toolchain:       MDK-ARM Professional  Version: 5.39.0.0
Toolchain Path:  C:\Apps\Keil_v5\keil\ARM\ARMCC\Bin
C Compiler:      Armcc.exe V5.06 update 7 (build 960)
Assembler:       Armasm.exe V5.06 update 7 (build 960)
Linker/Locator:  ArmLink.exe V5.06 update 7 (build 960)
Library Manager: ArmAr.exe V5.06 update 7 (build 960)
Hex Converter:   FromElf.exe V5.06 update 7 (build 960)
CPU DLL:         SARMCM3.DLL V5.39.0.0
Dialog DLL:      DCM.DLL V1.17.5.0
Target DLL:      CMSIS_AGDI.dll V1.33.16.0
Dialog DLL:      TCM.DLL V1.56.4.0
 
<h2>Project:</h2>
C:\code_projects\stm32_projects\Ê¡Èü\Project.uvprojx
Project File Date:  04/14/2026

<h2>Output:</h2>
*** Using Compiler 'V5.06 update 7 (build 960)', folder: 'C:\Apps\Keil_v5\keil\ARM\ARMCC\Bin'
Build target 'Target 1'
compiling take_action.c...
compiling Servo.c...
compiling Turntable.c...
compiling Action_Turn_Z.c...
compiling Action_Y.c...
compiling Action_Z.c...
compiling Action.c...
compiling Task.c...
compiling Move.c...
compiling pid.c...
compiling Communication.c...
compiling JY901B.c...
assembling startup_stm32f40_41xxx.s...
compiling stm32f4xx_it.c...
compiling main.c...
User\main.c(34): warning:  #177-D: variable "count"  was declared but never referenced
  	int count = 0;
User\main.c(36): warning:  #177-D: variable "sum"  was declared but never referenced
  	float sum = 0;
User\main.c: 2 warnings, 0 errors
compiling system_stm32f4xx.c...
compiling sys.c...
compiling usart.c...
compiling system.c...
compiling misc.c...
compiling delay.c...
compiling stm32f4xx_adc.c...
compiling Timer.c...
compiling stm32f4xx_can.c...
compiling stm32f4xx_crc.c...
compiling stm32f4xx_cryp.c...
compiling stm32f4xx_cryp_des.c...
compiling stm32f4xx_cryp_aes.c...
compiling stm32f4xx_dac.c...
compiling stm32f4xx_dbgmcu.c...
compiling stm32f4xx_cryp_tdes.c...
compiling stm32f4xx_dcmi.c...
compiling stm32f4xx_dma.c...
compiling stm32f4xx_dma2d.c...
compiling stm32f4xx_exti.c...
compiling stm32f4xx_flash.c...
compiling stm32f4xx_flash_ramfunc.c...
compiling stm32f4xx_gpio.c...
compiling stm32f4xx_fsmc.c...
compiling stm32f4xx_hash.c...
compiling stm32f4xx_i2c.c...
compiling stm32f4xx_iwdg.c...
compiling stm32f4xx_ltdc.c...
compiling stm32f4xx_hash_md5.c...
compiling stm32f4xx_hash_sha1.c...
compiling stm32f4xx_pwr.c...
compiling stm32f4xx_rcc.c...
compiling stm32f4xx_rng.c...
compiling stm32f4xx_sai.c...
compiling stm32f4xx_sdio.c...
compiling stm32f4xx_rtc.c...
compiling stm32f4xx_spi.c...
compiling stm32f4xx_syscfg.c...
compiling stm32f4xx_wwdg.c...
compiling stm32f4xx_usart.c...
compiling stm32f4xx_tim.c...
linking...
Program Size: Code=60908 RO-data=424 RW-data=408 ZI-data=1904  
".\Objects\Project.axf" - 0 Error(s), 2 Warning(s).

<h2>Software Packages used:</h2>

<h2>Collection of Component include folders:</h2>

<h2>Collection of Component Files used:</h2>
Build Time Elapsed:  00:00:06
</pre>
</body>
</html>
