Component: ARM Compiler 5.06 update 7 (build 960) Tool: armlink [4d3601]

==============================================================================

Section Cross References

    move.o(.text) refers to stm32f4xx_rcc.o(.text) for RCC_APB1PeriphClockCmd
    move.o(.text) refers to stm32f4xx_gpio.o(.text) for GPIO_PinAFConfig
    move.o(.text) refers to stm32f4xx_tim.o(.text) for TIM_TimeBaseInit
    move.o(.text) refers to misc.o(.text) for NVIC_Init
    move.o(.text) refers to main.o(.data) for stepPosition
    move.o(.text) refers to move.o(.bss) for srd_Move
    move.o(.text) refers to move.o(.data) for step_count
    move.o(.text) refers to f2d.o(.text) for __aeabi_f2d
    move.o(.text) refers to sqrt.o(i.__hardfp_sqrt) for __hardfp_sqrt
    move.o(.text) refers to dfltui.o(.text) for __aeabi_ui2d
    move.o(.text) refers to dmul.o(.text) for __aeabi_dmul
    move.o(.text) refers to ddiv.o(.text) for __aeabi_ddiv
    move.o(.text) refers to d2f.o(.text) for __aeabi_d2f
    move.o(.text) refers to dfixi.o(.text) for __aeabi_d2iz
    move.o(.text) refers to pid.o(.text) for AnglePID_realize
    move.o(.text) refers to system_stm32f4xx.o(.data) for SystemCoreClock
    move.o(.text) refers to pid.o(.bss) for Pid
    action_y.o(.text) refers to stm32f4xx_rcc.o(.text) for RCC_APB1PeriphClockCmd
    action_y.o(.text) refers to stm32f4xx_gpio.o(.text) for GPIO_PinAFConfig
    action_y.o(.text) refers to stm32f4xx_tim.o(.text) for TIM_TimeBaseInit
    action_y.o(.text) refers to misc.o(.text) for NVIC_Init
    action_y.o(.text) refers to main.o(.data) for stepPosition_Y
    action_y.o(.text) refers to action_y.o(.bss) for srd_Y
    action_y.o(.text) refers to action_y.o(.data) for step_count
    action_y.o(.text) refers to system_stm32f4xx.o(.data) for SystemCoreClock
    action_y.o(.text) refers to f2d.o(.text) for __aeabi_f2d
    action_y.o(.text) refers to sqrt.o(i.__hardfp_sqrt) for __hardfp_sqrt
    action_y.o(.text) refers to dfltui.o(.text) for __aeabi_ui2d
    action_y.o(.text) refers to dmul.o(.text) for __aeabi_dmul
    action_y.o(.text) refers to ddiv.o(.text) for __aeabi_ddiv
    action_y.o(.text) refers to d2f.o(.text) for __aeabi_d2f
    action_y.o(.text) refers to dfixi.o(.text) for __aeabi_d2iz
    action_z.o(.text) refers to stm32f4xx_rcc.o(.text) for RCC_APB1PeriphClockCmd
    action_z.o(.text) refers to stm32f4xx_gpio.o(.text) for GPIO_PinAFConfig
    action_z.o(.text) refers to stm32f4xx_tim.o(.text) for TIM_TimeBaseInit
    action_z.o(.text) refers to misc.o(.text) for NVIC_Init
    action_z.o(.text) refers to f2d.o(.text) for __aeabi_f2d
    action_z.o(.text) refers to main.o(.data) for stepPosition_Z
    action_z.o(.text) refers to action_z.o(.bss) for srd_Z
    action_z.o(.text) refers to action_z.o(.data) for step_count
    action_z.o(.text) refers to system_stm32f4xx.o(.data) for SystemCoreClock
    action_z.o(.text) refers to sqrt.o(i.__hardfp_sqrt) for __hardfp_sqrt
    action_z.o(.text) refers to dfltui.o(.text) for __aeabi_ui2d
    action_z.o(.text) refers to dmul.o(.text) for __aeabi_dmul
    action_z.o(.text) refers to ddiv.o(.text) for __aeabi_ddiv
    action_z.o(.text) refers to d2f.o(.text) for __aeabi_d2f
    action_z.o(.text) refers to dfixi.o(.text) for __aeabi_d2iz
    action_turn_z.o(.text) refers to stm32f4xx_rcc.o(.text) for RCC_APB1PeriphClockCmd
    action_turn_z.o(.text) refers to stm32f4xx_gpio.o(.text) for GPIO_PinAFConfig
    action_turn_z.o(.text) refers to stm32f4xx_tim.o(.text) for TIM_TimeBaseInit
    action_turn_z.o(.text) refers to misc.o(.text) for NVIC_Init
    action_turn_z.o(.text) refers to f2d.o(.text) for __aeabi_f2d
    action_turn_z.o(.text) refers to main.o(.data) for stepPosition_Turn_Z
    action_turn_z.o(.text) refers to action_turn_z.o(.bss) for srd_Turn_Z
    action_turn_z.o(.text) refers to action_turn_z.o(.data) for step_count
    action_turn_z.o(.text) refers to system_stm32f4xx.o(.data) for SystemCoreClock
    action_turn_z.o(.text) refers to sqrt.o(i.__hardfp_sqrt) for __hardfp_sqrt
    action_turn_z.o(.text) refers to dfltui.o(.text) for __aeabi_ui2d
    action_turn_z.o(.text) refers to dmul.o(.text) for __aeabi_dmul
    action_turn_z.o(.text) refers to ddiv.o(.text) for __aeabi_ddiv
    action_turn_z.o(.text) refers to d2f.o(.text) for __aeabi_d2f
    action_turn_z.o(.text) refers to dfixi.o(.text) for __aeabi_d2iz
    action.o(.text) refers to action_z.o(.text) for Move_Z
    action.o(.text) refers to stm32f4xx_tim.o(.text) for TIM_Cmd
    action.o(.text) refers to stm32f4xx_gpio.o(.text) for GPIO_SetBits
    action.o(.text) refers to servo.o(.text) for Servo_SetAngle3
    action.o(.text) refers to delay.o(.text) for delay_ms
    action.o(.text) refers to action_turn_z.o(.text) for Move_Turn_Z
    action.o(.text) refers to action_y.o(.text) for Move_Y
    action.o(.text) refers to action.o(.data) for grab_flag
    action.o(.text) refers to main.o(.data) for stepPosition_Z
    task.o(.text) refers to action_z.o(.text) for Move_Z
[...]
    Library\\stm32f4xx_cryp.c                0x00000000   Number         0  stm32f4xx_cryp.o ABSOLUTE
    Library\\stm32f4xx_cryp_aes.c            0x00000000   Number         0  stm32f4xx_cryp_aes.o ABSOLUTE
    Library\\stm32f4xx_cryp_des.c            0x00000000   Number         0  stm32f4xx_cryp_des.o ABSOLUTE
    Library\\stm32f4xx_cryp_tdes.c           0x00000000   Number         0  stm32f4xx_cryp_tdes.o ABSOLUTE
    Library\\stm32f4xx_dac.c                 0x00000000   Number         0  stm32f4xx_dac.o ABSOLUTE
    Library\\stm32f4xx_dbgmcu.c              0x00000000   Number         0  stm32f4xx_dbgmcu.o ABSOLUTE
    Library\\stm32f4xx_dcmi.c                0x00000000   Number         0  stm32f4xx_dcmi.o ABSOLUTE
    Library\\stm32f4xx_dma.c                 0x00000000   Number         0  stm32f4xx_dma.o ABSOLUTE
    Library\\stm32f4xx_dma2d.c               0x00000000   Number         0  stm32f4xx_dma2d.o ABSOLUTE
    Library\\stm32f4xx_exti.c                0x00000000   Number         0  stm32f4xx_exti.o ABSOLUTE
    Library\\stm32f4xx_flash.c               0x00000000   Number         0  stm32f4xx_flash.o ABSOLUTE
    Library\\stm32f4xx_flash_ramfunc.c       0x00000000   Number         0  stm32f4xx_flash_ramfunc.o ABSOLUTE
    Library\\stm32f4xx_fsmc.c                0x00000000   Number         0  stm32f4xx_fsmc.o ABSOLUTE
    Library\\stm32f4xx_gpio.c                0x00000000   Number         0  stm32f4xx_gpio.o ABSOLUTE
    Library\\stm32f4xx_hash.c                0x00000000   Number         0  stm32f4xx_hash.o ABSOLUTE
    Library\\stm32f4xx_hash_md5.c            0x00000000   Number         0  stm32f4xx_hash_md5.o ABSOLUTE
    Library\\stm32f4xx_hash_sha1.c           0x00000000   Number         0  stm32f4xx_hash_sha1.o ABSOLUTE
    Library\\stm32f4xx_i2c.c                 0x00000000   Number         0  stm32f4xx_i2c.o ABSOLUTE
    Library\\stm32f4xx_iwdg.c                0x00000000   Number         0  stm32f4xx_iwdg.o ABSOLUTE
    Library\\stm32f4xx_ltdc.c                0x00000000   Number         0  stm32f4xx_ltdc.o ABSOLUTE
    Library\\stm32f4xx_pwr.c                 0x00000000   Number         0  stm32f4xx_pwr.o ABSOLUTE
    Library\\stm32f4xx_rcc.c                 0x00000000   Number         0  stm32f4xx_rcc.o ABSOLUTE
    Library\\stm32f4xx_rng.c                 0x00000000   Number         0  stm32f4xx_rng.o ABSOLUTE
    Library\\stm32f4xx_rtc.c                 0x00000000   Number         0  stm32f4xx_rtc.o ABSOLUTE
    Library\\stm32f4xx_sai.c                 0x00000000   Number         0  stm32f4xx_sai.o ABSOLUTE
    Library\\stm32f4xx_sdio.c                0x00000000   Number         0  stm32f4xx_sdio.o ABSOLUTE
    Library\\stm32f4xx_spi.c                 0x00000000   Number         0  stm32f4xx_spi.o ABSOLUTE
    Library\\stm32f4xx_syscfg.c              0x00000000   Number         0  stm32f4xx_syscfg.o ABSOLUTE
    Library\\stm32f4xx_tim.c                 0x00000000   Number         0  stm32f4xx_tim.o ABSOLUTE
    Library\\stm32f4xx_usart.c               0x00000000   Number         0  stm32f4xx_usart.o ABSOLUTE
    Library\\stm32f4xx_wwdg.c                0x00000000   Number         0  stm32f4xx_wwdg.o ABSOLUTE
    Library\misc.c                           0x00000000   Number         0  misc.o ABSOLUTE
    Library\stm32f4xx_adc.c                  0x00000000   Number         0  stm32f4xx_adc.o ABSOLUTE
    Library\stm32f4xx_can.c                  0x00000000   Number         0  stm32f4xx_can.o ABSOLUTE
    Library\stm32f4xx_crc.c                  0x00000000   Number         0  stm32f4xx_crc.o ABSOLUTE
    Library\stm32f4xx_cryp.c                 0x00000000   Number         0  stm32f4xx_cryp.o ABSOLUTE
    Library\stm32f4xx_cryp_aes.c             0x00000000   Number         0  stm32f4xx_cryp_aes.o ABSOLUTE
    Library\stm32f4xx_cryp_des.c             0x00000000   Number         0  stm32f4xx_cryp_des.o ABSOLUTE
    Library\stm32f4xx_cryp_tdes.c            0x00000000   Number         0  stm32f4xx_cryp_tdes.o ABSOLUTE
    Library\stm32f4xx_dac.c                  0x00000000   Number         0  stm32f4xx_dac.o ABSOLUTE
    Library\stm32f4xx_dbgmcu.c               0x00000000   Number         0  stm32f4xx_dbgmcu.o ABSOLUTE
    Library\stm32f4xx_dcmi.c                 0x00000000   Number         0  stm32f4xx_dcmi.o ABSOLUTE
    Library\stm32f4xx_dma.c                  0x00000000   Number         0  stm32f4xx_dma.o ABSOLUTE
    Library\stm32f4xx_dma2d.c                0x00000000   Number         0  stm32f4xx_dma2d.o ABSOLUTE
    Library\stm32f4xx_exti.c                 0x00000000   Number         0  stm32f4xx_exti.o ABSOLUTE
    Library\stm32f4xx_flash.c                0x00000000   Number         0  stm32f4xx_flash.o ABSOLUTE
    Library\stm32f4xx_flash_ramfunc.c        0x00000000   Number         0  stm32f4xx_flash_ramfunc.o ABSOLUTE
    Library\stm32f4xx_fsmc.c                 0x00000000   Number         0  stm32f4xx_fsmc.o ABSOLUTE
    Library\stm32f4xx_gpio.c                 0x00000000   Number         0  stm32f4xx_gpio.o ABSOLUTE
    Library\stm32f4xx_hash.c                 0x00000000   Number         0  stm32f4xx_hash.o ABSOLUTE
    Library\stm32f4xx_hash_md5.c             0x00000000   Number         0  stm32f4xx_hash_md5.o ABSOLUTE
    Library\stm32f4xx_hash_sha1.c            0x00000000   Number         0  stm32f4xx_hash_sha1.o ABSOLUTE
    Library\stm32f4xx_i2c.c                  0x00000000   Number         0  stm32f4xx_i2c.o ABSOLUTE
    Library\stm32f4xx_iwdg.c                 0x00000000   Number         0  stm32f4xx_iwdg.o ABSOLUTE
    Library\stm32f4xx_ltdc.c                 0x00000000   Number         0  stm32f4xx_ltdc.o ABSOLUTE
    Library\stm32f4xx_pwr.c                  0x00000000   Number         0  stm32f4xx_pwr.o ABSOLUTE
    Library\stm32f4xx_rcc.c                  0x00000000   Number         0  stm32f4xx_rcc.o ABSOLUTE
    Library\stm32f4xx_rng.c                  0x00000000   Number         0  stm32f4xx_rng.o ABSOLUTE
    Library\stm32f4xx_rtc.c                  0x00000000   Number         0  stm32f4xx_rtc.o ABSOLUTE
    Library\stm32f4xx_sai.c                  0x00000000   Number         0  stm32f4xx_sai.o ABSOLUTE
    Library\stm32f4xx_sdio.c                 0x00000000   Number         0  stm32f4xx_sdio.o ABSOLUTE
    Library\stm32f4xx_spi.c                  0x00000000   Number         0  stm32f4xx_spi.o ABSOLUTE
    Library\stm32f4xx_syscfg.c               0x00000000   Number         0  stm32f4xx_syscfg.o ABSOLUTE
    Library\stm32f4xx_tim.c                  0x00000000   Number         0  stm32f4xx_tim.o ABSOLUTE
    Library\stm32f4xx_usart.c                0x00000000   Number         0  stm32f4xx_usart.o ABSOLUTE
    Library\stm32f4xx_wwdg.c                 0x00000000   Number         0  stm32f4xx_wwdg.o ABSOLUTE
    PID\\pid.c                               0x00000000   Number         0  pid.o ABSOLUTE
    PID\pid.c                                0x00000000   Number         0  pid.o ABSOLUTE
    Servo\Servo.c                            0x00000000   Number         0  servo.o ABSOLUTE
    Servo\\Servo.c                           0x00000000   Number         0  servo.o ABSOLUTE
    Start\startup_stm32f40_41xxx.s           0x00000000   Number         0  startup_stm32f40_41xxx.o ABSOLUTE
    System\Timer.c                           0x00000000   Number         0  timer.o ABSOLUTE
    System\\Timer.c                          0x00000000   Number         0  timer.o ABSOLUTE
    System\\delay.c                          0x00000000   Number         0  delay.o ABSOLUTE
    System\\sys.c                            0x00000000   Number         0  sys.o ABSOLUTE
    System\\system.c                         0x00000000   Number         0  system.o ABSOLUTE
    System\\usart.c                          0x00000000   Number         0  usart.o ABSOLUTE
    System\delay.c                           0x00000000   Number         0  delay.o ABSOLUTE
    System\sys.c                             0x00000000   Number         0  sys.o ABSOLUTE
    System\system.c                          0x00000000   Number         0  system.o ABSOLUTE
    System\usart.c                           0x00000000   Number         0  usart.o ABSOLUTE
    Task\Action.c                            0x00000000   Number         0  action.o ABSOLUTE
    Task\Task.c                              0x00000000   Number         0  task.o ABSOLUTE
    Task\Turntable.c                         0x00000000   Number         0  turntable.o ABSOLUTE
    Task\\Action.c                           0x00000000   Number         0  action.o ABSOLUTE
    Task\\Task.c                             0x00000000   Number         0  task.o ABSOLUTE
    Task\\Turntable.c                        0x00000000   Number         0  turntable.o ABSOLUTE
    User\\main.c                             0x00000000   Number         0  main.o ABSOLUTE
    User\\stm32f4xx_it.c                     0x00000000   Number         0  stm32f4xx_it.o ABSOLUTE
    User\\system_stm32f4xx.c                 0x00000000   Number         0  system_stm32f4xx.o ABSOLUTE
    User\main.c                              0x00000000   Number         0  main.o ABSOLUTE
    User\stm32f4xx_it.c                      0x00000000   Number         0  stm32f4xx_it.o ABSOLUTE
    User\system_stm32f4xx.c                  0x00000000   Number         0  system_stm32f4xx.o ABSOLUTE
    cdcmple.s                                0x00000000   Number         0  cdcmple.o ABSOLUTE
    dc.s                                     0x00000000   Number         0  dc.o ABSOLUTE
    handlers.s                               0x00000000   Number         0  handlers.o ABSOLUTE
    init.s                                   0x00000000   Number         0  init.o ABSOLUTE
    RESET                                    0x08000000   Section      392  startup_stm32f40_41xxx.o(RESET)
    .ARM.Collect$$$$00000000                 0x08000188   Section        0  entry.o(.ARM.Collect$$$$00000000)
    .ARM.Collect$$$$00000001                 0x08000188   Section        4  entry2.o(.ARM.Collect$$$$00000001)
    .ARM.Collect$$$$00000004                 0x0800018c   Section        4  entry5.o(.ARM.Collect$$$$00000004)
    .ARM.Collect$$$$00000008                 0x08000190   Section        0  entry7b.o(.ARM.Collect$$$$00000008)
    .ARM.Collect$$$$0000000A                 0x08000190   Section        0  entry8b.o(.ARM.Collect$$$$0000000A)
    .ARM.Collect$$$$0000000B                 0x08000190   Section        8  entry9a.o(.ARM.Collect$$$$0000000B)
    .ARM.Collect$$$$0000000E                 0x08000198   Section        4  entry12b.o(.ARM.Collect$$$$0000000E)
    .ARM.Collect$$$$0000000F                 0x0800019c   Section        0  entry10a.o(.ARM.Collect$$$$0000000F)
    .ARM.Collect$$$$00000011                 0x0800019c   Section        0  entry11a.o(.ARM.Collect$$$$00000011)
    .ARM.Collect$$$$00002712                 0x0800019c   Section        4  entry2.o(.ARM.Collect$$$$00002712)
    __lit__00000000                          0x0800019c   Data           4  entry2.o(.ARM.Collect$$$$00002712)
    .text                                    0x080001a0   Section        0  move.o(.text)
    .text                                    0x08000a28   Section        0  action_y.o(.text)
    .text                                    0x08000ffc   Section        0  action_z.o(.text)
    .text                                    0x080015a0   Section        0  action_turn_z.o(.text)
    .text                                    0x08001b4c   Section        0  action.o(.text)
    .text                                    0x08004720   Section        0  task.o(.text)
    .text                                    0x080098ac   Section        0  turntable.o(.text)
    .text                                    0x0800af7c   Section        0  pid.o(.text)
    .text                                    0x0800b1f0   Section        0  servo.o(.text)
    .text                                    0x0800b4d0   Section        0  communication.o(.text)
    .text                                    0x0800b8e0   Section        0  jy901b.o(.text)
    .text                                    0x0800bc5c   Section        0  main.o(.text)
    .text                                    0x0800c954   Section        0  stm32f4xx_it.o(.text)
    .text                                    0x0800c970   Section        0  system_stm32f4xx.o(.text)
    SetSysClock                              0x0800c971   Thumb Code   220  system_stm32f4xx.o(.text)
    .text                                    0x0800cb80   Section        0  system.o(.text)
    .text                                    0x0800cbd4   Section        0  usart.o(.text)
    .text                                    0x0800cd20   Section        0  delay.o(.text)
    .text                                    0x0800ce24   Section        0  timer.o(.text)
    .text                                    0x0800cea4   Section       36  startup_stm32f40_41xxx.o(.text)
    $v0                                      0x0800cea4   Number         0  startup_stm32f40_41xxx.o(.text)
    .text                                    0x0800cec8   Section        0  misc.o(.text)
    .text                                    0x0800cfa8   Section        0  stm32f4xx_gpio.o(.text)
    .text                                    0x0800d23c   Section        0  stm32f4xx_rcc.o(.text)
    .text                                    0x0800d898   Section        0  stm32f4xx_tim.o(.text)
    TI4_Config                               0x0800e037   Thumb Code    80  stm32f4xx_tim.o(.text)
    TI3_Config                               0x0800e099   Thumb Code    72  stm32f4xx_tim.o(.text)
    TI2_Config                               0x0800e0fb   Thumb Code    90  stm32f4xx_tim.o(.text)
    TI1_Config                               0x0800e167   Thumb Code    58  stm32f4xx_tim.o(.text)
    .text                                    0x0800e53c   Section        0  stm32f4xx_usart.o(.text)
    .text                                    0x0800e990   Section        0  dmul.o(.text)
    .text                                    0x0800ea74   Section        0  ddiv.o(.text)
    .text                                    0x0800eb52   Section        0  dfltui.o(.text)
    .text                                    0x0800eb6c   Section        0  dfixi.o(.text)
    .text                                    0x0800ebaa   Section        0  f2d.o(.text)
    .text                                    0x0800ebd0   Section       48  cdcmple.o(.text)
    .text                                    0x0800ec00   Section        0  d2f.o(.text)
    .text                                    0x0800ec38   Section        0  llushr.o(.text)
    .text                                    0x0800ec58   Section        0  fepilogue.o(.text)
    .text                                    0x0800ec58   Section        0  iusefp.o(.text)
    .text                                    0x0800ecc6   Section        0  depilogue.o(.text)
    .text                                    0x0800ed80   Section        0  dsqrt.o(.text)
    .text                                    0x0800ee24   Section       36  init.o(.text)
    .text                                    0x0800ee48   Section        0  llshl.o(.text)
    .text                                    0x0800ee66   Section        0  __dczerorl2.o(.text)
    i.__hardfp_fabs                          0x0800eebc   Section        0  fabs.o(i.__hardfp_fabs)
    i.__hardfp_sqrt                          0x0800eed0   Section        0  sqrt.o(i.__hardfp_sqrt)
    i.__scatterload_copy                     0x0800ef4a   Section       14  handlers.o(i.__scatterload_copy)
    i.__scatterload_null                     0x0800ef58   Section        2  handlers.o(i.__scatterload_null)
    i.__scatterload_zeroinit                 0x0800ef5a   Section       14  handlers.o(i.__scatterload_zeroinit)
    i.__set_errno                            0x0800ef68   Section        0  errno.o(i.__set_errno)
    .data                                    0x20000000   Section       12  move.o(.data)
    last_accel_delay                         0x20000000   Data           2  move.o(.data)
    step_count                               0x20000004   Data           4  move.o(.data)
    rest                                     0x20000008   Data           4  move.o(.data)
    .data                                    0x2000000c   Section       12  action_y.o(.data)
    last_accel_delay                         0x2000000c   Data           2  action_y.o(.data)
    step_count                               0x20000010   Data           4  action_y.o(.data)
    rest                                     0x20000014   Data           4  action_y.o(.data)
    .data                                    0x20000018   Section       12  action_z.o(.data)
    last_accel_delay                         0x20000018   Data           2  action_z.o(.data)
    step_count                               0x2000001c   Data           4  action_z.o(.data)
    rest                                     0x20000020   Data           4  action_z.o(.data)
    .data                                    0x20000024   Section       12  action_turn_z.o(.data)
    last_accel_delay                         0x20000024   Data           2  action_turn_z.o(.data)
    step_count                               0x20000028   Data           4  action_turn_z.o(.data)
    rest                                     0x2000002c   Data           4  action_turn_z.o(.data)
    .data                                    0x20000030   Section       18  action.o(.data)
    grab_flag                                0x20000030   Data           1  action.o(.data)
    grab_flag                                0x20000031   Data           1  action.o(.data)
    grab_flag                                0x20000032   Data           1  action.o(.data)
    place_flag                               0x20000033   Data           1  action.o(.data)
    place_flag                               0x20000034   Data           1  action.o(.data)
    place_flag                               0x20000035   Data           1  action.o(.data)
    pile_flag                                0x20000036   Data           1  action.o(.data)
    pile_flag                                0x20000037   Data           1  action.o(.data)
    pile_flag                                0x20000038   Data           1  action.o(.data)
    grab_flag                                0x20000039   Data           1  action.o(.data)
    grab_flag                                0x2000003a   Data           1  action.o(.data)
    grab_flag                                0x2000003b   Data           1  action.o(.data)
    place_flag                               0x2000003c   Data           1  action.o(.data)
    place_flag                               0x2000003d   Data           1  action.o(.data)
    place_flag                               0x2000003e   Data           1  action.o(.data)
    place_flag                               0x2000003f   Data           1  action.o(.data)
    place_flag                               0x20000040   Data           1  action.o(.data)
    place_flag                               0x20000041   Data           1  action.o(.data)
    .data                                    0x20000044   Section       36  task.o(.data)
    task_flag                                0x20000050   Data           1  task.o(.data)
    task_flag                                0x20000051   Data           1  task.o(.data)
    task_flag                                0x20000052   Data           1  task.o(.data)
    task_flag                                0x20000053   Data           1  task.o(.data)
    task_flag                                0x20000054   Data           1  task.o(.data)
    task_flag                                0x20000055   Data           1  task.o(.data)
    task_flag                                0x20000056   Data           1  task.o(.data)
    task_flag                                0x20000057   Data           1  task.o(.data)
    task_flag                                0x20000058   Data           1  task.o(.data)
    task_flag                                0x20000059   Data           1  task.o(.data)
    task_flag                                0x2000005a   Data           1  task.o(.data)
    task_flag                                0x2000005b   Data           1  task.o(.data)
    mission_flag                             0x2000005c   Data           1  task.o(.data)
    mission_flag                             0x2000005d   Data           1  task.o(.data)
    mission_flag                             0x2000005e   Data           1  task.o(.data)
    mission_flag                             0x2000005f   Data           1  task.o(.data)
    mission_flag                             0x20000060   Data           1  task.o(.data)
    mission_flag                             0x20000061   Data           1  task.o(.data)
    mission_flag                             0x20000062   Data           1  task.o(.data)
    mission_flag                             0x20000063   Data           1  task.o(.data)
    mission_flag                             0x20000064   Data           1  task.o(.data)
    mission_flag                             0x20000065   Data           1  task.o(.data)
    mission_flag                             0x20000066   Data           1  task.o(.data)
    mission_flag                             0x20000067   Data           1  task.o(.data)
    .data                                    0x20000068   Section       18  turntable.o(.data)
    Turntable_flag                           0x20000068   Data           1  turntable.o(.data)
    Turntable_flag                           0x20000069   Data           1  turntable.o(.data)
    Turntable_flag                           0x2000006a   Data           1  turntable.o(.data)
    Turntable_task_flag                      0x2000006b   Data           1  turntable.o(.data)
    Turntable_task_flag                      0x2000006c   Data           1  turntable.o(.data)
    Turntable_task_flag                      0x2000006d   Data           1  turntable.o(.data)
    Turntable_task_flag                      0x2000006e   Data           1  turntable.o(.data)
    Turntable_task_flag                      0x2000006f   Data           1  turntable.o(.data)
    Turntable_task_flag                      0x20000070   Data           1  turntable.o(.data)
    Turntable_flag                           0x20000071   Data           1  turntable.o(.data)
    Turntable_flag                           0x20000072   Data           1  turntable.o(.data)
    Turntable_flag                           0x20000073   Data           1  turntable.o(.data)
    Turntable_task_flag                      0x20000074   Data           1  turntable.o(.data)
    Turntable_task_flag                      0x20000075   Data           1  turntable.o(.data)
    Turntable_task_flag                      0x20000076   Data           1  turntable.o(.data)
    Turntable_task_flag                      0x20000077   Data           1  turntable.o(.data)
    Turntable_task_flag                      0x20000078   Data           1  turntable.o(.data)
    Turntable_task_flag                      0x20000079   Data           1  turntable.o(.data)
    .data                                    0x2000007c   Section        4  pid.o(.data)
    .data                                    0x20000080   Section       19  communication.o(.data)
    RxState                                  0x20000090   Data           1  communication.o(.data)
    pRxPacket                                0x20000091   Data           1  communication.o(.data)
    Data_Verify                              0x20000092   Data           1  communication.o(.data)
    .data                                    0x20000094   Section      104  jy901b.o(.data)
    TxCounter                                0x200000ee   Data           1  jy901b.o(.data)
    count                                    0x200000ef   Data           1  jy901b.o(.data)
    ucRxCnt                                  0x200000f0   Data           1  jy901b.o(.data)
    Last_flag                                0x200000f4   Data           4  jy901b.o(.data)
    Last_Yaw                                 0x200000f8   Data           4  jy901b.o(.data)
    .data                                    0x200000fc   Section      104  main.o(.data)
    .data                                    0x20000164   Section       20  system_stm32f4xx.o(.data)
    .data                                    0x20000178   Section        6  usart.o(.data)
    .data                                    0x2000017e   Section        4  delay.o(.data)
    fac_us                                   0x2000017e   Data           1  delay.o(.data)
    fac_ms                                   0x20000180   Data           2  delay.o(.data)
    .data                                    0x20000182   Section       16  stm32f4xx_rcc.o(.data)
    APBAHBPrescTable                         0x20000182   Data          16  stm32f4xx_rcc.o(.data)
    .data                                    0x20000194   Section        4  errno.o(.data)
    _errno                                   0x20000194   Data           4  errno.o(.data)
    .bss                                     0x20000198   Section       24  move.o(.bss)
    .bss                                     0x200001b0   Section       24  action_y.o(.bss)
    .bss                                     0x200001c8   Section       24  action_z.o(.bss)
    .bss                                     0x200001e0   Section       24  action_turn_z.o(.bss)
    .bss                                     0x200001f8   Section       72  pid.o(.bss)
    .bss                                     0x20000240   Section      506  jy901b.o(.bss)
    TxBuffer                                 0x20000240   Data         256  jy901b.o(.bss)
    ucRxBuffer                               0x20000340   Data         250  jy901b.o(.bss)
    .bss                                     0x2000043a   Section      200  usart.o(.bss)
    STACK                                    0x20000508   Section     1024  startup_stm32f40_41xxx.o(STACK)

    Global Symbols

    Symbol Name                              Value     Ov Type        Size  Object(Section)

    BuildAttributes$$THM_ISAv4$E$P$D$K$B$S$7EM$VFPi3$EXTD16$VFPS$VFMA$PE$A:L22UL41UL21$X:L11$S22US41US21$IEEE1$IW$USESV6$~STKCKD$USESV7$~SHL$OTIME$ROPI$IEEEJ$EBA8$MICROLIB$REQ8$PRES8$EABIv2 0x00000000   Number         0  anon$$obj.o ABSOLUTE
    __ARM_use_no_argv                        0x00000000   Number         0  main.o ABSOLUTE
    __use_no_errno                           0x00000000   Number         0  useno.o ABSOLUTE
    __use_no_exception_handling              0x00000000   Number         0  useno.o ABSOLUTE
    __use_no_fp                              0x00000000   Number         0  useno.o ABSOLUTE
    __use_no_heap                            0x00000000   Number         0  useno.o ABSOLUTE
    __use_no_heap_region                     0x00000000   Number         0  useno.o ABSOLUTE
    __use_no_semihosting                     0x00000000   Number         0  useno.o ABSOLUTE
    __use_no_semihosting_swi                 0x00000000   Number         0  useno.o ABSOLUTE
    __use_no_signal_handling                 0x00000000   Number         0  useno.o ABSOLUTE
    __arm_fini_                               - Undefined Weak Reference
    __cpp_initialize__aeabi_                  - Undefined Weak Reference
    __cxa_finalize                            - Undefined Weak Reference
    _clock_init                               - Undefined Weak Reference
    _microlib_exit                            - Undefined Weak Reference
    __Vectors_Size                           0x00000188   Number         0  startup_stm32f40_41xxx.o ABSOLUTE
    __Vectors                                0x08000000   Data           4  startup_stm32f40_41xxx.o(RESET)
    __Vectors_End                            0x08000188   Data           0  startup_stm32f40_41xxx.o(RESET)
    __main                                   0x08000189   Thumb Code     0  entry.o(.ARM.Collect$$$$00000000)
    _main_stk                                0x08000189   Thumb Code     0  entry2.o(.ARM.Collect$$$$00000001)
    _main_scatterload                        0x0800018d   Thumb Code     0  entry5.o(.ARM.Collect$$$$00000004)
    __main_after_scatterload                 0x08000191   Thumb Code     0  entry5.o(.ARM.Collect$$$$00000004)
    _main_clock                              0x08000191   Thumb Code     0  entry7b.o(.ARM.Collect$$$$00000008)
    _main_cpp_init                           0x08000191   Thumb Code     0  entry8b.o(.ARM.Collect$$$$0000000A)
    _main_init                               0x08000191   Thumb Code     0  entry9a.o(.ARM.Collect$$$$0000000B)
    __rt_lib_shutdown_fini                   0x08000199   Thumb Code     0  entry12b.o(.ARM.Collect$$$$0000000E)
    __rt_final_cpp                           0x0800019d   Thumb Code     0  entry10a.o(.ARM.Collect$$$$0000000F)
    __rt_final_exit                          0x0800019d   Thumb Code     0  entry11a.o(.ARM.Collect$$$$00000011)
    Move_PWM_Init                            0x080001a1   Thumb Code   430  move.o(.text)
    StepCounter                              0x0800034f   Thumb Code    28  move.o(.text)
    speed_decision                           0x0800036b   Thumb Code   538  move.o(.text)
    TIM5_IRQHandler                          0x08000585   Thumb Code     8  move.o(.text)
    Move                                     0x0800058d   Thumb Code   630  move.o(.text)
    DIR_LF                                   0x08000803   Thumb Code    26  move.o(.text)
    DIR_LB                                   0x0800081d   Thumb Code    26  move.o(.text)
    DIR_RF                                   0x08000837   Thumb Code    28  move.o(.text)
    DIR_RB                                   0x08000853   Thumb Code    28  move.o(.text)
    Car_dirict                               0x0800086f   Thumb Code   124  move.o(.text)
    Car_Move                                 0x080008eb   Thumb Code    52  move.o(.text)
    Compute                                  0x0800091f   Thumb Code    40  move.o(.text)
    Turn_dirict                              0x08000947   Thumb Code    86  move.o(.text)
    Car_Turn                                 0x0800099d   Thumb Code   126  move.o(.text)
    Action_Y_PWM_Init                        0x08000a29   Thumb Code   300  action_y.o(.text)
    StepCounter_Y                            0x08000b55   Thumb Code    28  action_y.o(.text)
    speed_decision_Y                         0x08000b71   Thumb Code   494  action_y.o(.text)
    TIM2_IRQHandler                          0x08000d5f   Thumb Code     8  action_y.o(.text)
    DIR_Y                                    0x08000d67   Thumb Code    30  action_y.o(.text)
    Move_Y                                   0x08000d85   Thumb Code   600  action_y.o(.text)
    Action_Z_PWM_Init                        0x08000ffd   Thumb Code   286  action_z.o(.text)
    StepCounter_Z                            0x0800111b   Thumb Code    28  action_z.o(.text)
    speed_decision_Z                         0x08001137   Thumb Code   488  action_z.o(.text)
    TIM3_IRQHandler                          0x0800131f   Thumb Code     8  action_z.o(.text)
    DIR_Z                                    0x08001327   Thumb Code    26  action_z.o(.text)
    Move_Z                                   0x08001341   Thumb Code   576  action_z.o(.text)
    Action_Turn_Z_PWM_Init                   0x080015a1   Thumb Code   290  action_turn_z.o(.text)
    StepCounter_Turn_Z                       0x080016c3   Thumb Code    28  action_turn_z.o(.text)
    speed_decision_Turn_Z                    0x080016df   Thumb Code   488  action_turn_z.o(.text)
    TIM4_IRQHandler                          0x080018c7   Thumb Code     8  action_turn_z.o(.text)
    DIR_Turn_Z                               0x080018cf   Thumb Code    30  action_turn_z.o(.text)
    Move_Turn_Z                              0x080018ed   Thumb Code   576  action_turn_z.o(.text)
    Grab_1                                   0x08001b4d   Thumb Code   516  action.o(.text)
    Grab_2                                   0x08001d51   Thumb Code   718  action.o(.text)
    Grab_3                                   0x0800201f   Thumb Code   518  action.o(.text)
    Place_1                                  0x08002225   Thumb Code   644  action.o(.text)
    Place_2                                  0x080024a9   Thumb Code   640  action.o(.text)
    Place_3                                  0x08002729   Thumb Code   644  action.o(.text)
    Pile_1                                   0x080029ad   Thumb Code   548  action.o(.text)
    Pile_2                                   0x08002bd1   Thumb Code   710  action.o(.text)
    Pile_3                                   0x08002e97   Thumb Code   632  action.o(.text)
    Grab_11                                  0x0800310f   Thumb Code   516  action.o(.text)
    Grab_22                                  0x08003313   Thumb Code   730  action.o(.text)
    Grab_33                                  0x080035ed   Thumb Code   514  action.o(.text)
    Place_11                                 0x080037ef   Thumb Code   642  action.o(.text)
    Place_22                                 0x08003a71   Thumb Code   640  action.o(.text)
    Place_33                                 0x08003cf1   Thumb Code   642  action.o(.text)
    Place_13                                 0x08003f73   Thumb Code   638  action.o(.text)
    Place_23                                 0x080041f1   Thumb Code   640  action.o(.text)
    Place_32                                 0x08004471   Thumb Code   638  action.o(.text)
    Task_123                                 0x08004721   Thumb Code  1150  task.o(.text)
    Task_132                                 0x08004b9f   Thumb Code  1116  task.o(.text)
    Task_213                                 0x08004ffb   Thumb Code  1128  task.o(.text)
    Task_231                                 0x08005463   Thumb Code  1102  task.o(.text)
    Task_312                                 0x080058b1   Thumb Code  1112  task.o(.text)
    Task_321                                 0x08005d09   Thumb Code  1158  task.o(.text)
    Task_123_2                               0x0800618f   Thumb Code  1158  task.o(.text)
    Task_132_2                               0x08006615   Thumb Code  1120  task.o(.text)
    Task_213_2                               0x08006a75   Thumb Code  1128  task.o(.text)
    Task_231_2                               0x08006edd   Thumb Code  1106  task.o(.text)
    Task_312_2                               0x0800732f   Thumb Code  1108  task.o(.text)
    Task_321_2                               0x08007783   Thumb Code  1158  task.o(.text)
    Mission_123                              0x08007c09   Thumb Code   758  task.o(.text)
    Mission_132                              0x08007eff   Thumb Code   620  task.o(.text)
    Mission_213                              0x0800816b   Thumb Code   690  task.o(.text)
    Mission_231                              0x0800841d   Thumb Code   688  task.o(.text)
    Mission_312                              0x080086cd   Thumb Code   618  task.o(.text)
    Mission_321                              0x08008937   Thumb Code   748  task.o(.text)
    Pile_123                                 0x08008c23   Thumb Code   540  task.o(.text)
    Pile_132                                 0x08008e3f   Thumb Code   540  task.o(.text)
    Pile_213                                 0x0800905b   Thumb Code   478  task.o(.text)
    Pile_231                                 0x08009239   Thumb Code   538  task.o(.text)
    Pile_312                                 0x08009453   Thumb Code   472  task.o(.text)
    Pile_321                                 0x0800962b   Thumb Code   598  task.o(.text)
    Turntable_1                              0x080098ad   Thumb Code   668  turntable.o(.text)
    Turntable_2                              0x08009b49   Thumb Code   742  turntable.o(.text)
    Turntable_3                              0x08009e2f   Thumb Code   668  turntable.o(.text)
    Turntable_123                            0x0800a0cb   Thumb Code   190  turntable.o(.text)
    Turntable_132                            0x0800a189   Thumb Code   120  turntable.o(.text)
    Turntable_213                            0x0800a201   Thumb Code   120  turntable.o(.text)
    Turntable_231                            0x0800a279   Thumb Code   120  turntable.o(.text)
    Turntable_312                            0x0800a2f1   Thumb Code   120  turntable.o(.text)
    Turntable_321                            0x0800a369   Thumb Code   120  turntable.o(.text)
    Turntable_1_2                            0x0800a3e1   Thumb Code   740  turntable.o(.text)
    Turntable_2_2                            0x0800a6c5   Thumb Code   738  turntable.o(.text)
    Turntable_3_2                            0x0800a9a7   Thumb Code   668  turntable.o(.text)
    Turntable_123_2                          0x0800ac43   Thumb Code   120  turntable.o(.text)
    Turntable_132_2                          0x0800acbb   Thumb Code   120  turntable.o(.text)
    Turntable_213_2                          0x0800ad33   Thumb Code   202  turntable.o(.text)
    Turntable_231_2                          0x0800adfd   Thumb Code   120  turntable.o(.text)
    Turntable_312_2                          0x0800ae75   Thumb Code   120  turntable.o(.text)
    Turntable_321_2                          0x0800aeed   Thumb Code   120  turntable.o(.text)
    PID_Angle_param_init                     0x0800af7d   Thumb Code    76  pid.o(.text)
    AnglePID_realize                         0x0800afc9   Thumb Code   234  pid.o(.text)
    PID_P_param_init                         0x0800b0b3   Thumb Code    76  pid.o(.text)
    PositionPID_realize                      0x0800b0ff   Thumb Code   194  pid.o(.text)
    TIM9_PWM_Init                            0x0800b1f1   Thumb Code   176  servo.o(.text)
    Servo_SetAngle1                          0x0800b2a1   Thumb Code    52  servo.o(.text)
    Servo_SetAngle2                          0x0800b2d5   Thumb Code    52  servo.o(.text)
    TIM10_PWM_Init                           0x0800b309   Thumb Code   160  servo.o(.text)
    Servo_SetAngle3                          0x0800b3a9   Thumb Code    52  servo.o(.text)
    TIM11_PWM_Init                           0x0800b3dd   Thumb Code   160  servo.o(.text)
    Servo_SetAngle4                          0x0800b47d   Thumb Code    52  servo.o(.text)
    USART1_Init                              0x0800b4d1   Thumb Code   168  communication.o(.text)
    Serial_GetRxFlag                         0x0800b579   Thumb Code    22  communication.o(.text)
    USART1_IRQHandler                        0x0800b58f   Thumb Code   278  communication.o(.text)
    Serial_SendByte                          0x0800b6a5   Thumb Code    28  communication.o(.text)
    USART3_Init                              0x0800b6c1   Thumb Code   168  communication.o(.text)
    Serial_GetRxFlag3                        0x0800b769   Thumb Code    22  communication.o(.text)
    USART3_IRQHandler                        0x0800b77f   Thumb Code   278  communication.o(.text)
    Serial_SendByte3                         0x0800b895   Thumb Code    28  communication.o(.text)
    USART2_Init                              0x0800b8e1   Thumb Code   180  jy901b.o(.text)
    CopeSerial2Data                          0x0800b995   Thumb Code   236  jy901b.o(.text)
    USART2_IRQHandler                        0x0800ba81   Thumb Code   118  jy901b.o(.text)
    UART2_Put_Char                           0x0800baf7   Thumb Code    34  jy901b.o(.text)
    UART2_Put_String                         0x0800bb19   Thumb Code    46  jy901b.o(.text)
    sendcmd                                  0x0800bb47   Thumb Code    24  jy901b.o(.text)
    CopeSerial1Data                          0x0800bb5f   Thumb Code    12  jy901b.o(.text)
    Receive_Gyro                             0x0800bb6b   Thumb Code    46  jy901b.o(.text)
    JY901B_Get_Angle                         0x0800bb99   Thumb Code   104  jy901b.o(.text)
    JY901B_check                             0x0800bc5d   Thumb Code   178  main.o(.text)
    Data_handle                              0x0800bd0f   Thumb Code    90  main.o(.text)
    main                                     0x0800bd69   Thumb Code  3040  main.o(.text)
    NMI_Handler                              0x0800c955   Thumb Code     2  stm32f4xx_it.o(.text)
    HardFault_Handler                        0x0800c957   Thumb Code     4  stm32f4xx_it.o(.text)
    MemManage_Handler                        0x0800c95b   Thumb Code     4  stm32f4xx_it.o(.text)
    BusFault_Handler                         0x0800c95f   Thumb Code     4  stm32f4xx_it.o(.text)
    UsageFault_Handler                       0x0800c963   Thumb Code     4  stm32f4xx_it.o(.text)
    SVC_Handler                              0x0800c967   Thumb Code     2  stm32f4xx_it.o(.text)
    DebugMon_Handler                         0x0800c969   Thumb Code     2  stm32f4xx_it.o(.text)
    PendSV_Handler                           0x0800c96b   Thumb Code     2  stm32f4xx_it.o(.text)
    SysTick_Handler                          0x0800c96d   Thumb Code     2  stm32f4xx_it.o(.text)
    SystemInit                               0x0800ca4d   Thumb Code    88  system_stm32f4xx.o(.text)
    SystemCoreClockUpdate                    0x0800caa5   Thumb Code   174  system_stm32f4xx.o(.text)
    System_Init                              0x0800cb81   Thumb Code    84  system.o(.text)
    _sys_exit                                0x0800cbd5   Thumb Code     4  usart.o(.text)
    fputc                                    0x0800cbd9   Thumb Code    24  usart.o(.text)
    uart_init2                               0x0800cbf1   Thumb Code   164  usart.o(.text)
    UART4_IRQHandler                         0x0800cc95   Thumb Code   122  usart.o(.text)
    delay_init                               0x0800cd21   Thumb Code    52  delay.o(.text)
    delay_us                                 0x0800cd55   Thumb Code    72  delay.o(.text)
    delay_xms                                0x0800cd9d   Thumb Code    72  delay.o(.text)
    delay_ms                                 0x0800cde5   Thumb Code    56  delay.o(.text)
    Timer7_Init                              0x0800ce25   Thumb Code    86  timer.o(.text)
    TIM7_IRQHandler                          0x0800ce7b   Thumb Code    34  timer.o(.text)
    Reset_Handler                            0x0800cea5   Thumb Code     8  startup_stm32f40_41xxx.o(.text)
    ADC_IRQHandler                           0x0800cebf   Thumb Code     0  startup_stm32f40_41xxx.o(.text)
    CAN1_RX0_IRQHandler                      0x0800cebf   Thumb Code     0  startup_stm32f40_41xxx.o(.text)
    CAN1_RX1_IRQHandler                      0x0800cebf   Thumb Code     0  startup_stm32f40_41xxx.o(.text)
    CAN1_SCE_IRQHandler                      0x0800cebf   Thumb Code     0  startup_stm32f40_41xxx.o(.text)
    CAN1_TX_IRQHandler                       0x0800cebf   Thumb Code     0  startup_stm32f40_41xxx.o(.text)
    CAN2_RX0_IRQHandler                      0x0800cebf   Thumb Code     0  startup_stm32f40_41xxx.o(.text)
    CAN2_RX1_IRQHandler                      0x0800cebf   Thumb Code     0  startup_stm32f40_41xxx.o(.text)
    CAN2_SCE_IRQHandler                      0x0800cebf   Thumb Code     0  startup_stm32f40_41xxx.o(.text)
    CAN2_TX_IRQHandler                       0x0800cebf   Thumb Code     0  startup_stm32f40_41xxx.o(.text)
    CRYP_IRQHandler                          0x0800cebf   Thumb Code     0  startup_stm32f40_41xxx.o(.text)
    DCMI_IRQHandler                          0x0800cebf   Thumb Code     0  startup_stm32f40_41xxx.o(.text)
    DMA1_Stream0_IRQHandler                  0x0800cebf   Thumb Code     0  startup_stm32f40_41xxx.o(.text)
    DMA1_Stream1_IRQHandler                  0x0800cebf   Thumb Code     0  startup_stm32f40_41xxx.o(.text)
    DMA1_Stream2_IRQHandler                  0x0800cebf   Thumb Code     0  startup_stm32f40_41xxx.o(.text)
    DMA1_Stream3_IRQHandler                  0x0800cebf   Thumb Code     0  startup_stm32f40_41xxx.o(.text)
    DMA1_Stream4_IRQHandler                  0x0800cebf   Thumb Code     0  startup_stm32f40_41xxx.o(.text)
    DMA1_Stream5_IRQHandler                  0x0800cebf   Thumb Code     0  startup_stm32f40_41xxx.o(.text)
    DMA1_Stream6_IRQHandler                  0x0800cebf   Thumb Code     0  startup_stm32f40_41xxx.o(.text)
    DMA1_Stream7_IRQHandler                  0x0800cebf   Thumb Code     0  startup_stm32f40_41xxx.o(.text)
    DMA2_Stream0_IRQHandler                  0x0800cebf   Thumb Code     0  startup_stm32f40_41xxx.o(.text)
    DMA2_Stream1_IRQHandler                  0x0800cebf   Thumb Code     0  startup_stm32f40_41xxx.o(.text)
    DMA2_Stream2_IRQHandler                  0x0800cebf   Thumb Code     0  startup_stm32f40_41xxx.o(.text)
    DMA2_Stream3_IRQHandler                  0x0800cebf   Thumb Code     0  startup_stm32f40_41xxx.o(.text)
    DMA2_Stream4_IRQHandler                  0x0800cebf   Thumb Code     0  startup_stm32f40_41xxx.o(.text)
    DMA2_Stream5_IRQHandler                  0x0800cebf   Thumb Code     0  startup_stm32f40_41xxx.o(.text)
    DMA2_Stream6_IRQHandler                  0x0800cebf   Thumb Code     0  startup_stm32f40_41xxx.o(.text)
    DMA2_Stream7_IRQHandler                  0x0800cebf   Thumb Code     0  startup_stm32f40_41xxx.o(.text)
    ETH_IRQHandler                           0x0800cebf   Thumb Code     0  startup_stm32f40_41xxx.o(.text)
    ETH_WKUP_IRQHandler                      0x0800cebf   Thumb Code     0  startup_stm32f40_41xxx.o(.text)
    EXTI0_IRQHandler                         0x0800cebf   Thumb Code     0  startup_stm32f40_41xxx.o(.text)
    EXTI15_10_IRQHandler                     0x0800cebf   Thumb Code     0  startup_stm32f40_41xxx.o(.text)
    EXTI1_IRQHandler                         0x0800cebf   Thumb Code     0  startup_stm32f40_41xxx.o(.text)
    EXTI2_IRQHandler                         0x0800cebf   Thumb Code     0  startup_stm32f40_41xxx.o(.text)
    EXTI3_IRQHandler                         0x0800cebf   Thumb Code     0  startup_stm32f40_41xxx.o(.text)
    EXTI4_IRQHandler                         0x0800cebf   Thumb Code     0  startup_stm32f40_41xxx.o(.text)
    EXTI9_5_IRQHandler                       0x0800cebf   Thumb Code     0  startup_stm32f40_41xxx.o(.text)
    FLASH_IRQHandler                         0x0800cebf   Thumb Code     0  startup_stm32f40_41xxx.o(.text)
    FPU_IRQHandler                           0x0800cebf   Thumb Code     0  startup_stm32f40_41xxx.o(.text)
    FSMC_IRQHandler                          0x0800cebf   Thumb Code     0  startup_stm32f40_41xxx.o(.text)
    HASH_RNG_IRQHandler                      0x0800cebf   Thumb Code     0  startup_stm32f40_41xxx.o(.text)
    I2C1_ER_IRQHandler                       0x0800cebf   Thumb Code     0  startup_stm32f40_41xxx.o(.text)
    I2C1_EV_IRQHandler                       0x0800cebf   Thumb Code     0  startup_stm32f40_41xxx.o(.text)
    I2C2_ER_IRQHandler                       0x0800cebf   Thumb Code     0  startup_stm32f40_41xxx.o(.text)
    I2C2_EV_IRQHandler                       0x0800cebf   Thumb Code     0  startup_stm32f40_41xxx.o(.text)
    I2C3_ER_IRQHandler                       0x0800cebf   Thumb Code     0  startup_stm32f40_41xxx.o(.text)
    I2C3_EV_IRQHandler                       0x0800cebf   Thumb Code     0  startup_stm32f40_41xxx.o(.text)
    OTG_FS_IRQHandler                        0x0800cebf   Thumb Code     0  startup_stm32f40_41xxx.o(.text)
    OTG_FS_WKUP_IRQHandler                   0x0800cebf   Thumb Code     0  startup_stm32f40_41xxx.o(.text)
    OTG_HS_EP1_IN_IRQHandler                 0x0800cebf   Thumb Code     0  startup_stm32f40_41xxx.o(.text)
    OTG_HS_EP1_OUT_IRQHandler                0x0800cebf   Thumb Code     0  startup_stm32f40_41xxx.o(.text)
    OTG_HS_IRQHandler                        0x0800cebf   Thumb Code     0  startup_stm32f40_41xxx.o(.text)
    OTG_HS_WKUP_IRQHandler                   0x0800cebf   Thumb Code     0  startup_stm32f40_41xxx.o(.text)
    PVD_IRQHandler                           0x0800cebf   Thumb Code     0  startup_stm32f40_41xxx.o(.text)
    RCC_IRQHandler                           0x0800cebf   Thumb Code     0  startup_stm32f40_41xxx.o(.text)
    RTC_Alarm_IRQHandler                     0x0800cebf   Thumb Code     0  startup_stm32f40_41xxx.o(.text)
    RTC_WKUP_IRQHandler                      0x0800cebf   Thumb Code     0  startup_stm32f40_41xxx.o(.text)
    SDIO_IRQHandler                          0x0800cebf   Thumb Code     0  startup_stm32f40_41xxx.o(.text)
    SPI1_IRQHandler                          0x0800cebf   Thumb Code     0  startup_stm32f40_41xxx.o(.text)
    SPI2_IRQHandler                          0x0800cebf   Thumb Code     0  startup_stm32f40_41xxx.o(.text)
    SPI3_IRQHandler                          0x0800cebf   Thumb Code     0  startup_stm32f40_41xxx.o(.text)
    TAMP_STAMP_IRQHandler                    0x0800cebf   Thumb Code     0  startup_stm32f40_41xxx.o(.text)
    TIM1_BRK_TIM9_IRQHandler                 0x0800cebf   Thumb Code     0  startup_stm32f40_41xxx.o(.text)
    TIM1_CC_IRQHandler                       0x0800cebf   Thumb Code     0  startup_stm32f40_41xxx.o(.text)
    TIM1_TRG_COM_TIM11_IRQHandler            0x0800cebf   Thumb Code     0  startup_stm32f40_41xxx.o(.text)
    TIM1_UP_TIM10_IRQHandler                 0x0800cebf   Thumb Code     0  startup_stm32f40_41xxx.o(.text)
    TIM6_DAC_IRQHandler                      0x0800cebf   Thumb Code     0  startup_stm32f40_41xxx.o(.text)
    TIM8_BRK_TIM12_IRQHandler                0x0800cebf   Thumb Code     0  startup_stm32f40_41xxx.o(.text)
    TIM8_CC_IRQHandler                       0x0800cebf   Thumb Code     0  startup_stm32f40_41xxx.o(.text)
    TIM8_TRG_COM_TIM14_IRQHandler            0x0800cebf   Thumb Code     0  startup_stm32f40_41xxx.o(.text)
    TIM8_UP_TIM13_IRQHandler                 0x0800cebf   Thumb Code     0  startup_stm32f40_41xxx.o(.text)
    UART5_IRQHandler                         0x0800cebf   Thumb Code     0  startup_stm32f40_41xxx.o(.text)
    USART6_IRQHandler                        0x0800cebf   Thumb Code     0  startup_stm32f40_41xxx.o(.text)
    WWDG_IRQHandler                          0x0800cebf   Thumb Code     0  startup_stm32f40_41xxx.o(.text)
    NVIC_PriorityGroupConfig                 0x0800cec9   Thumb Code    10  misc.o(.text)
    NVIC_Init                                0x0800ced3   Thumb Code   106  misc.o(.text)
    NVIC_SetVectorTable                      0x0800cf3d   Thumb Code    14  misc.o(.text)
    NVIC_SystemLPConfig                      0x0800cf4b   Thumb Code    34  misc.o(.text)
    SysTick_CLKSourceConfig                  0x0800cf6d   Thumb Code    40  misc.o(.text)
    GPIO_DeInit                              0x0800cfa9   Thumb Code   268  stm32f4xx_gpio.o(.text)
    GPIO_Init                                0x0800d0b5   Thumb Code   144  stm32f4xx_gpio.o(.text)
    GPIO_StructInit                          0x0800d145   Thumb Code    18  stm32f4xx_gpio.o(.text)
    GPIO_PinLockConfig                       0x0800d157   Thumb Code    34  stm32f4xx_gpio.o(.text)
    GPIO_ReadInputDataBit                    0x0800d179   Thumb Code    18  stm32f4xx_gpio.o(.text)
    GPIO_ReadInputData                       0x0800d18b   Thumb Code     8  stm32f4xx_gpio.o(.text)
    GPIO_ReadOutputDataBit                   0x0800d193   Thumb Code    18  stm32f4xx_gpio.o(.text)
    GPIO_ReadOutputData                      0x0800d1a5   Thumb Code     8  stm32f4xx_gpio.o(.text)
    GPIO_SetBits                             0x0800d1ad   Thumb Code     4  stm32f4xx_gpio.o(.text)
    GPIO_ResetBits                           0x0800d1b1   Thumb Code     4  stm32f4xx_gpio.o(.text)
    GPIO_WriteBit                            0x0800d1b5   Thumb Code    10  stm32f4xx_gpio.o(.text)
    GPIO_Write                               0x0800d1bf   Thumb Code     4  stm32f4xx_gpio.o(.text)
    GPIO_ToggleBits                          0x0800d1c3   Thumb Code     8  stm32f4xx_gpio.o(.text)
    GPIO_PinAFConfig                         0x0800d1cb   Thumb Code    70  stm32f4xx_gpio.o(.text)
    RCC_DeInit                               0x0800d23d   Thumb Code    82  stm32f4xx_rcc.o(.text)
    RCC_HSEConfig                            0x0800d28f   Thumb Code    14  stm32f4xx_rcc.o(.text)
    RCC_GetFlagStatus                        0x0800d29d   Thumb Code    60  stm32f4xx_rcc.o(.text)
    RCC_WaitForHSEStartUp                    0x0800d2d9   Thumb Code    56  stm32f4xx_rcc.o(.text)
    RCC_AdjustHSICalibrationValue            0x0800d311   Thumb Code    20  stm32f4xx_rcc.o(.text)
    RCC_HSICmd                               0x0800d325   Thumb Code     6  stm32f4xx_rcc.o(.text)
    RCC_LSEConfig                            0x0800d32b   Thumb Code    46  stm32f4xx_rcc.o(.text)
    RCC_LSICmd                               0x0800d359   Thumb Code     6  stm32f4xx_rcc.o(.text)
    RCC_PLLConfig                            0x0800d35f   Thumb Code    32  stm32f4xx_rcc.o(.text)
    RCC_PLLCmd                               0x0800d37f   Thumb Code     6  stm32f4xx_rcc.o(.text)
    RCC_PLLI2SConfig                         0x0800d385   Thumb Code    14  stm32f4xx_rcc.o(.text)
    RCC_PLLI2SCmd                            0x0800d393   Thumb Code     6  stm32f4xx_rcc.o(.text)
    RCC_PLLSAIConfig                         0x0800d399   Thumb Code    20  stm32f4xx_rcc.o(.text)
    RCC_PLLSAICmd                            0x0800d3ad   Thumb Code     6  stm32f4xx_rcc.o(.text)
    RCC_ClockSecuritySystemCmd               0x0800d3b3   Thumb Code     6  stm32f4xx_rcc.o(.text)
    RCC_MCO1Config                           0x0800d3b9   Thumb Code    28  stm32f4xx_rcc.o(.text)
    RCC_MCO2Config                           0x0800d3d5   Thumb Code    28  stm32f4xx_rcc.o(.text)
    RCC_SYSCLKConfig                         0x0800d3f1   Thumb Code    20  stm32f4xx_rcc.o(.text)
    RCC_GetSYSCLKSource                      0x0800d405   Thumb Code    12  stm32f4xx_rcc.o(.text)
    RCC_HCLKConfig                           0x0800d411   Thumb Code    20  stm32f4xx_rcc.o(.text)
    RCC_PCLK1Config                          0x0800d425   Thumb Code    20  stm32f4xx_rcc.o(.text)
    RCC_PCLK2Config                          0x0800d439   Thumb Code    22  stm32f4xx_rcc.o(.text)
    RCC_GetClocksFreq                        0x0800d44f   Thumb Code   222  stm32f4xx_rcc.o(.text)
    RCC_RTCCLKConfig                         0x0800d52d   Thumb Code    54  stm32f4xx_rcc.o(.text)
    RCC_RTCCLKCmd                            0x0800d563   Thumb Code     8  stm32f4xx_rcc.o(.text)
    RCC_BackupResetCmd                       0x0800d56b   Thumb Code     8  stm32f4xx_rcc.o(.text)
    RCC_I2SCLKConfig                         0x0800d573   Thumb Code     6  stm32f4xx_rcc.o(.text)
    RCC_SAIPLLI2SClkDivConfig                0x0800d579   Thumb Code    26  stm32f4xx_rcc.o(.text)
    RCC_SAIPLLSAIClkDivConfig                0x0800d593   Thumb Code    28  stm32f4xx_rcc.o(.text)
    RCC_SAIBlockACLKConfig                   0x0800d5af   Thumb Code    20  stm32f4xx_rcc.o(.text)
    RCC_SAIBlockBCLKConfig                   0x0800d5c3   Thumb Code    20  stm32f4xx_rcc.o(.text)
    RCC_LTDCCLKDivConfig                     0x0800d5d7   Thumb Code    20  stm32f4xx_rcc.o(.text)
    RCC_TIMCLKPresConfig                     0x0800d5eb   Thumb Code     6  stm32f4xx_rcc.o(.text)
    RCC_AHB1PeriphClockCmd                   0x0800d5f1   Thumb Code    34  stm32f4xx_rcc.o(.text)
    RCC_AHB2PeriphClockCmd                   0x0800d613   Thumb Code    78  stm32f4xx_rcc.o(.text)
    RCC_AHB3PeriphClockCmd                   0x0800d661   Thumb Code    34  stm32f4xx_rcc.o(.text)
    RCC_APB1PeriphClockCmd                   0x0800d683   Thumb Code    34  stm32f4xx_rcc.o(.text)
    RCC_APB2PeriphClockCmd                   0x0800d6a5   Thumb Code    34  stm32f4xx_rcc.o(.text)
    RCC_AHB1PeriphResetCmd                   0x0800d6c7   Thumb Code    34  stm32f4xx_rcc.o(.text)
    RCC_AHB2PeriphResetCmd                   0x0800d6e9   Thumb Code    34  stm32f4xx_rcc.o(.text)
    RCC_AHB3PeriphResetCmd                   0x0800d70b   Thumb Code    34  stm32f4xx_rcc.o(.text)
    RCC_APB1PeriphResetCmd                   0x0800d72d   Thumb Code    34  stm32f4xx_rcc.o(.text)
    RCC_APB2PeriphResetCmd                   0x0800d74f   Thumb Code    34  stm32f4xx_rcc.o(.text)
    RCC_AHB1PeriphClockLPModeCmd             0x0800d771   Thumb Code    34  stm32f4xx_rcc.o(.text)
    RCC_AHB2PeriphClockLPModeCmd             0x0800d793   Thumb Code    34  stm32f4xx_rcc.o(.text)
    RCC_AHB3PeriphClockLPModeCmd             0x0800d7b5   Thumb Code    34  stm32f4xx_rcc.o(.text)
    RCC_APB1PeriphClockLPModeCmd             0x0800d7d7   Thumb Code    34  stm32f4xx_rcc.o(.text)
    RCC_APB2PeriphClockLPModeCmd             0x0800d7f9   Thumb Code    34  stm32f4xx_rcc.o(.text)
    RCC_LSEModeConfig                        0x0800d81b   Thumb Code    40  stm32f4xx_rcc.o(.text)
    RCC_ITConfig                             0x0800d843   Thumb Code    34  stm32f4xx_rcc.o(.text)
    RCC_ClearFlag                            0x0800d865   Thumb Code    18  stm32f4xx_rcc.o(.text)
    RCC_GetITStatus                          0x0800d877   Thumb Code    22  stm32f4xx_rcc.o(.text)
    RCC_ClearITPendingBit                    0x0800d88d   Thumb Code     8  stm32f4xx_rcc.o(.text)
    TIM_DeInit                               0x0800d899   Thumb Code   346  stm32f4xx_tim.o(.text)
    TIM_TimeBaseInit                         0x0800d9f3   Thumb Code   104  stm32f4xx_tim.o(.text)
    TIM_TimeBaseStructInit                   0x0800da5b   Thumb Code    18  stm32f4xx_tim.o(.text)
    TIM_PrescalerConfig                      0x0800da6d   Thumb Code     6  stm32f4xx_tim.o(.text)
    TIM_CounterModeConfig                    0x0800da73   Thumb Code    18  stm32f4xx_tim.o(.text)
    TIM_SetCounter                           0x0800da85   Thumb Code     4  stm32f4xx_tim.o(.text)
    TIM_SetAutoreload                        0x0800da89   Thumb Code     4  stm32f4xx_tim.o(.text)
    TIM_GetCounter                           0x0800da8d   Thumb Code     6  stm32f4xx_tim.o(.text)
    TIM_GetPrescaler                         0x0800da93   Thumb Code     6  stm32f4xx_tim.o(.text)
    TIM_UpdateDisableConfig                  0x0800da99   Thumb Code    24  stm32f4xx_tim.o(.text)
    TIM_UpdateRequestConfig                  0x0800dab1   Thumb Code    24  stm32f4xx_tim.o(.text)
    TIM_ARRPreloadConfig                     0x0800dac9   Thumb Code    24  stm32f4xx_tim.o(.text)
    TIM_SelectOnePulseMode                   0x0800dae1   Thumb Code    18  stm32f4xx_tim.o(.text)
    TIM_SetClockDivision                     0x0800daf3   Thumb Code    18  stm32f4xx_tim.o(.text)
    TIM_Cmd                                  0x0800db05   Thumb Code    24  stm32f4xx_tim.o(.text)
    TIM_OC1Init                              0x0800db1d   Thumb Code   114  stm32f4xx_tim.o(.text)
    TIM_OC2Init                              0x0800db8f   Thumb Code   154  stm32f4xx_tim.o(.text)
    TIM_OC3Init                              0x0800dc29   Thumb Code   204  stm32f4xx_tim.o(.text)
    TIM_OC4Init                              0x0800dcf5   Thumb Code   112  stm32f4xx_tim.o(.text)
    TIM_OCStructInit                         0x0800dd65   Thumb Code    20  stm32f4xx_tim.o(.text)
    TIM_SelectOCxM                           0x0800dd79   Thumb Code    86  stm32f4xx_tim.o(.text)
    TIM_SetCompare1                          0x0800ddcf   Thumb Code     4  stm32f4xx_tim.o(.text)
    TIM_SetCompare2                          0x0800ddd3   Thumb Code     4  stm32f4xx_tim.o(.text)
    TIM_SetCompare3                          0x0800ddd7   Thumb Code     4  stm32f4xx_tim.o(.text)
    TIM_SetCompare4                          0x0800dddb   Thumb Code     4  stm32f4xx_tim.o(.text)
    TIM_ForcedOC1Config                      0x0800dddf   Thumb Code    18  stm32f4xx_tim.o(.text)
    TIM_ForcedOC2Config                      0x0800ddf1   Thumb Code    26  stm32f4xx_tim.o(.text)
    TIM_ForcedOC3Config                      0x0800de0b   Thumb Code    18  stm32f4xx_tim.o(.text)
    TIM_ForcedOC4Config                      0x0800de1d   Thumb Code    26  stm32f4xx_tim.o(.text)
    TIM_OC1PreloadConfig                     0x0800de37   Thumb Code    18  stm32f4xx_tim.o(.text)
    TIM_OC2PreloadConfig                     0x0800de49   Thumb Code    26  stm32f4xx_tim.o(.text)
    TIM_OC3PreloadConfig                     0x0800de63   Thumb Code    18  stm32f4xx_tim.o(.text)
    TIM_OC4PreloadConfig                     0x0800de75   Thumb Code    26  stm32f4xx_tim.o(.text)
    TIM_OC1FastConfig                        0x0800de8f   Thumb Code    18  stm32f4xx_tim.o(.text)
    TIM_OC2FastConfig                        0x0800dea1   Thumb Code    26  stm32f4xx_tim.o(.text)
    TIM_OC3FastConfig                        0x0800debb   Thumb Code    18  stm32f4xx_tim.o(.text)
    TIM_OC4FastConfig                        0x0800decd   Thumb Code    26  stm32f4xx_tim.o(.text)
    TIM_ClearOC1Ref                          0x0800dee7   Thumb Code    18  stm32f4xx_tim.o(.text)
    TIM_ClearOC2Ref                          0x0800def9   Thumb Code    24  stm32f4xx_tim.o(.text)
    TIM_ClearOC3Ref                          0x0800df11   Thumb Code    18  stm32f4xx_tim.o(.text)
    TIM_ClearOC4Ref                          0x0800df23   Thumb Code    24  stm32f4xx_tim.o(.text)
    TIM_OC1PolarityConfig                    0x0800df3b   Thumb Code    18  stm32f4xx_tim.o(.text)
    TIM_OC1NPolarityConfig                   0x0800df4d   Thumb Code    18  stm32f4xx_tim.o(.text)
    TIM_OC2PolarityConfig                    0x0800df5f   Thumb Code    26  stm32f4xx_tim.o(.text)
    TIM_OC2NPolarityConfig                   0x0800df79   Thumb Code    26  stm32f4xx_tim.o(.text)
    TIM_OC3PolarityConfig                    0x0800df93   Thumb Code    26  stm32f4xx_tim.o(.text)
    TIM_OC3NPolarityConfig                   0x0800dfad   Thumb Code    26  stm32f4xx_tim.o(.text)
    TIM_OC4PolarityConfig                    0x0800dfc7   Thumb Code    26  stm32f4xx_tim.o(.text)
    TIM_CCxCmd                               0x0800dfe1   Thumb Code    30  stm32f4xx_tim.o(.text)
    TIM_CCxNCmd                              0x0800dfff   Thumb Code    30  stm32f4xx_tim.o(.text)
    TIM_SetIC4Prescaler                      0x0800e01d   Thumb Code    26  stm32f4xx_tim.o(.text)
    TIM_SetIC3Prescaler                      0x0800e087   Thumb Code    18  stm32f4xx_tim.o(.text)
    TIM_SetIC2Prescaler                      0x0800e0e1   Thumb Code    26  stm32f4xx_tim.o(.text)
    TIM_SetIC1Prescaler                      0x0800e155   Thumb Code    18  stm32f4xx_tim.o(.text)
    TIM_ICInit                               0x0800e1a1   Thumb Code   110  stm32f4xx_tim.o(.text)
    TIM_ICStructInit                         0x0800e20f   Thumb Code    18  stm32f4xx_tim.o(.text)
    TIM_PWMIConfig                           0x0800e221   Thumb Code   124  stm32f4xx_tim.o(.text)
    TIM_GetCapture1                          0x0800e29d   Thumb Code     6  stm32f4xx_tim.o(.text)
    TIM_GetCapture2                          0x0800e2a3   Thumb Code     6  stm32f4xx_tim.o(.text)
    TIM_GetCapture3                          0x0800e2a9   Thumb Code     6  stm32f4xx_tim.o(.text)
    TIM_GetCapture4                          0x0800e2af   Thumb Code     6  stm32f4xx_tim.o(.text)
    TIM_BDTRConfig                           0x0800e2b5   Thumb Code    32  stm32f4xx_tim.o(.text)
    TIM_BDTRStructInit                       0x0800e2d5   Thumb Code    18  stm32f4xx_tim.o(.text)
    TIM_CtrlPWMOutputs                       0x0800e2e7   Thumb Code    30  stm32f4xx_tim.o(.text)
    TIM_SelectCOM                            0x0800e305   Thumb Code    24  stm32f4xx_tim.o(.text)
    TIM_CCPreloadControl                     0x0800e31d   Thumb Code    24  stm32f4xx_tim.o(.text)
    TIM_ITConfig                             0x0800e335   Thumb Code    18  stm32f4xx_tim.o(.text)
    TIM_GenerateEvent                        0x0800e347   Thumb Code     4  stm32f4xx_tim.o(.text)
    TIM_GetFlagStatus                        0x0800e34b   Thumb Code    18  stm32f4xx_tim.o(.text)
    TIM_ClearFlag                            0x0800e35d   Thumb Code     6  stm32f4xx_tim.o(.text)
    TIM_GetITStatus                          0x0800e363   Thumb Code    34  stm32f4xx_tim.o(.text)
    TIM_ClearITPendingBit                    0x0800e385   Thumb Code     6  stm32f4xx_tim.o(.text)
    TIM_DMAConfig                            0x0800e38b   Thumb Code    10  stm32f4xx_tim.o(.text)
    TIM_DMACmd                               0x0800e395   Thumb Code    18  stm32f4xx_tim.o(.text)
    TIM_SelectCCDMA                          0x0800e3a7   Thumb Code    24  stm32f4xx_tim.o(.text)
    TIM_InternalClockConfig                  0x0800e3bf   Thumb Code    12  stm32f4xx_tim.o(.text)
    TIM_SelectInputTrigger                   0x0800e3cb   Thumb Code    18  stm32f4xx_tim.o(.text)
    TIM_ITRxExternalClockConfig              0x0800e3dd   Thumb Code    24  stm32f4xx_tim.o(.text)
    TIM_TIxExternalClockConfig               0x0800e3f5   Thumb Code    62  stm32f4xx_tim.o(.text)
    TIM_ETRConfig                            0x0800e433   Thumb Code    28  stm32f4xx_tim.o(.text)
    TIM_ETRClockMode1Config                  0x0800e44f   Thumb Code    54  stm32f4xx_tim.o(.text)
    TIM_ETRClockMode2Config                  0x0800e485   Thumb Code    32  stm32f4xx_tim.o(.text)
    TIM_SelectOutputTrigger                  0x0800e4a5   Thumb Code    18  stm32f4xx_tim.o(.text)
    TIM_SelectSlaveMode                      0x0800e4b7   Thumb Code    18  stm32f4xx_tim.o(.text)
    TIM_SelectMasterSlaveMode                0x0800e4c9   Thumb Code    18  stm32f4xx_tim.o(.text)
    TIM_EncoderInterfaceConfig               0x0800e4db   Thumb Code    66  stm32f4xx_tim.o(.text)
    TIM_SelectHallSensor                     0x0800e51d   Thumb Code    24  stm32f4xx_tim.o(.text)
    TIM_RemapConfig                          0x0800e535   Thumb Code     6  stm32f4xx_tim.o(.text)
    USART_DeInit                             0x0800e53d   Thumb Code   206  stm32f4xx_usart.o(.text)
    USART_Init                               0x0800e60b   Thumb Code   204  stm32f4xx_usart.o(.text)
    USART_StructInit                         0x0800e6d7   Thumb Code    24  stm32f4xx_usart.o(.text)
    USART_ClockInit                          0x0800e6ef   Thumb Code    32  stm32f4xx_usart.o(.text)
    USART_ClockStructInit                    0x0800e70f   Thumb Code    12  stm32f4xx_usart.o(.text)
    USART_Cmd                                0x0800e71b   Thumb Code    24  stm32f4xx_usart.o(.text)
    USART_SetPrescaler                       0x0800e733   Thumb Code    16  stm32f4xx_usart.o(.text)
    USART_OverSampling8Cmd                   0x0800e743   Thumb Code    22  stm32f4xx_usart.o(.text)
    USART_OneBitMethodCmd                    0x0800e759   Thumb Code    24  stm32f4xx_usart.o(.text)
    USART_SendData                           0x0800e771   Thumb Code     8  stm32f4xx_usart.o(.text)
    USART_ReceiveData                        0x0800e779   Thumb Code    10  stm32f4xx_usart.o(.text)
    USART_SetAddress                         0x0800e783   Thumb Code    18  stm32f4xx_usart.o(.text)
    USART_ReceiverWakeUpCmd                  0x0800e795   Thumb Code    24  stm32f4xx_usart.o(.text)
    USART_WakeUpConfig                       0x0800e7ad   Thumb Code    18  stm32f4xx_usart.o(.text)
    USART_LINBreakDetectLengthConfig         0x0800e7bf   Thumb Code    18  stm32f4xx_usart.o(.text)
    USART_LINCmd                             0x0800e7d1   Thumb Code    24  stm32f4xx_usart.o(.text)
    USART_SendBreak                          0x0800e7e9   Thumb Code    10  stm32f4xx_usart.o(.text)
    USART_HalfDuplexCmd                      0x0800e7f3   Thumb Code    24  stm32f4xx_usart.o(.text)
    USART_SetGuardTime                       0x0800e80b   Thumb Code    16  stm32f4xx_usart.o(.text)
    USART_SmartCardCmd                       0x0800e81b   Thumb Code    24  stm32f4xx_usart.o(.text)
    USART_SmartCardNACKCmd                   0x0800e833   Thumb Code    24  stm32f4xx_usart.o(.text)
    USART_IrDAConfig                         0x0800e84b   Thumb Code    18  stm32f4xx_usart.o(.text)
    USART_IrDACmd                            0x0800e85d   Thumb Code    24  stm32f4xx_usart.o(.text)
    USART_DMACmd                             0x0800e875   Thumb Code    18  stm32f4xx_usart.o(.text)
    USART_ITConfig                           0x0800e887   Thumb Code    74  stm32f4xx_usart.o(.text)
    USART_GetFlagStatus                      0x0800e8d1   Thumb Code    26  stm32f4xx_usart.o(.text)
    USART_ClearFlag                          0x0800e8eb   Thumb Code    18  stm32f4xx_usart.o(.text)
    USART_GetITStatus                        0x0800e8fd   Thumb Code   118  stm32f4xx_usart.o(.text)
    USART_ClearITPendingBit                  0x0800e973   Thumb Code    30  stm32f4xx_usart.o(.text)
    __aeabi_dmul                             0x0800e991   Thumb Code   228  dmul.o(.text)
    __aeabi_ddiv                             0x0800ea75   Thumb Code   222  ddiv.o(.text)
    __aeabi_ui2d                             0x0800eb53   Thumb Code    26  dfltui.o(.text)
    __aeabi_d2iz                             0x0800eb6d   Thumb Code    62  dfixi.o(.text)
    __aeabi_f2d                              0x0800ebab   Thumb Code    38  f2d.o(.text)
    __aeabi_cdcmpeq                          0x0800ebd1   Thumb Code     0  cdcmple.o(.text)
    __aeabi_cdcmple                          0x0800ebd1   Thumb Code    48  cdcmple.o(.text)
    __aeabi_d2f                              0x0800ec01   Thumb Code    56  d2f.o(.text)
    __aeabi_llsr                             0x0800ec39   Thumb Code    32  llushr.o(.text)
    _ll_ushift_r                             0x0800ec39   Thumb Code     0  llushr.o(.text)
    __I$use$fp                               0x0800ec59   Thumb Code     0  iusefp.o(.text)
    _float_round                             0x0800ec59   Thumb Code    18  fepilogue.o(.text)
    _float_epilogue                          0x0800ec6b   Thumb Code    92  fepilogue.o(.text)
    _double_round                            0x0800ecc7   Thumb Code    30  depilogue.o(.text)
    _double_epilogue                         0x0800ece5   Thumb Code   156  depilogue.o(.text)
    _dsqrt                                   0x0800ed81   Thumb Code   162  dsqrt.o(.text)
    __scatterload                            0x0800ee25   Thumb Code    28  init.o(.text)
    __scatterload_rt2                        0x0800ee25   Thumb Code     0  init.o(.text)
    __aeabi_llsl                             0x0800ee49   Thumb Code    30  llshl.o(.text)
    _ll_shift_l                              0x0800ee49   Thumb Code     0  llshl.o(.text)
    __decompress                             0x0800ee67   Thumb Code     0  __dczerorl2.o(.text)
    __decompress1                            0x0800ee67   Thumb Code    86  __dczerorl2.o(.text)
    __hardfp_fabs                            0x0800eebd   Thumb Code    20  fabs.o(i.__hardfp_fabs)
    __hardfp_sqrt                            0x0800eed1   Thumb Code   122  sqrt.o(i.__hardfp_sqrt)
    __scatterload_copy                       0x0800ef4b   Thumb Code    14  handlers.o(i.__scatterload_copy)
    __scatterload_null                       0x0800ef59   Thumb Code     2  handlers.o(i.__scatterload_null)
    __scatterload_zeroinit                   0x0800ef5b   Thumb Code    14  handlers.o(i.__scatterload_zeroinit)
    __set_errno                              0x0800ef69   Thumb Code     6  errno.o(i.__set_errno)
    Region$$Table$$Base                      0x0800ef74   Number         0  anon$$obj.o(Region$$Table)
    Region$$Table$$Limit                     0x0800ef94   Number         0  anon$$obj.o(Region$$Table)
    Execute_flag                             0x20000044   Data           1  task.o(.data)
    Execute_X_flag                           0x20000045   Data           1  task.o(.data)
    Execute_Y_flag                           0x20000046   Data           1  task.o(.data)
    Error_X                                  0x20000048   Data           4  task.o(.data)
    Error_Y                                  0x2000004c   Data           4  task.o(.data)
    detime                                   0x2000007c   Data           4  pid.o(.data)
    Serial_RxFlag                            0x20000080   Data           1  communication.o(.data)
    QR_Code                                  0x20000081   Data           6  communication.o(.data)
    WuKuai                                   0x20000087   Data           1  communication.o(.data)
    SeHuan                                   0x20000088   Data           1  communication.o(.data)
    flag                                     0x2000008c   Data           4  communication.o(.data)
    stcTime                                  0x20000094   Data           8  jy901b.o(.data)
    stcAcc                                   0x2000009c   Data           8  jy901b.o(.data)
    stcGyro                                  0x200000a4   Data           8  jy901b.o(.data)
    stcAngle                                 0x200000ac   Data           8  jy901b.o(.data)
    stcMag                                   0x200000b4   Data           8  jy901b.o(.data)
    stcDStatus                               0x200000bc   Data           8  jy901b.o(.data)
    stcPress                                 0x200000c4   Data           8  jy901b.o(.data)
    stcLonLat                                0x200000cc   Data           8  jy901b.o(.data)
    stcGPSV                                  0x200000d4   Data           8  jy901b.o(.data)
    stcQ                                     0x200000dc   Data           8  jy901b.o(.data)
    ACCCALSW                                 0x200000e4   Data           5  jy901b.o(.data)
    SAVACALSW                                0x200000e9   Data           5  jy901b.o(.data)
    stepPosition                             0x200000fc   Data           4  main.o(.data)
    stepPosition_Y                           0x20000100   Data           4  main.o(.data)
    stepPosition_Z                           0x20000104   Data           4  main.o(.data)
    stepPosition_Turn_Z                      0x20000108   Data           4  main.o(.data)
    Turn_Step                                0x2000010c   Data           4  main.o(.data)
    duizheng_step_X                          0x20000110   Data           4  main.o(.data)
    duizheng_step_Y                          0x20000114   Data           4  main.o(.data)
    Receive_Roll                             0x20000118   Data           4  main.o(.data)
    Receive_Pitch                            0x2000011c   Data           4  main.o(.data)
    Receive_Yaw                              0x20000120   Data           4  main.o(.data)
    yaw                                      0x20000124   Data           4  main.o(.data)
    sum                                      0x20000128   Data           4  main.o(.data)
    Yaw_last                                 0x2000012c   Data           4  main.o(.data)
    Turn_Angle                               0x20000130   Data           4  main.o(.data)
    Angle_output                             0x20000134   Data           4  main.o(.data)
    count                                    0x20000138   Data           4  main.o(.data)
    task_code1                               0x2000013c   Data           4  main.o(.data)
    task_code2                               0x20000140   Data           4  main.o(.data)
    map_flag                                 0x20000144   Data           1  main.o(.data)
    Stop_flag                                0x20000145   Data           1  main.o(.data)
    flag_a                                   0x20000146   Data           1  main.o(.data)
    grab_flag                                0x20000147   Data           1  main.o(.data)
    grab_filish_flag                         0x20000148   Data           1  main.o(.data)
    place_flag                               0x20000149   Data           1  main.o(.data)
    place_filish_flag                        0x2000014a   Data           1  main.o(.data)
    pile_flag                                0x2000014b   Data           1  main.o(.data)
    pile_filish_flag                         0x2000014c   Data           1  main.o(.data)
    Turntable_flag                           0x2000014d   Data           1  main.o(.data)
    Turntable_filish_flag                    0x2000014e   Data           1  main.o(.data)
    task_flag                                0x2000014f   Data           1  main.o(.data)
    task_filish_flag                         0x20000150   Data           1  main.o(.data)
    mission_flag                             0x20000151   Data           1  main.o(.data)
    mission_filish_flag                      0x20000152   Data           1  main.o(.data)
    Turntable_task_flag                      0x20000153   Data           1  main.o(.data)
    Turntable_task_filish_flag               0x20000154   Data           1  main.o(.data)
    Angle_flag                               0x20000155   Data           1  main.o(.data)
    i                                        0x20000158   Data           4  main.o(.data)
    c                                        0x2000015c   Data           4  main.o(.data)
    sstep                                    0x20000160   Data           4  main.o(.data)
    SystemCoreClock                          0x20000164   Data           4  system_stm32f4xx.o(.data)
    AHBPrescTable                            0x20000168   Data          16  system_stm32f4xx.o(.data)
    __stdout                                 0x20000178   Data           4  usart.o(.data)
    USART_RX_STA                             0x2000017c   Data           2  usart.o(.data)
    srd_Move                                 0x20000198   Data          24  move.o(.bss)
    srd_Y                                    0x200001b0   Data          24  action_y.o(.bss)
    srd_Z                                    0x200001c8   Data          24  action_z.o(.bss)
    srd_Turn_Z                               0x200001e0   Data          24  action_turn_z.o(.bss)
    PID                                      0x200001f8   Data          36  pid.o(.bss)
    Pid                                      0x2000021c   Data          36  pid.o(.bss)
    USART_RX_BUF                             0x2000043a   Data         200  usart.o(.bss)
    __initial_sp                             0x20000908   Data           0  startup_stm32f40_41xxx.o(STACK)



==============================================================================

Memory Map of the image

  Image Entry point : 0x08000189

  Load Region LR_IROM1 (Base: 0x08000000, Size: 0x0000f12c, Max: 0x00080000, ABSOLUTE, COMPRESSED[0x0000efcc])

    Execution Region ER_IROM1 (Exec base: 0x08000000, Load base: 0x08000000, Size: 0x0000ef94, Max: 0x00080000, ABSOLUTE)

    Exec Addr    Load Addr    Size         Type   Attr      Idx    E Section Name        Object

    0x08000000   0x08000000   0x00000188   Data   RO          829    RESET               startup_stm32f40_41xxx.o
    0x08000188   0x08000188   0x00000000   Code   RO         1647  * .ARM.Collect$$$$00000000  mc_w.l(entry.o)
    0x08000188   0x08000188   0x00000004   Code   RO         1664    .ARM.Collect$$$$00000001  mc_w.l(entry2.o)
    0x0800018c   0x0800018c   0x00000004   Code   RO         1667    .ARM.Collect$$$$00000004  mc_w.l(entry5.o)
    0x08000190   0x08000190   0x00000000   Code   RO         1669    .ARM.Collect$$$$00000008  mc_w.l(entry7b.o)
    0x08000190   0x08000190   0x00000000   Code   RO         1671    .ARM.Collect$$$$0000000A  mc_w.l(entry8b.o)
    0x08000190   0x08000190   0x00000008   Code   RO         1672    .ARM.Collect$$$$0000000B  mc_w.l(entry9a.o)
    0x08000198   0x08000198   0x00000004   Code   RO         1679    .ARM.Collect$$$$0000000E  mc_w.l(entry12b.o)
    0x0800019c   0x0800019c   0x00000000   Code   RO         1674    .ARM.Collect$$$$0000000F  mc_w.l(entry10a.o)
    0x0800019c   0x0800019c   0x00000000   Code   RO         1676    .ARM.Collect$$$$00000011  mc_w.l(entry11a.o)
    0x0800019c   0x0800019c   0x00000004   Code   RO         1665    .ARM.Collect$$$$00002712  mc_w.l(entry2.o)
    0x080001a0   0x080001a0   0x00000888   Code   RO            3    .text               move.o
    0x08000a28   0x08000a28   0x000005d4   Code   RO          203    .text               action_y.o
    0x08000ffc   0x08000ffc   0x000005a4   Code   RO          227    .text               action_z.o
    0x080015a0   0x080015a0   0x000005ac   Code   RO          251    .text               action_turn_z.o
    0x08001b4c   0x08001b4c   0x00002bd4   Code   RO          278    .text               action.o
    0x08004720   0x08004720   0x0000518c   Code   RO          299    .text               task.o
    0x080098ac   0x080098ac   0x000016d0   Code   RO          322    .text               turntable.o
    0x0800af7c   0x0800af7c   0x00000274   Code   RO          343    .text               pid.o
    0x0800b1f0   0x0800b1f0   0x000002e0   Code   RO          377    .text               servo.o
    0x0800b4d0   0x0800b4d0   0x00000410   Code   RO          397    .text               communication.o
    0x0800b8e0   0x0800b8e0   0x0000037c   Code   RO          424    .text               jy901b.o
    0x0800bc5c   0x0800bc5c   0x00000cf8   Code   RO          451    .text               main.o
    0x0800c954   0x0800c954   0x0000001a   Code   RO          507    .text               stm32f4xx_it.o
    0x0800c96e   0x0800c96e   0x00000002   PAD
    0x0800c970   0x0800c970   0x00000210   Code   RO          631    .text               system_stm32f4xx.o
    0x0800cb80   0x0800cb80   0x00000054   Code   RO          700    .text               system.o
    0x0800cbd4   0x0800cbd4   0x0000014c   Code   RO          737    .text               usart.o
    0x0800cd20   0x0800cd20   0x00000104   Code   RO          774    .text               delay.o
    0x0800ce24   0x0800ce24   0x00000080   Code   RO          802    .text               timer.o
    0x0800cea4   0x0800cea4   0x00000024   Code   RO          830    .text               startup_stm32f40_41xxx.o
    0x0800cec8   0x0800cec8   0x000000e0   Code   RO          836    .text               misc.o
    0x0800cfa8   0x0800cfa8   0x00000294   Code   RO         1221    .text               stm32f4xx_gpio.o
    0x0800d23c   0x0800d23c   0x0000065c   Code   RO         1399    .text               stm32f4xx_rcc.o
    0x0800d898   0x0800d898   0x00000ca2   Code   RO         1562    .text               stm32f4xx_tim.o
    0x0800e53a   0x0800e53a   0x00000002   PAD
    0x0800e53c   0x0800e53c   0x00000454   Code   RO         1585    .text               stm32f4xx_usart.o
    0x0800e990   0x0800e990   0x000000e4   Code   RO         1650    .text               mf_w.l(dmul.o)
    0x0800ea74   0x0800ea74   0x000000de   Code   RO         1652    .text               mf_w.l(ddiv.o)
    0x0800eb52   0x0800eb52   0x0000001a   Code   RO         1654    .text               mf_w.l(dfltui.o)
    0x0800eb6c   0x0800eb6c   0x0000003e   Code   RO         1656    .text               mf_w.l(dfixi.o)
    0x0800ebaa   0x0800ebaa   0x00000026   Code   RO         1658    .text               mf_w.l(f2d.o)
    0x0800ebd0   0x0800ebd0   0x00000030   Code   RO         1660    .text               mf_w.l(cdcmple.o)
    0x0800ec00   0x0800ec00   0x00000038   Code   RO         1662    .text               mf_w.l(d2f.o)
    0x0800ec38   0x0800ec38   0x00000020   Code   RO         1680    .text               mc_w.l(llushr.o)
    0x0800ec58   0x0800ec58   0x00000000   Code   RO         1689    .text               mc_w.l(iusefp.o)
    0x0800ec58   0x0800ec58   0x0000006e   Code   RO         1690    .text               mf_w.l(fepilogue.o)
    0x0800ecc6   0x0800ecc6   0x000000ba   Code   RO         1692    .text               mf_w.l(depilogue.o)
    0x0800ed80   0x0800ed80   0x000000a2   Code   RO         1694    .text               mf_w.l(dsqrt.o)
    0x0800ee22   0x0800ee22   0x00000002   PAD
    0x0800ee24   0x0800ee24   0x00000024   Code   RO         1696    .text               mc_w.l(init.o)
    0x0800ee48   0x0800ee48   0x0000001e   Code   RO         1698    .text               mc_w.l(llshl.o)
    0x0800ee66   0x0800ee66   0x00000056   Code   RO         1708    .text               mc_w.l(__dczerorl2.o)
    0x0800eebc   0x0800eebc   0x00000014   Code   RO         1629    i.__hardfp_fabs     m_wm.l(fabs.o)
    0x0800eed0   0x0800eed0   0x0000007a   Code   RO         1635    i.__hardfp_sqrt     m_wm.l(sqrt.o)
    0x0800ef4a   0x0800ef4a   0x0000000e   Code   RO         1702    i.__scatterload_copy  mc_w.l(handlers.o)
    0x0800ef58   0x0800ef58   0x00000002   Code   RO         1703    i.__scatterload_null  mc_w.l(handlers.o)
    0x0800ef5a   0x0800ef5a   0x0000000e   Code   RO         1704    i.__scatterload_zeroinit  mc_w.l(handlers.o)
    0x0800ef68   0x0800ef68   0x0000000c   Code   RO         1684    i.__set_errno       mc_w.l(errno.o)
    0x0800ef74   0x0800ef74   0x00000020   Data   RO         1700    Region$$Table       anon$$obj.o


    Execution Region RW_IRAM1 (Exec base: 0x20000000, Load base: 0x0800ef94, Size: 0x00000908, Max: 0x00020000, ABSOLUTE, COMPRESSED[0x00000038])

    Exec Addr    Load Addr    Size         Type   Attr      Idx    E Section Name        Object

    0x20000000   COMPRESSED   0x0000000c   Data   RW            5    .data               move.o
    0x2000000c   COMPRESSED   0x0000000c   Data   RW          205    .data               action_y.o
    0x20000018   COMPRESSED   0x0000000c   Data   RW          229    .data               action_z.o
    0x20000024   COMPRESSED   0x0000000c   Data   RW          253    .data               action_turn_z.o
    0x20000030   COMPRESSED   0x00000012   Data   RW          279    .data               action.o
    0x20000042   COMPRESSED   0x00000002   PAD
    0x20000044   COMPRESSED   0x00000024   Data   RW          300    .data               task.o
    0x20000068   COMPRESSED   0x00000012   Data   RW          323    .data               turntable.o
    0x2000007a   COMPRESSED   0x00000002   PAD
    0x2000007c   COMPRESSED   0x00000004   Data   RW          345    .data               pid.o
    0x20000080   COMPRESSED   0x00000013   Data   RW          398    .data               communication.o
    0x20000093   COMPRESSED   0x00000001   PAD
    0x20000094   COMPRESSED   0x00000068   Data   RW          426    .data               jy901b.o
    0x200000fc   COMPRESSED   0x00000068   Data   RW          452    .data               main.o
    0x20000164   COMPRESSED   0x00000014   Data   RW          632    .data               system_stm32f4xx.o
    0x20000178   COMPRESSED   0x00000006   Data   RW          739    .data               usart.o
    0x2000017e   COMPRESSED   0x00000004   Data   RW          775    .data               delay.o
    0x20000182   COMPRESSED   0x00000010   Data   RW         1400    .data               stm32f4xx_rcc.o
    0x20000192   COMPRESSED   0x00000002   PAD
    0x20000194   COMPRESSED   0x00000004   Data   RW         1685    .data               mc_w.l(errno.o)
    0x20000198        -       0x00000018   Zero   RW            4    .bss                move.o
    0x200001b0        -       0x00000018   Zero   RW          204    .bss                action_y.o
    0x200001c8        -       0x00000018   Zero   RW          228    .bss                action_z.o
    0x200001e0        -       0x00000018   Zero   RW          252    .bss                action_turn_z.o
    0x200001f8        -       0x00000048   Zero   RW          344    .bss                pid.o
    0x20000240        -       0x000001fa   Zero   RW          425    .bss                jy901b.o
    0x2000043a        -       0x000000c8   Zero   RW          738    .bss                usart.o
    0x20000502   COMPRESSED   0x00000006   PAD
    0x20000508        -       0x00000400   Zero   RW          827    STACK               startup_stm32f40_41xxx.o


==============================================================================

Image component sizes


      Code (inc. data)   RO Data    RW Data    ZI Data      Debug   Object Name

     11220        978          0         18          0       8610   action.o
      1452         74          0         12         24       2890   action_turn_z.o
      1492         78          0         12         24       2836   action_y.o
      1444         74          0         12         24       2824   action_z.o
      1040         48          0         19          0       3413   communication.o
       260          8          0          4          0       1437   delay.o
       892        102          0        104        506       5417   jy901b.o
      3320        266          0        104          0       4669   main.o
       224         20          0          0          0       3401   misc.o
      2184        108          0         12         24     271868   move.o
       628         48          0          4         72       2306   pid.o
       736         32          0          0          0       2214   servo.o
        36          8        392          0       1024        816   startup_stm32f40_41xxx.o
       660         44          0          0          0      11049   stm32f4xx_gpio.o
        26          0          0          0          0      29346   stm32f4xx_it.o
      1628         52          0         16          0      28220   stm32f4xx_rcc.o
      3234         60          0          0          0      42660   stm32f4xx_tim.o
      1108         34          0          0          0      13772   stm32f4xx_usart.o
         0          0          0          0          0     229124   sys.o
        84          0          0          0          0        522   system.o
       528         46          0         20          0       1783   system_stm32f4xx.o
     20876       1760          0         36          0      15349   task.o
       128          8          0          0          0        810   timer.o
      5840        464          0         18          0       6368   turntable.o
       332         18          0          6        200       3210   usart.o

    ----------------------------------------------------------------------
     59376       4330        424        404       1904     694914   Object Totals
         0          0         32          0          0          0   (incl. Generated)
         4          0          0          7          6          0   (incl. Padding)

    ----------------------------------------------------------------------

      Code (inc. data)   RO Data    RW Data    ZI Data      Debug   Library Member Name

        20          0          0          0          0        124   fabs.o
       122          0          0          0          0        148   sqrt.o
        86          0          0          0          0          0   __dczerorl2.o
         0          0          0          0          0          0   entry.o
         0          0          0          0          0          0   entry10a.o
         0          0          0          0          0          0   entry11a.o
         4          0          0          0          0          0   entry12b.o
         8          4          0          0          0          0   entry2.o
         4          0          0          0          0          0   entry5.o
         0          0          0          0          0          0   entry7b.o
         0          0          0          0          0          0   entry8b.o
         8          4          0          0          0          0   entry9a.o
        12          6          0          4          0         68   errno.o
        30          0          0          0          0          0   handlers.o
        36          8          0          0          0         68   init.o
         0          0          0          0          0          0   iusefp.o
        30          0          0          0          0         68   llshl.o
        32          0          0          0          0         68   llushr.o
        48          0          0          0          0         68   cdcmple.o
        56          0          0          0          0         88   d2f.o
       222          0          0          0          0        100   ddiv.o
       186          0          0          0          0        176   depilogue.o
        62          0          0          0          0         80   dfixi.o
        26          0          0          0          0         76   dfltui.o
       228          0          0          0          0         96   dmul.o
       162          0          0          0          0        100   dsqrt.o
        38          0          0          0          0         68   f2d.o
       110          0          0          0          0        168   fepilogue.o

    ----------------------------------------------------------------------
      1532         22          0          4          0       1564   Library Totals
         2          0          0          0          0          0   (incl. Padding)

    ----------------------------------------------------------------------

      Code (inc. data)   RO Data    RW Data    ZI Data      Debug   Library Name

       142          0          0          0          0        272   m_wm.l
       250         22          0          4          0        272   mc_w.l
      1138          0          0          0          0       1020   mf_w.l

    ----------------------------------------------------------------------
      1532         22          0          4          0       1564   Library Totals

    ----------------------------------------------------------------------

==============================================================================


      Code (inc. data)   RO Data    RW Data    ZI Data      Debug   

     60908       4352        424        408       1904     691990   Grand Totals
     60908       4352        424         56       1904     691990   ELF Image Totals (compressed)
     60908       4352        424         56          0          0   ROM Totals

==============================================================================

    Total RO  Size (Code + RO Data)                61332 (  59.89kB)
    Total RW  Size (RW Data + ZI Data)              2312 (   2.26kB)
    Total ROM Size (Code + RO Data + RW Data)      61388 (  59.95kB)

==============================================================================

